2026-02-09 12:30:42,053 | INFO | Log file: logs\masaz_wroclaw_20260209_123042.log
2026-02-09 12:30:42,054 | INFO | === Fetching data from Panorama Firm ===
2026-02-09 12:30:42,054 | INFO | Scraping data from Panorama Firm for: masaz in Wrocław
2026-02-09 12:30:42,054 | INFO | Fetching page 1 from Panorama Firm...
2026-02-09 12:30:42,921 | INFO | No more results found on page 1
2026-02-09 12:30:42,922 | INFO | === Fetching data from PKT.pl ===
2026-02-09 12:30:42,922 | INFO | Scraping data from PKT.pl for: masaz in Wrocław
2026-02-09 12:30:42,922 | INFO | Fetching page 1 from PKT.pl...
2026-02-09 12:30:43,815 | INFO | No more results found on page 1
2026-02-09 12:30:43,816 | INFO | === Fetching data from Booksy ===
2026-02-09 12:30:46,272 | INFO | Scraping Booksy category 'masaz' for Wrocław
2026-02-09 12:30:49,024 | INFO | Booksy: found 20 listings on page 1
2026-02-09 12:30:52,348 | INFO | Booksy: found 20 listings on page 2
2026-02-09 12:30:55,520 | INFO | Booksy: found 20 listings on page 3
2026-02-09 12:30:56,783 | INFO | === Fetching data from SPAeden rankings ===
2026-02-09 12:30:57,375 | INFO | SPAeden: extracted 13 ranking entries
2026-02-09 12:30:57,376 | INFO | === Fetching data from Fresha ===
2026-02-09 12:30:57,736 | WARNING | Fresha: error fetching https://www.fresha.com/lp/en/bt/massage/in/pl-wroclaw: 404 Client Error: Not Found for url: https://www.fresha.com/lp/en/bt/massage/in/pl-wroclaw
2026-02-09 12:30:57,736 | INFO | === Fetching data from Moment.pl ===
2026-02-09 12:30:57,736 | INFO | Moment.pl redirects to Booksy; reusing Booksy results.
2026-02-09 12:31:00,188 | INFO | Scraping Booksy category 'masaz' for Wrocław
2026-02-09 12:31:01,786 | INFO | Booksy: found 20 listings on page 1
2026-02-09 12:31:05,167 | INFO | Booksy: found 20 listings on page 2
2026-02-09 12:31:09,093 | INFO | Booksy: found 20 listings on page 3
2026-02-09 12:31:10,647 | INFO | === Fetching data from Cylex ===
2026-02-09 12:31:19,428 | WARNING | Cylex: Cloudflare block detected for https://www.cylex-polska.pl/firmy/?q=masaz+Wroc%C5%82aw
2026-02-09 12:31:27,376 | WARNING | Cylex: Cloudflare block detected for https://www.cylex-polska.pl/firmy?q=masaz+Wroc%C5%82aw
2026-02-09 12:31:35,687 | WARNING | Cylex: Cloudflare block detected for https://www.cylex-polska.pl/masaz.html
2026-02-09 12:31:43,951 | WARNING | Cylex: Cloudflare block detected for https://www.cylex-polska.pl/wroclaw/?q=masaz+Wroc%C5%82aw
2026-02-09 12:31:52,270 | WARNING | Cylex: Cloudflare block detected for https://www.cylex-polska.pl/wroclaw/
2026-02-09 12:31:52,270 | INFO | === Fetching data from Oferteo ===
2026-02-09 12:32:04,867 | INFO | Oferteo: collected 8 profiles from https://www.oferteo.pl/masazysci/wroclaw
2026-02-09 12:32:07,093 | INFO | Oferteo: collected 8 profiles from https://www.oferteo.pl/masazysci/wroclaw?page=2
2026-02-09 12:32:09,491 | INFO | Oferteo: collected 8 profiles from https://www.oferteo.pl/masazysci/wroclaw?page=3
2026-02-09 12:32:11,500 | INFO | Oferteo: collected 8 profiles from https://www.oferteo.pl/masaz/wroclaw
2026-02-09 12:32:13,914 | INFO | Oferteo: collected 8 profiles from https://www.oferteo.pl/masaz/wroclaw?page=2
2026-02-09 12:32:16,041 | INFO | Oferteo: collected 8 profiles from https://www.oferteo.pl/masaz/wroclaw?page=3
2026-02-09 12:32:35,919 | INFO | Oferteo: collected 8 profiles from https://www.oferteo.pl/firmy/wroclaw?q=masaz
2026-02-09 12:32:35,920 | INFO | === Fetching data from Firmy.net ===
2026-02-09 12:32:39,673 | INFO | Firmy.net: collected 14 profiles
2026-02-09 12:32:39,673 | INFO | === Fetching data from BiznesFinder ===
2026-02-09 12:32:41,715 | INFO | BiznesFinder: collected 0 profiles
2026-02-09 12:32:41,716 | INFO | === Fetching data from ZnanyLekarz ===
2026-02-09 12:32:56,744 | INFO | ZnanyLekarz: page 1 profiles 17
2026-02-09 12:33:19,746 | INFO | ZnanyLekarz: page 2 profiles 18
2026-02-09 12:33:39,965 | INFO | ZnanyLekarz: page 3 profiles 17
2026-02-09 12:33:41,433 | INFO | === Fetching data from Fixly ===
2026-02-09 12:33:51,325 | INFO | Fixly: no listings found on https://fixly.pl/kategoria/masaz/wroclaw
2026-02-09 12:33:51,325 | INFO | === Fetching data from Google Places API ===
2026-02-09 12:33:51,496 | ERROR | API Error: REQUEST_DENIED - The provided API key is invalid.
2026-02-09 12:33:51,497 | INFO | No results found in Google Places.
2026-02-09 12:33:51,499 | INFO | After deduplication, we have 106 unique businesses.
2026-02-09 12:33:51,499 | INFO | === Fetching emails from websites ===
2026-02-09 12:33:51,499 | INFO | Found 93 businesses with website addresses.
2026-02-09 12:33:51,500 | INFO | [1/93] Fetching emails for: Llarion_masaż Śrutowa 4/4 Pierwsze piętro Lokal 4 Śrutowa 4, 4, 50-256, Wrocław, Śródmieście Karty podarunkowe Booksy
2026-02-09 12:33:51,500 | INFO | Fetching emails from website: https://booksy.com/pl-pl/pl-pl/154509_llarion-masaz-srutowa-4-4-pierwsze-pietro-lokal-4_masaz_13750_wroclaw#ba_s=sr_1
2026-02-09 12:33:51,935 | ERROR | Error fetching emails from https://booksy.com/pl-pl/pl-pl/154509_llarion-masaz-srutowa-4-4-pierwsze-pietro-lokal-4_masaz_13750_wroclaw#ba_s=sr_1: 404 Client Error: Not Found for url: https://booksy.com/pl-pl/pl-pl/154509_llarion-masaz-srutowa-4-4-pierwsze-pietro-lokal-4_masaz_13750_wroclaw#ba_s=sr_1
2026-02-09 12:33:53,901 | INFO | [2/93] Fetching emails for: Nakhon Thai Massage Białowieska 79C, 54-234, Wrocław, Fabryczna Karty podarunkowe Booksy
2026-02-09 12:33:53,902 | INFO | Fetching emails from website: https://booksy.com/pl-pl/pl-pl/292752_nakhon-thai-massage_masaz_13750_wroclaw#ba_s=sr_1
2026-02-09 12:33:54,733 | ERROR | Error fetching emails from https://booksy.com/pl-pl/pl-pl/292752_nakhon-thai-massage_masaz_13750_wroclaw#ba_s=sr_1: 404 Client Error: Not Found for url: https://booksy.com/pl-pl/pl-pl/292752_nakhon-thai-massage_masaz_13750_wroclaw#ba_s=sr_1
2026-02-09 12:33:56,163 | INFO | [3/93] Fetching emails for: RUMI STUDIO URODY Ludwika Idzikowskiego 20/12, 54-129, Wrocław, Fabryczna
2026-02-09 12:33:56,164 | INFO | Fetching emails from website: https://booksy.com/pl-pl/pl-pl/298329_rumi-studio-urody_masaz_13750_wroclaw#ba_s=sr_1
2026-02-09 12:33:56,286 | ERROR | Error fetching emails from https://booksy.com/pl-pl/pl-pl/298329_rumi-studio-urody_masaz_13750_wroclaw#ba_s=sr_1: 404 Client Error: Not Found for url: https://booksy.com/pl-pl/pl-pl/298329_rumi-studio-urody_masaz_13750_wroclaw#ba_s=sr_1
2026-02-09 12:33:57,980 | INFO | [4/93] Fetching emails for: Hero KOBIDO & MASAŻ Wrocław bulwar Ikara, 24 (Wejście w Salonie Różowe Oko Przy Rondzie W Osiedlu), 54-130, Wrocław, Fabryczna Karty podarunkowe Booksy
2026-02-09 12:33:57,981 | INFO | Fetching emails from website: https://booksy.com/pl-pl/pl-pl/227109_hero-kobido-masaz-wroclaw_masaz_13750_wroclaw#ba_s=sr_1
2026-02-09 12:33:58,120 | ERROR | Error fetching emails from https://booksy.com/pl-pl/pl-pl/227109_hero-kobido-masaz-wroclaw_masaz_13750_wroclaw#ba_s=sr_1: 404 Client Error: Not Found for url: https://booksy.com/pl-pl/pl-pl/227109_hero-kobido-masaz-wroclaw_masaz_13750_wroclaw#ba_s=sr_1
2026-02-09 12:33:59,886 | INFO | [5/93] Fetching emails for: Salon masażu “Soma Touch” Jaworska 8e/1, 53-612, Wrocław, Fabryczna Karty podarunkowe Booksy
2026-02-09 12:33:59,887 | INFO | Fetching emails from website: https://booksy.com/pl-pl/pl-pl/312345_salon-masazu-soma-touch_masaz_13750_wroclaw#ba_s=sr_1
2026-02-09 12:34:00,032 | ERROR | Error fetching emails from https://booksy.com/pl-pl/pl-pl/312345_salon-masazu-soma-touch_masaz_13750_wroclaw#ba_s=sr_1: 404 Client Error: Not Found for url: https://booksy.com/pl-pl/pl-pl/312345_salon-masazu-soma-touch_masaz_13750_wroclaw#ba_s=sr_1
2026-02-09 12:34:01,238 | INFO | [6/93] Fetching emails for: Gloria Spa Stacyjna 1/2, 53-613, Wrocław Karty podarunkowe Booksy
2026-02-09 12:34:01,239 | INFO | Fetching emails from website: https://booksy.com/pl-pl/pl-pl/293386_gloria-spa_masaz_13750_wroclaw#ba_s=sr_1
2026-02-09 12:34:01,675 | ERROR | Error fetching emails from https://booksy.com/pl-pl/pl-pl/293386_gloria-spa_masaz_13750_wroclaw#ba_s=sr_1: 404 Client Error: Not Found for url: https://booksy.com/pl-pl/pl-pl/293386_gloria-spa_masaz_13750_wroclaw#ba_s=sr_1
2026-02-09 12:34:03,257 | INFO | [7/93] Fetching emails for: COCO ( Masaż Wrocław | masaż kobido | relaksacyjny | tajski | lomi lomi | balijski | massage for two) Białoskórnicza 5/, 50-134, Wrocław Karty podarunkowe Booksy
2026-02-09 12:34:03,258 | INFO | Fetching emails from website: https://booksy.com/pl-pl/pl-pl/225127_coco-masaz-wroclaw-masaz-kobido-relaksacyjny-tajski-lomi-lomi-balijski-massage-for-two_masaz_13750_wroclaw#ba_s=sr_1
2026-02-09 12:34:03,399 | ERROR | Error fetching emails from https://booksy.com/pl-pl/pl-pl/225127_coco-masaz-wroclaw-masaz-kobido-relaksacyjny-tajski-lomi-lomi-balijski-massage-for-two_masaz_13750_wroclaw#ba_s=sr_1: 404 Client Error: Not Found for url: https://booksy.com/pl-pl/pl-pl/225127_coco-masaz-wroclaw-masaz-kobido-relaksacyjny-tajski-lomi-lomi-balijski-massage-for-two_masaz_13750_wroclaw#ba_s=sr_1
2026-02-09 12:34:05,106 | INFO | [8/93] Fetching emails for: Massage Wroclaw Spa Białoskórnicza, 50-134, Wrocław
2026-02-09 12:34:05,106 | INFO | Fetching emails from website: https://booksy.com/pl-pl/pl-pl/328179_massage-wroclaw-spa_masaz_13750_wroclaw#ba_s=sr_1
2026-02-09 12:34:05,596 | ERROR | Error fetching emails from https://booksy.com/pl-pl/pl-pl/328179_massage-wroclaw-spa_masaz_13750_wroclaw#ba_s=sr_1: 404 Client Error: Not Found for url: https://booksy.com/pl-pl/pl-pl/328179_massage-wroclaw-spa_masaz_13750_wroclaw#ba_s=sr_1
2026-02-09 12:34:07,438 | INFO | [9/93] Fetching emails for: Terapia Bowena Ilona Strączek Wejście do lokalu bezpośrednio z chodnika, Kozanowska 81, 54-152, Wrocław, Fabryczna Karty podarunkowe Booksy
2026-02-09 12:34:07,438 | INFO | Fetching emails from website: https://booksy.com/pl-pl/pl-pl/281756_terapia-bowena-ilona-straczek_masaz_13750_wroclaw#ba_s=sr_1
2026-02-09 12:34:07,602 | ERROR | Error fetching emails from https://booksy.com/pl-pl/pl-pl/281756_terapia-bowena-ilona-straczek_masaz_13750_wroclaw#ba_s=sr_1: 404 Client Error: Not Found for url: https://booksy.com/pl-pl/pl-pl/281756_terapia-bowena-ilona-straczek_masaz_13750_wroclaw#ba_s=sr_1
2026-02-09 12:34:09,545 | INFO | [10/93] Fetching emails for: LICO I CIAŁO
2026-02-09 12:34:09,546 | INFO | Fetching emails from website: https://booksy.com/pl-pl/pl-pl/173954_lico-i-cialo-rytualy-masazu_masaz_13750_wroclaw#ba_s=sr_1
2026-02-09 12:34:10,336 | ERROR | Error fetching emails from https://booksy.com/pl-pl/pl-pl/173954_lico-i-cialo-rytualy-masazu_masaz_13750_wroclaw#ba_s=sr_1: 404 Client Error: Not Found for url: https://booksy.com/pl-pl/pl-pl/173954_lico-i-cialo-rytualy-masazu_masaz_13750_wroclaw#ba_s=sr_1
2026-02-09 12:34:11,813 | INFO | [11/93] Fetching emails for: Studio Masażu Wrocław Rogowska 52A, 54-440, Wrocław, Fabryczna Karty podarunkowe Booksy
2026-02-09 12:34:11,814 | INFO | Fetching emails from website: https://booksy.com/pl-pl/pl-pl/214400_studio-masazu-wroclaw_masaz_13750_wroclaw#ba_s=sr_1
2026-02-09 12:34:12,002 | ERROR | Error fetching emails from https://booksy.com/pl-pl/pl-pl/214400_studio-masazu-wroclaw_masaz_13750_wroclaw#ba_s=sr_1: 404 Client Error: Not Found for url: https://booksy.com/pl-pl/pl-pl/214400_studio-masazu-wroclaw_masaz_13750_wroclaw#ba_s=sr_1
2026-02-09 12:34:13,481 | INFO | [12/93] Fetching emails for: Masaże Hollywood Magic Touch Wrocław Gen. Władysława Sikorskiego 5/5e, 53-659, Wrocław
2026-02-09 12:34:13,482 | INFO | Fetching emails from website: https://booksy.com/pl-pl/pl-pl/301861_masaze-hollywood-magic-touch-wroclaw_masaz_13750_wroclaw#ba_s=sr_1
2026-02-09 12:34:13,632 | ERROR | Error fetching emails from https://booksy.com/pl-pl/pl-pl/301861_masaze-hollywood-magic-touch-wroclaw_masaz_13750_wroclaw#ba_s=sr_1: 404 Client Error: Not Found for url: https://booksy.com/pl-pl/pl-pl/301861_masaze-hollywood-magic-touch-wroclaw_masaz_13750_wroclaw#ba_s=sr_1
2026-02-09 12:34:15,618 | INFO | [13/93] Fetching emails for: LIMFA Centrum Terapii Limfatycznej i Masażu ⚠️-10% na pierwszą wizytę przy rezerwacji telefonicznej☎️, Łaciarska 7, 50-104, Wrocław Karty podarunkowe Booksy
2026-02-09 12:34:15,618 | INFO | Fetching emails from website: https://booksy.com/pl-pl/pl-pl/239035_limfa-centrum-terapii-limfatycznej-i-masazu_masaz_13750_wroclaw#ba_s=sr_1
2026-02-09 12:34:15,746 | ERROR | Error fetching emails from https://booksy.com/pl-pl/pl-pl/239035_limfa-centrum-terapii-limfatycznej-i-masazu_masaz_13750_wroclaw#ba_s=sr_1: 404 Client Error: Not Found for url: https://booksy.com/pl-pl/pl-pl/239035_limfa-centrum-terapii-limfatycznej-i-masazu_masaz_13750_wroclaw#ba_s=sr_1
2026-02-09 12:34:17,196 | INFO | [14/93] Fetching emails for: Dotyk zdrowia studio masażu Tadeusza Kościuszki 5/2, 50-438, Wrocław, Krzyki Karty podarunkowe Booksy
2026-02-09 12:34:17,197 | INFO | Fetching emails from website: https://booksy.com/pl-pl/pl-pl/327869_dotyk-zdrowia-studio-masazu_masaz_13750_wroclaw#ba_s=sr_1
2026-02-09 12:34:17,630 | ERROR | Error fetching emails from https://booksy.com/pl-pl/pl-pl/327869_dotyk-zdrowia-studio-masazu_masaz_13750_wroclaw#ba_s=sr_1: 404 Client Error: Not Found for url: https://booksy.com/pl-pl/pl-pl/327869_dotyk-zdrowia-studio-masazu_masaz_13750_wroclaw#ba_s=sr_1
2026-02-09 12:34:19,346 | INFO | [15/93] Fetching emails for: Studio Viktoria Kasta Sokolnicza 7/17 lokal 13, 54-152, Wrocław, Fabryczna
2026-02-09 12:34:19,346 | INFO | Fetching emails from website: https://booksy.com/pl-pl/pl-pl/213475_studio-viktoria-kasta_masaz_13750_wroclaw#ba_s=sr_1
2026-02-09 12:34:19,493 | ERROR | Error fetching emails from https://booksy.com/pl-pl/pl-pl/213475_studio-viktoria-kasta_masaz_13750_wroclaw#ba_s=sr_1: 404 Client Error: Not Found for url: https://booksy.com/pl-pl/pl-pl/213475_studio-viktoria-kasta_masaz_13750_wroclaw#ba_s=sr_1
2026-02-09 12:34:21,289 | INFO | [16/93] Fetching emails for: FEU.Studio Masażu | Tattoo | Wrocław Wita Stwosza 3, 120, 50-102, Wrocław Karty podarunkowe Booksy
2026-02-09 12:34:21,289 | INFO | Fetching emails from website: https://booksy.com/pl-pl/pl-pl/241882_feu-studio-masazu-tattoo-wroclaw_masaz_13750_wroclaw#ba_s=sr_1
2026-02-09 12:34:21,727 | ERROR | Error fetching emails from https://booksy.com/pl-pl/pl-pl/241882_feu-studio-masazu-tattoo-wroclaw_masaz_13750_wroclaw#ba_s=sr_1: 404 Client Error: Not Found for url: https://booksy.com/pl-pl/pl-pl/241882_feu-studio-masazu-tattoo-wroclaw_masaz_13750_wroclaw#ba_s=sr_1
2026-02-09 12:34:22,949 | INFO | [17/93] Fetching emails for: Harmoniaj Dotyku Zelwerowicza 16, 53-676, Wrocław
2026-02-09 12:34:22,949 | INFO | Fetching emails from website: https://booksy.com/pl-pl/pl-pl/163355_harmoniaj-dotyku_masaz_13750_wroclaw#ba_s=sr_1
2026-02-09 12:34:23,069 | ERROR | Error fetching emails from https://booksy.com/pl-pl/pl-pl/163355_harmoniaj-dotyku_masaz_13750_wroclaw#ba_s=sr_1: 404 Client Error: Not Found for url: https://booksy.com/pl-pl/pl-pl/163355_harmoniaj-dotyku_masaz_13750_wroclaw#ba_s=sr_1
2026-02-09 12:34:24,550 | INFO | [18/93] Fetching emails for: Harmonia Ciała Wrocław
2026-02-09 12:34:24,551 | INFO | Fetching emails from website: https://booksy.com/pl-pl/pl-pl/163837_harmonia-ciala-wroclaw-masaz-kobido-refleksoterapia_masaz_13750_wroclaw#ba_s=sr_1
2026-02-09 12:34:25,003 | ERROR | Error fetching emails from https://booksy.com/pl-pl/pl-pl/163837_harmonia-ciala-wroclaw-masaz-kobido-refleksoterapia_masaz_13750_wroclaw#ba_s=sr_1: 404 Client Error: Not Found for url: https://booksy.com/pl-pl/pl-pl/163837_harmonia-ciala-wroclaw-masaz-kobido-refleksoterapia_masaz_13750_wroclaw#ba_s=sr_1
2026-02-09 12:34:26,116 | INFO | [19/93] Fetching emails for: Belleza Ulica Pomorska 59, Wejście do salonu fryzjerskiego, 50-075, Wrocław
2026-02-09 12:34:26,117 | INFO | Fetching emails from website: https://booksy.com/pl-pl/pl-pl/309216_belleza_masaz_13750_wroclaw#ba_s=sr_1
2026-02-09 12:34:26,936 | ERROR | Error fetching emails from https://booksy.com/pl-pl/pl-pl/309216_belleza_masaz_13750_wroclaw#ba_s=sr_1: 404 Client Error: Not Found for url: https://booksy.com/pl-pl/pl-pl/309216_belleza_masaz_13750_wroclaw#ba_s=sr_1
2026-02-09 12:34:28,755 | INFO | [20/93] Fetching emails for: Fizjoterapia i Masaże Egobody ul. Hermanowska 45 Hermanowska 45, 54-314, Wrocław, Fabryczna Karty podarunkowe Booksy
2026-02-09 12:34:28,756 | INFO | Fetching emails from website: https://booksy.com/pl-pl/pl-pl/200979_fizjoterapia-i-masaze-egobody-ul-hermanowska-45_masaz_13750_wroclaw#ba_s=sr_1
2026-02-09 12:34:28,880 | ERROR | Error fetching emails from https://booksy.com/pl-pl/pl-pl/200979_fizjoterapia-i-masaze-egobody-ul-hermanowska-45_masaz_13750_wroclaw#ba_s=sr_1: 404 Client Error: Not Found for url: https://booksy.com/pl-pl/pl-pl/200979_fizjoterapia-i-masaze-egobody-ul-hermanowska-45_masaz_13750_wroclaw#ba_s=sr_1
2026-02-09 12:34:30,864 | INFO | [21/93] Fetching emails for: Pracownia Fizjoterapii i Masażu Magdalena Sierakowska
2026-02-09 12:34:30,864 | INFO | Fetching emails from website: https://play.google.com/store/apps/details?id=pl.epoint.oferteo.buyers.oferteo_ordering&hl=pl 
2026-02-09 12:34:32,189 | INFO | [22/93] Fetching emails for: Gabinet masażu i fizjoterapii Zdrowa Sylwetka
2026-02-09 12:34:32,189 | INFO | Fetching emails from website: https://play.google.com/store/apps/details?id=pl.epoint.oferteo.buyers.oferteo_ordering&hl=pl 
2026-02-09 12:34:34,076 | INFO | [23/93] Fetching emails for: Aktywna Rehabilitacja Masaż
2026-02-09 12:34:34,077 | INFO | Fetching emails from website: https://play.google.com/store/apps/details?id=pl.epoint.oferteo.buyers.oferteo_ordering&hl=pl 
2026-02-09 12:34:35,192 | INFO | [24/93] Fetching emails for: OLO Masaż z dojazdem
2026-02-09 12:34:35,192 | INFO | Fetching emails from website: https://play.google.com/store/apps/details?id=pl.epoint.oferteo.buyers.oferteo_ordering&hl=pl 
2026-02-09 12:34:37,115 | INFO | [25/93] Fetching emails for: Studio Masażu Harmonia Dotyku
2026-02-09 12:34:37,115 | INFO | Fetching emails from website: https://play.google.com/store/apps/details?id=pl.epoint.oferteo.buyers.oferteo_ordering&hl=pl 
2026-02-09 12:34:38,842 | INFO | [26/93] Fetching emails for: Natalia.N.Masaż
2026-02-09 12:34:38,843 | INFO | Fetching emails from website: https://play.google.com/store/apps/details?id=pl.epoint.oferteo.buyers.oferteo_ordering&hl=pl 
2026-02-09 12:34:40,023 | INFO | [27/93] Fetching emails for: Andrzej Jastrzemski Mobilny Masażysta
2026-02-09 12:34:40,023 | INFO | Fetching emails from website: https://play.google.com/store/apps/details?id=pl.epoint.oferteo.buyers.oferteo_ordering&hl=pl 
2026-02-09 12:34:41,203 | INFO | [28/93] Fetching emails for: Terapie ciała Masaże z intencją
2026-02-09 12:34:41,204 | INFO | Fetching emails from website: https://play.google.com/store/apps/details?id=pl.epoint.oferteo.buyers.oferteo_ordering&hl=pl 
2026-02-09 12:34:42,357 | INFO | [29/93] Fetching emails for: MASAŻ & HAMMAM Remigiusz Kostusiak
2026-02-09 12:34:42,357 | INFO | Fetching emails from website: https://www.firmy.net/zdrowie-i-profilaktyka/masaz-kudowapl,W72DW.html
2026-02-09 12:34:42,902 | INFO | Found 0 unique email addresses.
2026-02-09 12:34:44,863 | INFO | [30/93] Fetching emails for: Studio Masażu Satina
2026-02-09 12:34:44,864 | INFO | Fetching emails from website: https://www.firmy.net/masaze/studio-satina,WTHHN.html
2026-02-09 12:34:45,085 | INFO | Found 0 unique email addresses.
2026-02-09 12:34:46,790 | INFO | [31/93] Fetching emails for: Instytut Urody Beauty 92
2026-02-09 12:34:46,791 | INFO | Fetching emails from website: https://www.firmy.net/gabinety-kosmetyczne/beauty92,W1H94.html
2026-02-09 12:34:47,014 | INFO | Found 0 unique email addresses.
2026-02-09 12:34:48,672 | INFO | [32/93] Fetching emails for: MEDISAN
2026-02-09 12:34:48,672 | INFO | Fetching emails from website: https://www.firmy.net/masaze/medisan,P54P6.html
2026-02-09 12:34:48,884 | INFO | Found 0 unique email addresses.
2026-02-09 12:34:50,554 | INFO | [33/93] Fetching emails for: PICO-BELLO Gabinet Kosmetyki Profesjonalnej
2026-02-09 12:34:50,555 | INFO | Fetching emails from website: https://www.firmy.net/masaze/pico-bello,Y2KFZ.html
2026-02-09 12:34:50,782 | INFO | Found 0 unique email addresses.
2026-02-09 12:34:52,443 | INFO | [34/93] Fetching emails for: Jusmed Fizjoterapia Wyjazdowa
2026-02-09 12:34:52,444 | INFO | Fetching emails from website: https://www.firmy.net/lekarze-fizjoterapeuci/jusmed,WZ8HY.html
2026-02-09 12:34:52,663 | INFO | Found 0 unique email addresses.
2026-02-09 12:34:53,746 | INFO | [35/93] Fetching emails for: SYMBIO Centrum Masażu
2026-02-09 12:34:53,747 | INFO | Fetching emails from website: https://www.firmy.net/lekarze-fizjoterapeuci/symbio,PBWNS.html
2026-02-09 12:34:53,966 | INFO | Found 0 unique email addresses.
2026-02-09 12:34:55,726 | INFO | [36/93] Fetching emails for: Artha Instytut Barbara Erber
2026-02-09 12:34:55,727 | INFO | Fetching emails from website: https://www.firmy.net/masaze/artha-instytut,WCQ6Q.html
2026-02-09 12:34:55,938 | INFO | Found 0 unique email addresses.
2026-02-09 12:34:57,609 | INFO | [37/93] Fetching emails for: Instytut Zdrowia i Urody
2026-02-09 12:34:57,609 | INFO | Fetching emails from website: https://www.firmy.net/gabinety-kosmetyczne/fantasticbody,WCTN7.html
2026-02-09 12:34:57,835 | INFO | Found 0 unique email addresses.
2026-02-09 12:34:59,232 | INFO | [38/93] Fetching emails for: Gabinet Masażu i Kosmetyki Litai
2026-02-09 12:34:59,233 | INFO | Fetching emails from website: https://www.firmy.net/masaze/litai,Y2Y8P.html
2026-02-09 12:34:59,441 | INFO | Found 0 unique email addresses.
2026-02-09 12:35:00,825 | INFO | [39/93] Fetching emails for: REMAS Krzysztof Wojtasiak
2026-02-09 12:35:00,826 | INFO | Fetching emails from website: https://www.firmy.net/medycyna-naturalna-i-niekonwencjonalna/rehabilitacja,WXX8Q.html
2026-02-09 12:35:01,045 | INFO | Found 0 unique email addresses.
2026-02-09 12:35:02,612 | INFO | [40/93] Fetching emails for: POSITIVA Izabela Sądel
2026-02-09 12:35:02,613 | INFO | Fetching emails from website: https://www.firmy.net/masaze/positiva,PBM2G.html
2026-02-09 12:35:02,816 | INFO | Found 0 unique email addresses.
2026-02-09 12:35:04,204 | INFO | [41/93] Fetching emails for: Dakini gabinet masażu Tantra
2026-02-09 12:35:04,204 | INFO | Fetching emails from website: https://www.firmy.net/masaze/tantra-spa,WF8Y3.html
2026-02-09 12:35:04,422 | INFO | Found 0 unique email addresses.
2026-02-09 12:35:05,563 | INFO | [42/93] Fetching emails for: Fizjomed - Wizyty Domowe
2026-02-09 12:35:05,563 | INFO | Fetching emails from website: https://www.firmy.net/masaze/fizjomed,W2GY3.html
2026-02-09 12:35:05,779 | INFO | Found 0 unique email addresses.
2026-02-09 12:35:07,039 | INFO | [43/93] Fetching emails for: mgr Kamil Wolak
2026-02-09 12:35:07,040 | INFO | Fetching emails from website: https://www.znanylekarz.pl/kamil-wolak/fizjoterapeuta/wroclaw
2026-02-09 12:35:07,915 | INFO | Found 6 unique email addresses.
2026-02-09 12:35:09,212 | INFO | [44/93] Fetching emails for: mgr Jacek Nycnerski
2026-02-09 12:35:09,213 | INFO | Fetching emails from website: https://www.znanylekarz.pl/jacek-nycnerski/fizjoterapeuta/wroclaw
2026-02-09 12:35:09,650 | INFO | Found 6 unique email addresses.
2026-02-09 12:35:10,696 | INFO | [45/93] Fetching emails for: mgr Józef Latacz
2026-02-09 12:35:10,697 | INFO | Fetching emails from website: https://www.znanylekarz.pl/jozef-latacz/fizjoterapeuta/wroclaw
2026-02-09 12:35:11,253 | INFO | Found 6 unique email addresses.
2026-02-09 12:35:12,949 | INFO | [46/93] Fetching emails for: mgr Agata Tworzydło
2026-02-09 12:35:12,949 | INFO | Fetching emails from website: https://www.znanylekarz.pl/agata-tworzydlo/fizjoterapeuta/wroclaw
2026-02-09 12:35:13,609 | INFO | Found 6 unique email addresses.
2026-02-09 12:35:14,658 | INFO | [47/93] Fetching emails for: mgr Magdalena Müller
2026-02-09 12:35:14,659 | INFO | Fetching emails from website: https://www.znanylekarz.pl/magdalena-muller/logopeda/wroclaw
2026-02-09 12:35:15,195 | INFO | Found 6 unique email addresses.
2026-02-09 12:35:17,175 | INFO | [48/93] Fetching emails for: mgr Andrzej Wojdała
2026-02-09 12:35:17,175 | INFO | Fetching emails from website: https://www.znanylekarz.pl/andrzej-wojdala/fizjoterapeuta/wroclaw
2026-02-09 12:35:17,894 | INFO | Found 6 unique email addresses.
2026-02-09 12:35:19,156 | INFO | [49/93] Fetching emails for: mgr Paweł Świsulski
2026-02-09 12:35:19,157 | INFO | Fetching emails from website: https://www.znanylekarz.pl/pawel-swisulski/fizjoterapeuta/wroclaw
2026-02-09 12:35:19,735 | INFO | Found 6 unique email addresses.
2026-02-09 12:35:21,404 | INFO | [50/93] Fetching emails for: mgr Kaja Jędyk
2026-02-09 12:35:21,404 | INFO | Fetching emails from website: https://www.znanylekarz.pl/kaja-jedyk/fizjoterapeuta/wroclaw
2026-02-09 12:35:21,938 | INFO | Found 6 unique email addresses.
2026-02-09 12:35:23,647 | INFO | [51/93] Fetching emails for: mgr Justyna Botór
2026-02-09 12:35:23,648 | INFO | Fetching emails from website: https://www.znanylekarz.pl/justyna-botor/fizjoterapeuta/wroclaw
2026-02-09 12:35:24,138 | INFO | Found 6 unique email addresses.
2026-02-09 12:35:26,004 | INFO | [52/93] Fetching emails for: Mateusz Cioch
2026-02-09 12:35:26,005 | INFO | Fetching emails from website: https://www.znanylekarz.pl/mateusz-cioch/fizjoterapeuta/wroclaw
2026-02-09 12:35:26,582 | INFO | Found 6 unique email addresses.
2026-02-09 12:35:28,223 | INFO | [53/93] Fetching emails for: mgr Marta Kaszubowska
2026-02-09 12:35:28,223 | INFO | Fetching emails from website: https://www.znanylekarz.pl/marta-kaszubowska/fizjoterapeuta/wroclaw
2026-02-09 12:35:28,829 | INFO | Found 6 unique email addresses.
2026-02-09 12:35:30,529 | INFO | [54/93] Fetching emails for: mgr Maciej Klimpel
2026-02-09 12:35:30,530 | INFO | Fetching emails from website: https://www.znanylekarz.pl/maciej-klimpel/fizjoterapeuta/wroclaw
2026-02-09 12:35:31,121 | INFO | Found 6 unique email addresses.
2026-02-09 12:35:32,223 | INFO | [55/93] Fetching emails for: mgr Patryk Pietrań
2026-02-09 12:35:32,224 | INFO | Fetching emails from website: https://www.znanylekarz.pl/patryk-pietran/fizjoterapeuta/wroclaw
2026-02-09 12:35:32,719 | INFO | Found 6 unique email addresses.
2026-02-09 12:35:34,598 | INFO | [56/93] Fetching emails for: mgr Weronika Massalska (Hryńczuk)
2026-02-09 12:35:34,598 | INFO | Fetching emails from website: https://www.znanylekarz.pl/weronika-massalska-hrynczuk/fizjoterapeuta/wroclaw
2026-02-09 12:35:35,145 | INFO | Found 6 unique email addresses.
2026-02-09 12:35:37,107 | INFO | [57/93] Fetching emails for: mgr Anna Zięba
2026-02-09 12:35:37,107 | INFO | Fetching emails from website: https://www.znanylekarz.pl/anna-zieba-3/fizjoterapeuta/wroclaw
2026-02-09 12:35:37,613 | INFO | Found 6 unique email addresses.
2026-02-09 12:35:39,251 | INFO | [58/93] Fetching emails for: mgr Damian Siódmak
2026-02-09 12:35:39,252 | INFO | Fetching emails from website: https://www.znanylekarz.pl/damian-siodmak/fizjoterapeuta/wroclaw
2026-02-09 12:35:39,683 | INFO | Found 6 unique email addresses.
2026-02-09 12:35:40,954 | INFO | [59/93] Fetching emails for: mgr Michał Smykała
2026-02-09 12:35:40,954 | INFO | Fetching emails from website: https://www.znanylekarz.pl/michal-smykala/fizjoterapeuta/wroclaw
2026-02-09 12:35:41,464 | INFO | Found 6 unique email addresses.
2026-02-09 12:35:42,649 | INFO | [60/93] Fetching emails for: mgr Artur Herman
2026-02-09 12:35:42,650 | INFO | Fetching emails from website: https://www.znanylekarz.pl/artur-herman-2/fizjoterapeuta/wroclaw
2026-02-09 12:35:43,159 | INFO | Found 6 unique email addresses.
2026-02-09 12:35:44,464 | INFO | [61/93] Fetching emails for: dr Tomasz Rutkowski
2026-02-09 12:35:44,464 | INFO | Fetching emails from website: https://www.znanylekarz.pl/tomasz-rutkowski-3/fizjoterapeuta/wroclaw
2026-02-09 12:35:44,985 | INFO | Found 6 unique email addresses.
2026-02-09 12:35:46,209 | INFO | [62/93] Fetching emails for: mgr Daria Chobry
2026-02-09 12:35:46,210 | INFO | Fetching emails from website: https://www.znanylekarz.pl/daria-chobry/fizjoterapeuta/wroclaw
2026-02-09 12:35:46,795 | INFO | Found 6 unique email addresses.
2026-02-09 12:35:48,669 | INFO | [63/93] Fetching emails for: mgr Jakub Szrajber
2026-02-09 12:35:48,669 | INFO | Fetching emails from website: https://www.znanylekarz.pl/jakub-szrajber/fizjoterapeuta/wroclaw
2026-02-09 12:35:49,168 | INFO | Found 6 unique email addresses.
2026-02-09 12:35:50,466 | INFO | [64/93] Fetching emails for: mgr Monika Mazepa
2026-02-09 12:35:50,467 | INFO | Fetching emails from website: https://www.znanylekarz.pl/monika-mazepa/fizjoterapeuta/wroclaw
2026-02-09 12:35:50,878 | INFO | Found 6 unique email addresses.
2026-02-09 12:35:52,805 | INFO | [65/93] Fetching emails for: mgr Joanna Strzelecka
2026-02-09 12:35:52,806 | INFO | Fetching emails from website: https://www.znanylekarz.pl/joanna-strzelecka-2/fizjoterapeuta/wroclaw
2026-02-09 12:35:53,298 | INFO | Found 6 unique email addresses.
2026-02-09 12:35:54,952 | INFO | [66/93] Fetching emails for: dr n. med. i n. o zdr. Maciej Grzeszczuk
2026-02-09 12:35:54,952 | INFO | Fetching emails from website: https://www.znanylekarz.pl/maciej-grzeszczuk-2/fizjoterapeuta-osteopata/wroclaw
2026-02-09 12:35:55,660 | INFO | Found 6 unique email addresses.
2026-02-09 12:35:56,798 | INFO | [67/93] Fetching emails for: mgr Anna Łoch
2026-02-09 12:35:56,799 | INFO | Fetching emails from website: https://www.znanylekarz.pl/anna-loch/fizjoterapeuta/wroclaw
2026-02-09 12:35:57,400 | INFO | Found 6 unique email addresses.
2026-02-09 12:35:58,622 | INFO | [68/93] Fetching emails for: mgr Jakub Jędrzychowski
2026-02-09 12:35:58,622 | INFO | Fetching emails from website: https://www.znanylekarz.pl/jakub-jedrzychowski/fizjoterapeuta/wroclaw
2026-02-09 12:35:59,082 | INFO | Found 6 unique email addresses.
2026-02-09 12:36:00,661 | INFO | [69/93] Fetching emails for: mgr Magdalena Szadzianiec
2026-02-09 12:36:00,661 | INFO | Fetching emails from website: https://www.znanylekarz.pl/magdalena-szadzianiec/fizjoterapeuta/wroclaw
2026-02-09 12:36:01,244 | INFO | Found 6 unique email addresses.
2026-02-09 12:36:03,200 | INFO | [70/93] Fetching emails for: mgr Jakub Gajos
2026-02-09 12:36:03,200 | INFO | Fetching emails from website: https://www.znanylekarz.pl/jakub-gajos-2/fizjoterapeuta/wroclaw
2026-02-09 12:36:03,713 | INFO | Found 6 unique email addresses.
2026-02-09 12:36:05,718 | INFO | [71/93] Fetching emails for: mgr Jan Prusakiewicz
2026-02-09 12:36:05,718 | INFO | Fetching emails from website: https://www.znanylekarz.pl/jan-prusakiewicz/fizjoterapeuta/wroclaw
2026-02-09 12:36:06,286 | INFO | Found 6 unique email addresses.
2026-02-09 12:36:07,892 | INFO | [72/93] Fetching emails for: mgr Michał Kudrykiewicz
2026-02-09 12:36:07,892 | INFO | Fetching emails from website: https://www.znanylekarz.pl/michal-kudrykiewicz/fizjoterapeuta/wroclaw
2026-02-09 12:36:08,604 | INFO | Found 6 unique email addresses.
2026-02-09 12:36:10,440 | INFO | [73/93] Fetching emails for: mgr Patryk Cieślar
2026-02-09 12:36:10,440 | INFO | Fetching emails from website: https://www.znanylekarz.pl/patryk-cieslar/fizjoterapeuta/wroclaw
2026-02-09 12:36:10,982 | INFO | Found 6 unique email addresses.
2026-02-09 12:36:12,525 | INFO | [74/93] Fetching emails for: mgr Katarzyna Kowalczyk
2026-02-09 12:36:12,526 | INFO | Fetching emails from website: https://www.znanylekarz.pl/katarzyna-kowalczyk-10/fizjoterapeuta/wroclaw
2026-02-09 12:36:13,090 | INFO | Found 6 unique email addresses.
2026-02-09 12:36:14,699 | INFO | [75/93] Fetching emails for: mgr Jacek Dąbrowski
2026-02-09 12:36:14,700 | INFO | Fetching emails from website: https://www.znanylekarz.pl/jacek-dabrowski-2/fizjoterapeuta/wroclaw
2026-02-09 12:36:15,109 | INFO | Found 6 unique email addresses.
2026-02-09 12:36:16,754 | INFO | [76/93] Fetching emails for: mgr Patrycja Kulikowska
2026-02-09 12:36:16,755 | INFO | Fetching emails from website: https://www.znanylekarz.pl/patrycja-kulikowska/fizjoterapeuta/wroclaw
2026-02-09 12:36:17,423 | INFO | Found 6 unique email addresses.
2026-02-09 12:36:18,891 | INFO | [77/93] Fetching emails for: mgr Renata Jackiewicz
2026-02-09 12:36:18,892 | INFO | Fetching emails from website: https://www.znanylekarz.pl/renata-jackiewicz/fizjoterapeuta/wroclaw
2026-02-09 12:36:19,442 | INFO | Found 6 unique email addresses.
2026-02-09 12:36:20,753 | INFO | [78/93] Fetching emails for: mgr Kamila Jarmużek
2026-02-09 12:36:20,753 | INFO | Fetching emails from website: https://www.znanylekarz.pl/kamila-jarmuzek/fizjoterapeuta/wroclaw
2026-02-09 12:36:21,252 | INFO | Found 6 unique email addresses.
2026-02-09 12:36:23,234 | INFO | [79/93] Fetching emails for: mgr Jacek Kulczycki
2026-02-09 12:36:23,235 | INFO | Fetching emails from website: https://www.znanylekarz.pl/jacek-kulczycki-2/fizjoterapeuta/wroclaw
2026-02-09 12:36:23,962 | INFO | Found 6 unique email addresses.
2026-02-09 12:36:25,205 | INFO | [80/93] Fetching emails for: mgr Anna Maciejewska
2026-02-09 12:36:25,206 | INFO | Fetching emails from website: https://www.znanylekarz.pl/anna-maciejewska-3/fizjoterapeuta-logopeda/wroclaw
2026-02-09 12:36:25,881 | INFO | Found 6 unique email addresses.
2026-02-09 12:36:27,726 | INFO | [81/93] Fetching emails for: mgr Julita Paruch
2026-02-09 12:36:27,726 | INFO | Fetching emails from website: https://www.znanylekarz.pl/julita-paruch/fizjoterapeuta/wroclaw
2026-02-09 12:36:28,149 | INFO | Found 6 unique email addresses.
2026-02-09 12:36:30,140 | INFO | [82/93] Fetching emails for: mgr Przemysław Zalewski
2026-02-09 12:36:30,141 | INFO | Fetching emails from website: https://www.znanylekarz.pl/przemyslaw-zalewski/fizjoterapeuta/wroclaw
2026-02-09 12:36:30,781 | INFO | Found 6 unique email addresses.
2026-02-09 12:36:32,387 | INFO | [83/93] Fetching emails for: mgr Łukasz Stonsiek
2026-02-09 12:36:32,388 | INFO | Fetching emails from website: https://www.znanylekarz.pl/lukasz-stonsiek/fizjoterapeuta/wroclaw
2026-02-09 12:36:32,829 | INFO | Found 6 unique email addresses.
2026-02-09 12:36:33,983 | INFO | [84/93] Fetching emails for: mgr Krzysztof Tarapata
2026-02-09 12:36:33,983 | INFO | Fetching emails from website: https://www.znanylekarz.pl/krzysztof-tarapata/fizjoterapeuta/wroclaw
2026-02-09 12:36:34,525 | INFO | Found 6 unique email addresses.
2026-02-09 12:36:36,328 | INFO | [85/93] Fetching emails for: mgr Michał Januszkiewicz
2026-02-09 12:36:36,329 | INFO | Fetching emails from website: https://www.znanylekarz.pl/michal-januszkiewicz/fizjoterapeuta/wroclaw
2026-02-09 12:36:36,962 | INFO | Found 6 unique email addresses.
2026-02-09 12:36:38,733 | INFO | [86/93] Fetching emails for: mgr Anna Klima
2026-02-09 12:36:38,733 | INFO | Fetching emails from website: https://www.znanylekarz.pl/anna-klima/fizjoterapeuta/wroclaw
2026-02-09 12:36:39,284 | INFO | Found 6 unique email addresses.
2026-02-09 12:36:41,229 | INFO | [87/93] Fetching emails for: mgr Krzysztof Wojtasiak
2026-02-09 12:36:41,230 | INFO | Fetching emails from website: https://www.znanylekarz.pl/krzysztof-wojtasiak-2/fizjoterapeuta/wroclaw
2026-02-09 12:36:41,780 | INFO | Found 6 unique email addresses.
2026-02-09 12:36:42,791 | INFO | [88/93] Fetching emails for: mgr Marta  Kolankiewicz
2026-02-09 12:36:42,791 | INFO | Fetching emails from website: https://www.znanylekarz.pl/marta-kolankiewicz/fizjoterapeuta/wroclaw
2026-02-09 12:36:43,264 | INFO | Found 6 unique email addresses.
2026-02-09 12:36:44,354 | INFO | [89/93] Fetching emails for: mgr Katarzyna Bobras-Kargol
2026-02-09 12:36:44,354 | INFO | Fetching emails from website: https://www.znanylekarz.pl/katarzyna-bobras-kargol/fizjoterapeuta/wroclaw
2026-02-09 12:36:52,425 | INFO | Found 6 unique email addresses.
2026-02-09 12:36:53,664 | INFO | [90/93] Fetching emails for: Berenika Styczeń
2026-02-09 12:36:53,665 | INFO | Fetching emails from website: https://www.znanylekarz.pl/berenika-styczen-2/fizjoterapeuta/wroclaw
2026-02-09 12:36:54,237 | INFO | Found 6 unique email addresses.
2026-02-09 12:36:55,404 | INFO | [91/93] Fetching emails for: mgr Michał Sosnowski
2026-02-09 12:36:55,405 | INFO | Fetching emails from website: https://www.znanylekarz.pl/michal-sosnowski-2/fizjoterapeuta/wroclaw
2026-02-09 12:37:00,300 | INFO | Found 6 unique email addresses.
2026-02-09 12:37:02,109 | INFO | [92/93] Fetching emails for: mgr Klaudia Kusienicka
2026-02-09 12:37:02,110 | INFO | Fetching emails from website: https://www.znanylekarz.pl/klaudia-kusienicka/fizjoterapeuta/wroclaw
2026-02-09 12:37:02,757 | INFO | Found 6 unique email addresses.
2026-02-09 12:37:04,540 | INFO | [93/93] Fetching emails for: mgr Milena Olejnik
2026-02-09 12:37:04,541 | INFO | Fetching emails from website: https://www.znanylekarz.pl/milena-olejnik/fizjoterapeuta/wroclaw
2026-02-09 12:37:05,004 | INFO | Found 6 unique email addresses.
2026-02-09 12:48:11,263 | INFO | Saved 106 records to masaz_wroclaw.xlsx
