2026-02-09 12:19:39,547 | INFO | Log file: logs\masaz_zielona-gora_20260209_121939.log
2026-02-09 12:19:39,548 | INFO | === Fetching data from Panorama Firm ===
2026-02-09 12:19:39,548 | INFO | Scraping data from Panorama Firm for: masaz in Zielona Góra
2026-02-09 12:19:39,549 | INFO | Fetching page 1 from Panorama Firm...
2026-02-09 12:19:40,313 | INFO | No more results found on page 1
2026-02-09 12:19:40,313 | INFO | === Fetching data from PKT.pl ===
2026-02-09 12:19:40,313 | INFO | Scraping data from PKT.pl for: masaz in Zielona Góra
2026-02-09 12:19:40,314 | INFO | Fetching page 1 from PKT.pl...
2026-02-09 12:19:40,857 | INFO | No more results found on page 1
2026-02-09 12:19:40,858 | INFO | === Fetching data from Booksy ===
2026-02-09 12:19:43,434 | INFO | Booksy: could not resolve city slug for 'Zielona Góra'.
2026-02-09 12:19:43,434 | INFO | === Fetching data from SPAeden rankings ===
2026-02-09 12:19:44,100 | INFO | SPAeden: extracted 13 ranking entries
2026-02-09 12:19:44,100 | INFO | === Fetching data from Fresha ===
2026-02-09 12:19:44,363 | WARNING | Fresha: error fetching https://www.fresha.com/lp/en/bt/massage/in/pl-zielona-gora: 404 Client Error: Not Found for url: https://www.fresha.com/lp/en/bt/massage/in/pl-zielona-gora
2026-02-09 12:19:44,363 | INFO | === Fetching data from Moment.pl ===
2026-02-09 12:19:44,364 | INFO | Moment.pl redirects to Booksy; reusing Booksy results.
2026-02-09 12:19:47,055 | INFO | Booksy: could not resolve city slug for 'Zielona Góra'.
2026-02-09 12:19:47,056 | INFO | === Fetching data from Cylex ===
2026-02-09 12:19:52,439 | WARNING | Headless fetch failed for https://www.cylex-polska.pl/firmy/?q=masaz+Zielona+G%C3%B3ra: Message: session not created: cannot connect to chrome at 127.0.0.1:62583
from session not created: This version of ChromeDriver only supports Chrome version 145
Current browser version is 144.0.7559.133
Stacktrace:
Symbols not available. Dumping unresolved backtrace:
	0x45f393
	0x45f3d4
	0x252090
	0x28d732
	0x28c76c
	0x282845
	0x282666
	0x2cae7f
	0x2ca697
	0x2bebb6
	0x290319
	0x2910d4
	0x6b3de4
	0x6af0e9
	0x6cc080
	0x4780a8
	0x47fdfd
	0x467bc8
	0x467d92
	0x45189a
	0x768b5d49
	0x77aad5db
	0x77aad561

2026-02-09 12:19:52,439 | WARNING | Fetch error https://www.cylex-polska.pl/firmy/?q=masaz+Zielona+G%C3%B3ra: 403 Client Error: Forbidden for url: https://www.cylex-polska.pl/firmy/?q=masaz+Zielona+G%C3%B3ra
2026-02-09 12:19:57,075 | WARNING | Headless fetch failed for https://www.cylex-polska.pl/firmy?q=masaz+Zielona+G%C3%B3ra: Message: session not created: cannot connect to chrome at 127.0.0.1:63037
from session not created: This version of ChromeDriver only supports Chrome version 145
Current browser version is 144.0.7559.133
Stacktrace:
Symbols not available. Dumping unresolved backtrace:
	0xddf393
	0xddf3d4
	0xbd2090
	0xc0d732
	0xc0c76c
	0xc02845
	0xc02666
	0xc4ae7f
	0xc4a697
	0xc3ebb6
	0xc10319
	0xc110d4
	0x1033de4
	0x102f0e9
	0x104c080
	0xdf80a8
	0xdffdfd
	0xde7bc8
	0xde7d92
	0xdd189a
	0x768b5d49
	0x77aad5db
	0x77aad561

2026-02-09 12:19:57,076 | WARNING | Fetch error https://www.cylex-polska.pl/firmy?q=masaz+Zielona+G%C3%B3ra: 403 Client Error: Forbidden for url: https://www.cylex-polska.pl/firmy?q=masaz+Zielona+G%C3%B3ra
2026-02-09 12:20:01,770 | WARNING | Headless fetch failed for https://www.cylex-polska.pl/masaz.html: Message: session not created: cannot connect to chrome at 127.0.0.1:56597
from session not created: This version of ChromeDriver only supports Chrome version 145
Current browser version is 144.0.7559.133
Stacktrace:
Symbols not available. Dumping unresolved backtrace:
	0x65f393
	0x65f3d4
	0x452090
	0x48d732
	0x48c76c
	0x482845
	0x482666
	0x4cae7f
	0x4ca697
	0x4bebb6
	0x490319
	0x4910d4
	0x8b3de4
	0x8af0e9
	0x8cc080
	0x6780a8
	0x67fdfd
	0x667bc8
	0x667d92
	0x65189a
	0x768b5d49
	0x77aad5db
	0x77aad561

2026-02-09 12:20:01,770 | WARNING | Fetch error https://www.cylex-polska.pl/masaz.html: 403 Client Error: Forbidden for url: https://www.cylex-polska.pl/masaz.html
2026-02-09 12:20:06,281 | WARNING | Headless fetch failed for https://www.cylex-polska.pl/zielona-gora/?q=masaz+Zielona+G%C3%B3ra: Message: session not created: cannot connect to chrome at 127.0.0.1:62192
from session not created: This version of ChromeDriver only supports Chrome version 145
Current browser version is 144.0.7559.133
Stacktrace:
Symbols not available. Dumping unresolved backtrace:
	0x7cf393
	0x7cf3d4
	0x5c2090
	0x5fd732
	0x5fc76c
	0x5f2845
	0x5f2666
	0x63ae7f
	0x63a697
	0x62ebb6
	0x600319
	0x6010d4
	0xa23de4
	0xa1f0e9
	0xa3c080
	0x7e80a8
	0x7efdfd
	0x7d7bc8
	0x7d7d92
	0x7c189a
	0x768b5d49
	0x77aad5db
	0x77aad561

2026-02-09 12:20:06,281 | WARNING | Fetch error https://www.cylex-polska.pl/zielona-gora/?q=masaz+Zielona+G%C3%B3ra: 403 Client Error: Forbidden for url: https://www.cylex-polska.pl/zielona-gora/?q=masaz+Zielona+G%C3%B3ra
2026-02-09 12:20:10,796 | WARNING | Headless fetch failed for https://www.cylex-polska.pl/zielona-gora/: Message: session not created: cannot connect to chrome at 127.0.0.1:55995
from session not created: This version of ChromeDriver only supports Chrome version 145
Current browser version is 144.0.7559.133
Stacktrace:
Symbols not available. Dumping unresolved backtrace:
	0xc0f393
	0xc0f3d4
	0xa02090
	0xa3d732
	0xa3c76c
	0xa32845
	0xa32666
	0xa7ae7f
	0xa7a697
	0xa6ebb6
	0xa40319
	0xa410d4
	0xe63de4
	0xe5f0e9
	0xe7c080
	0xc280a8
	0xc2fdfd
	0xc17bc8
	0xc17d92
	0xc0189a
	0x768b5d49
	0x77aad5db
	0x77aad561

2026-02-09 12:20:10,797 | WARNING | Fetch error https://www.cylex-polska.pl/zielona-gora/: 403 Client Error: Forbidden for url: https://www.cylex-polska.pl/zielona-gora/
2026-02-09 12:20:10,797 | INFO | === Fetching data from Oferteo ===
2026-02-09 12:20:22,842 | INFO | Oferteo: collected 12 profiles from https://www.oferteo.pl/masazysci/zielona-gora
2026-02-09 12:20:25,129 | INFO | Oferteo: collected 12 profiles from https://www.oferteo.pl/masazysci/zielona-gora?page=2
2026-02-09 12:20:27,159 | INFO | Oferteo: collected 12 profiles from https://www.oferteo.pl/masazysci/zielona-gora?page=3
2026-02-09 12:20:29,260 | INFO | Oferteo: collected 12 profiles from https://www.oferteo.pl/masaz/zielona-gora
2026-02-09 12:20:31,750 | INFO | Oferteo: collected 12 profiles from https://www.oferteo.pl/masaz/zielona-gora?page=2
2026-02-09 12:20:33,914 | INFO | Oferteo: collected 12 profiles from https://www.oferteo.pl/masaz/zielona-gora?page=3
2026-02-09 12:20:52,197 | INFO | Oferteo: collected 12 profiles from https://www.oferteo.pl/firmy/zielona-gora?q=masaz
2026-02-09 12:20:52,199 | INFO | === Fetching data from Firmy.net ===
2026-02-09 12:20:55,846 | INFO | Firmy.net: collected 12 profiles
2026-02-09 12:20:55,846 | INFO | === Fetching data from BiznesFinder ===
2026-02-09 12:20:57,943 | INFO | BiznesFinder: collected 0 profiles
2026-02-09 12:20:57,943 | INFO | === Fetching data from ZnanyLekarz ===
2026-02-09 12:21:04,110 | WARNING | ZnanyLekarz: profile fetch error https://www.znanylekarz.pl/anna-kozak-4/fizjoterapeuta/zielona-gora: Response ended prematurely
2026-02-09 12:21:17,891 | INFO | ZnanyLekarz: page 1 profiles 19
2026-02-09 12:21:21,957 | INFO | ZnanyLekarz: page 2 profiles 3
2026-02-09 12:21:23,654 | INFO | ZnanyLekarz: page 3 profiles 19
2026-02-09 12:21:25,265 | INFO | === Fetching data from Fixly ===
2026-02-09 12:21:30,968 | WARNING | Headless fetch failed for https://fixly.pl/kategoria/masaz/zielona-gora: Message: session not created: cannot connect to chrome at 127.0.0.1:60496
from session not created: This version of ChromeDriver only supports Chrome version 145
Current browser version is 144.0.7559.133
Stacktrace:
Symbols not available. Dumping unresolved backtrace:
	0x57f393
	0x57f3d4
	0x372090
	0x3ad732
	0x3ac76c
	0x3a2845
	0x3a2666
	0x3eae7f
	0x3ea697
	0x3debb6
	0x3b0319
	0x3b10d4
	0x7d3de4
	0x7cf0e9
	0x7ec080
	0x5980a8
	0x59fdfd
	0x587bc8
	0x587d92
	0x57189a
	0x768b5d49
	0x77aad5db
	0x77aad561

2026-02-09 12:21:30,969 | INFO | Fixly: no listings found on https://fixly.pl/kategoria/masaz/zielona-gora
2026-02-09 12:21:30,969 | INFO | === Fetching data from Google Places API ===
2026-02-09 12:21:31,159 | ERROR | API Error: REQUEST_DENIED - The provided API key is invalid.
2026-02-09 12:21:31,159 | INFO | No results found in Google Places.
2026-02-09 12:21:31,160 | INFO | After deduplication, we have 58 unique businesses.
2026-02-09 12:21:31,161 | INFO | === Fetching emails from websites ===
2026-02-09 12:21:31,161 | INFO | Found 45 businesses with website addresses.
2026-02-09 12:21:31,161 | INFO | [1/45] Fetching emails for: Maciej Filipowicz - Profesjonalne Masaże
2026-02-09 12:21:31,161 | INFO | Fetching emails from website: https://play.google.com/store/apps/details?id=pl.epoint.oferteo.buyers.oferteo_ordering&hl=pl 
2026-02-09 12:21:33,144 | INFO | [2/45] Fetching emails for: Centrum Masażu. Dorota Szymkowiak
2026-02-09 12:21:33,144 | INFO | Fetching emails from website: https://play.google.com/store/apps/details?id=pl.epoint.oferteo.buyers.oferteo_ordering&hl=pl 
2026-02-09 12:21:34,229 | INFO | [3/45] Fetching emails for: Gabinet Masażu i Terapii Manualnej Adam Cichy
2026-02-09 12:21:34,229 | INFO | Fetching emails from website: https://play.google.com/store/apps/details?id=pl.epoint.oferteo.buyers.oferteo_ordering&hl=pl 
2026-02-09 12:21:35,544 | INFO | [4/45] Fetching emails for: Gabinet Masażu - Rehabilitacji Rafał Pisarski
2026-02-09 12:21:35,544 | INFO | Fetching emails from website: https://play.google.com/store/apps/details?id=pl.epoint.oferteo.buyers.oferteo_ordering&hl=pl 
2026-02-09 12:21:37,286 | INFO | [5/45] Fetching emails for: Blue Dog Gabinet Masażu i Odnowy Małgorzata Maciejak
2026-02-09 12:21:37,287 | INFO | Fetching emails from website: https://play.google.com/store/apps/details?id=pl.epoint.oferteo.buyers.oferteo_ordering&hl=pl 
2026-02-09 12:21:38,682 | INFO | [6/45] Fetching emails for: Masaż Leczniczy Ryszard Bajkowski
2026-02-09 12:21:38,682 | INFO | Fetching emails from website: https://play.google.com/store/apps/details?id=pl.epoint.oferteo.buyers.oferteo_ordering&hl=pl 
2026-02-09 12:21:40,597 | INFO | [7/45] Fetching emails for: Centrum Rehabilitacji i Masażu
2026-02-09 12:21:40,598 | INFO | Fetching emails from website: https://play.google.com/store/apps/details?id=pl.epoint.oferteo.buyers.oferteo_ordering&hl=pl 
2026-02-09 12:21:42,112 | INFO | [8/45] Fetching emails for: Gabinet Masażu Joanna Wichowska
2026-02-09 12:21:42,112 | INFO | Fetching emails from website: https://play.google.com/store/apps/details?id=pl.epoint.oferteo.buyers.oferteo_ordering&hl=pl 
2026-02-09 12:21:43,999 | INFO | [9/45] Fetching emails for: Mój masaż
2026-02-09 12:21:43,999 | INFO | Fetching emails from website: https://play.google.com/store/apps/details?id=pl.epoint.oferteo.buyers.oferteo_ordering&hl=pl 
2026-02-09 12:21:45,060 | INFO | [10/45] Fetching emails for: Marta - Masaż Joga
2026-02-09 12:21:45,060 | INFO | Fetching emails from website: https://play.google.com/store/apps/details?id=pl.epoint.oferteo.buyers.oferteo_ordering&hl=pl 
2026-02-09 12:21:46,530 | INFO | [11/45] Fetching emails for: Bellis - Masaże z dojazdem do klienta
2026-02-09 12:21:46,531 | INFO | Fetching emails from website: https://play.google.com/store/apps/details?id=pl.epoint.oferteo.buyers.oferteo_ordering&hl=pl 
2026-02-09 12:21:47,567 | INFO | [12/45] Fetching emails for: Masaż Pro Massage Studio
2026-02-09 12:21:47,568 | INFO | Fetching emails from website: https://play.google.com/store/apps/details?id=pl.epoint.oferteo.buyers.oferteo_ordering&hl=pl 
2026-02-09 12:21:48,864 | INFO | [13/45] Fetching emails for: Centrum Kształcenia PLEJADA Szkoła Policealna Technik Masażysta
2026-02-09 12:21:48,864 | INFO | Fetching emails from website: https://profil.firmy.net
2026-02-09 12:21:49,313 | INFO | Found 0 unique email addresses.
2026-02-09 12:21:50,593 | INFO | [14/45] Fetching emails for: Gabinet Masażu Morelowe Andrzej Jakubiak
2026-02-09 12:21:50,593 | INFO | Fetching emails from website: https://kameleon.firmy.net/
2026-02-09 12:21:51,223 | INFO | Found 0 unique email addresses.
2026-02-09 12:21:52,701 | INFO | [15/45] Fetching emails for: MITOMA Maciej Michalczak
2026-02-09 12:21:52,702 | INFO | Fetching emails from website: https://kameleon.firmy.net/
2026-02-09 12:21:53,070 | INFO | Found 0 unique email addresses.
2026-02-09 12:21:54,569 | INFO | [16/45] Fetching emails for: Pro Habilitate Gabinet Masażu Arleta Obałkowska
2026-02-09 12:21:54,569 | INFO | Fetching emails from website: https://kameleon.firmy.net/
2026-02-09 12:21:54,945 | INFO | Found 0 unique email addresses.
2026-02-09 12:21:56,322 | INFO | [17/45] Fetching emails for: Mobilny gabinet masażu i rehabilitacji- Nowa Sól
2026-02-09 12:21:56,323 | INFO | Fetching emails from website: https://doktor.firmy.net/
2026-02-09 12:21:56,989 | INFO | Found 0 unique email addresses.
2026-02-09 12:21:58,841 | INFO | [18/45] Fetching emails for: Gabinet Terapii Naturalnych Blask Natury
2026-02-09 12:21:58,842 | INFO | Fetching emails from website: https://kameleon.firmy.net/
2026-02-09 12:21:59,214 | INFO | Found 0 unique email addresses.
2026-02-09 12:22:01,179 | INFO | [19/45] Fetching emails for: Studio Kosmetyczne Morelowe
2026-02-09 12:22:01,180 | INFO | Fetching emails from website: https://kameleon.firmy.net/
2026-02-09 12:22:01,528 | INFO | Found 0 unique email addresses.
2026-02-09 12:22:02,942 | INFO | [20/45] Fetching emails for: Vitismed Fizjoterapia Zdrowie i Uroda
2026-02-09 12:22:02,943 | INFO | Fetching emails from website: https://profil.firmy.net
2026-02-09 12:22:03,165 | INFO | Found 0 unique email addresses.
2026-02-09 12:22:04,564 | INFO | [21/45] Fetching emails for: Centrum Terapii Naturalnej
2026-02-09 12:22:04,565 | INFO | Fetching emails from website: https://profil.firmy.net
2026-02-09 12:22:04,668 | INFO | Found 0 unique email addresses.
2026-02-09 12:22:05,790 | INFO | [22/45] Fetching emails for: Refizjo Zabiegi Rehabilitacyjne Dorota Antoniewicz
2026-02-09 12:22:05,791 | INFO | Fetching emails from website: https://medicusopieka.firmy.net/
2026-02-09 12:22:06,456 | INFO | Found 1 unique email addresses.
2026-02-09 12:22:07,525 | INFO | [23/45] Fetching emails for: Sandra - Studio Zdrowia
2026-02-09 12:22:07,526 | INFO | Fetching emails from website: https://profil.firmy.net
2026-02-09 12:22:07,644 | INFO | Found 0 unique email addresses.
2026-02-09 12:22:09,311 | INFO | [24/45] Fetching emails for: Salon Kosmetyczny 87
2026-02-09 12:22:09,311 | INFO | Fetching emails from website: https://kameleon.firmy.net/
2026-02-09 12:22:09,680 | INFO | Found 0 unique email addresses.
2026-02-09 12:22:11,399 | INFO | [25/45] Fetching emails for: mgr Daria Zawadzka
2026-02-09 12:22:11,400 | INFO | Fetching emails from website: https://www.znanylekarz.pl/daria-zawadzka/fizjoterapeuta/zielona-gora
2026-02-09 12:22:12,168 | INFO | Found 6 unique email addresses.
2026-02-09 12:22:13,455 | INFO | [26/45] Fetching emails for: mgr Magdalena Śliwa
2026-02-09 12:22:13,456 | INFO | Fetching emails from website: https://www.znanylekarz.pl/magdalena-sliwa/fizjoterapeuta/zielona-gora
2026-02-09 12:22:14,070 | INFO | Found 6 unique email addresses.
2026-02-09 12:22:15,317 | INFO | [27/45] Fetching emails for: mgr Justyna Świerczewska
2026-02-09 12:22:15,318 | INFO | Fetching emails from website: https://www.znanylekarz.pl/justyna-swierczewska/fizjoterapeuta/zielona-gora
2026-02-09 12:22:15,872 | INFO | Found 6 unique email addresses.
2026-02-09 12:22:17,075 | INFO | [28/45] Fetching emails for: mgr Natalia Białas
2026-02-09 12:22:17,076 | INFO | Fetching emails from website: https://www.znanylekarz.pl/natalia-bialas/fizjoterapeuta/zielona-gora
2026-02-09 12:22:17,583 | INFO | Found 6 unique email addresses.
2026-02-09 12:22:18,751 | INFO | [29/45] Fetching emails for: mgr Luiza Humin
2026-02-09 12:22:18,752 | INFO | Fetching emails from website: https://www.znanylekarz.pl/luiza-humin/fizjoterapeuta/zielona-gora
2026-02-09 12:22:19,455 | INFO | Found 6 unique email addresses.
2026-02-09 12:22:20,994 | INFO | [30/45] Fetching emails for: mgr Magdalena Łaniewska-Skrzypczak
2026-02-09 12:22:20,995 | INFO | Fetching emails from website: https://www.znanylekarz.pl/magdalena-laniewska-skrzypczak/fizjoterapeuta/zielona-gora
2026-02-09 12:22:21,557 | INFO | Found 6 unique email addresses.
2026-02-09 12:22:22,791 | INFO | [31/45] Fetching emails for: mgr Maciej Kwiatkowski
2026-02-09 12:22:22,792 | INFO | Fetching emails from website: https://www.znanylekarz.pl/maciej-kwiatkowski-4/fizjoterapeuta/zielona-gora
2026-02-09 12:22:23,288 | INFO | Found 6 unique email addresses.
2026-02-09 12:22:24,959 | INFO | [32/45] Fetching emails for: mgr Mateusz Krawczyk
2026-02-09 12:22:24,960 | INFO | Fetching emails from website: https://www.znanylekarz.pl/mateusz-krawczyk/fizjoterapeuta/zielona-gora
2026-02-09 12:22:25,483 | INFO | Found 6 unique email addresses.
2026-02-09 12:22:26,904 | INFO | [33/45] Fetching emails for: dr n. med. Arleta Jaroszyk
2026-02-09 12:22:26,905 | INFO | Fetching emails from website: https://www.znanylekarz.pl/arleta-jaroszyk/fizjoterapeuta/zielona-gora
2026-02-09 12:22:27,396 | INFO | Found 6 unique email addresses.
2026-02-09 12:22:28,881 | INFO | [34/45] Fetching emails for: mgr Marlena Kamińska
2026-02-09 12:22:28,881 | INFO | Fetching emails from website: https://www.znanylekarz.pl/marlena-kaminska/fizjoterapeuta/zielona-gora
2026-02-09 12:22:29,382 | INFO | Found 6 unique email addresses.
2026-02-09 12:22:31,008 | INFO | [35/45] Fetching emails for: mgr Katarzyna Polak
2026-02-09 12:22:31,008 | INFO | Fetching emails from website: https://www.znanylekarz.pl/katarzyna-polak-2/fizjoterapeuta/zielona-gora
2026-02-09 12:22:31,542 | INFO | Found 6 unique email addresses.
2026-02-09 12:22:33,405 | INFO | [36/45] Fetching emails for: mgr Emilia Kijok
2026-02-09 12:22:33,406 | INFO | Fetching emails from website: https://www.znanylekarz.pl/emilia-kijok/fizjoterapeuta/zielona-gora
2026-02-09 12:22:34,254 | INFO | Found 6 unique email addresses.
2026-02-09 12:22:36,040 | INFO | [37/45] Fetching emails for: Sandra Ogiejko
2026-02-09 12:22:36,041 | INFO | Fetching emails from website: https://www.znanylekarz.pl/sandra-ogiejko/pielegniarka-pielegniarz-technik-masazysta/zielona-gora
2026-02-09 12:22:36,707 | INFO | Found 6 unique email addresses.
2026-02-09 12:22:37,753 | INFO | [38/45] Fetching emails for: mgr Krzysztof Mirecki
2026-02-09 12:22:37,753 | INFO | Fetching emails from website: https://www.znanylekarz.pl/krzysztof-mirecki/fizjoterapeuta/zielona-gora
2026-02-09 12:22:38,364 | INFO | Found 6 unique email addresses.
2026-02-09 12:22:39,449 | INFO | [39/45] Fetching emails for: mgr Natalia Walczak
2026-02-09 12:22:39,450 | INFO | Fetching emails from website: https://www.znanylekarz.pl/natalia-walczak-2/fizjoterapeuta/zielona-gora
2026-02-09 12:22:39,933 | INFO | Found 6 unique email addresses.
2026-02-09 12:22:40,987 | INFO | [40/45] Fetching emails for: Maciej Czerpiński
2026-02-09 12:22:40,987 | INFO | Fetching emails from website: https://www.znanylekarz.pl/maciej-czerpinski/fizjoterapeuta/zielona-gora
2026-02-09 12:22:41,498 | INFO | Found 6 unique email addresses.
2026-02-09 12:22:43,436 | INFO | [41/45] Fetching emails for: mgr Joanna Soja
2026-02-09 12:22:43,436 | INFO | Fetching emails from website: https://www.znanylekarz.pl/joanna-soja-2/fizjoterapeuta/zielona-gora
2026-02-09 12:22:43,983 | INFO | Found 6 unique email addresses.
2026-02-09 12:22:45,648 | INFO | [42/45] Fetching emails for: Dorota Antoniewicz
2026-02-09 12:22:45,648 | INFO | Fetching emails from website: https://www.znanylekarz.pl/dorota-antoniewicz/fizjoterapeuta/zielona-gora
2026-02-09 12:22:46,066 | INFO | Found 6 unique email addresses.
2026-02-09 12:22:47,198 | INFO | [43/45] Fetching emails for: mgr Karolina Szulczyk
2026-02-09 12:22:47,199 | INFO | Fetching emails from website: https://www.znanylekarz.pl/karolina-szulczyk/fizjoterapeuta/zielona-gora
2026-02-09 12:22:47,667 | INFO | Found 6 unique email addresses.
2026-02-09 12:22:48,908 | INFO | [44/45] Fetching emails for: mgr Marta Adamczyk
2026-02-09 12:22:48,909 | INFO | Fetching emails from website: https://www.znanylekarz.pl/marta-adamczyk-2/fizjoterapeuta/zielona-gora
2026-02-09 12:22:49,387 | INFO | Found 6 unique email addresses.
2026-02-09 12:22:51,088 | INFO | [45/45] Fetching emails for: mgr Wojciech Doborzyński
2026-02-09 12:22:51,088 | INFO | Fetching emails from website: https://www.znanylekarz.pl/wojciech-doborzynski/fizjoterapeuta/zielona-gora
2026-02-09 12:22:51,608 | INFO | Found 6 unique email addresses.
2026-02-09 12:23:07,141 | INFO | Saved 58 records to hehe.xlsx
