2026-02-09 12:48:28,176 | INFO | Log file: logs\masaz_wroclaw_20260209_124828.log
2026-02-09 12:48:28,178 | INFO | === Fetching data from Panorama Firm ===
2026-02-09 12:48:28,178 | INFO | Scraping data from Panorama Firm for: masaz in Wrocław
2026-02-09 12:48:28,178 | INFO | Fetching page 1 from Panorama Firm...
2026-02-09 12:48:29,040 | INFO | No more results found on page 1
2026-02-09 12:48:29,041 | INFO | === Fetching data from PKT.pl ===
2026-02-09 12:48:29,041 | INFO | Scraping data from PKT.pl for: masaz in Wrocław
2026-02-09 12:48:29,041 | INFO | Fetching page 1 from PKT.pl...
2026-02-09 12:48:29,938 | INFO | No more results found on page 1
2026-02-09 12:48:29,938 | INFO | === Fetching data from Booksy ===
2026-02-09 12:48:33,482 | INFO | Scraping Booksy category 'masaz' for Wrocław
2026-02-09 12:48:35,046 | INFO | Booksy: found 20 listings on page 1
2026-02-09 12:48:39,933 | INFO | Booksy: found 20 listings on page 2
2026-02-09 12:48:43,421 | INFO | Booksy: found 20 listings on page 3
2026-02-09 12:48:44,929 | INFO | === Fetching data from SPAeden rankings ===
2026-02-09 12:48:45,549 | INFO | SPAeden: extracted 13 ranking entries
2026-02-09 12:48:45,550 | INFO | === Fetching data from Fresha ===
2026-02-09 12:48:45,889 | WARNING | Fresha: error fetching https://www.fresha.com/lp/en/bt/massage/in/pl-wroclaw: 404 Client Error: Not Found for url: https://www.fresha.com/lp/en/bt/massage/in/pl-wroclaw
2026-02-09 12:48:45,889 | INFO | === Fetching data from Moment.pl ===
2026-02-09 12:48:45,890 | INFO | Moment.pl redirects to Booksy; reusing Booksy results.
2026-02-09 12:48:47,408 | INFO | Scraping Booksy category 'masaz' for Wrocław
2026-02-09 12:48:49,680 | INFO | Booksy: found 20 listings on page 1
2026-02-09 12:48:53,129 | INFO | Booksy: found 20 listings on page 2
2026-02-09 12:48:57,991 | INFO | Booksy: found 20 listings on page 3
2026-02-09 12:48:59,738 | INFO | === Fetching data from Cylex ===
2026-02-09 12:49:07,985 | WARNING | Cylex: Cloudflare block detected for https://www.cylex-polska.pl/firmy/?q=masaz+Wroc%C5%82aw
2026-02-09 12:49:15,429 | WARNING | Cylex: Cloudflare block detected for https://www.cylex-polska.pl/firmy?q=masaz+Wroc%C5%82aw
2026-02-09 12:49:23,085 | WARNING | Cylex: Cloudflare block detected for https://www.cylex-polska.pl/masaz.html
2026-02-09 12:49:30,507 | WARNING | Cylex: Cloudflare block detected for https://www.cylex-polska.pl/wroclaw/?q=masaz+Wroc%C5%82aw
2026-02-09 12:49:37,957 | WARNING | Cylex: Cloudflare block detected for https://www.cylex-polska.pl/wroclaw/
2026-02-09 12:49:37,958 | INFO | === Fetching data from Oferteo ===
2026-02-09 12:49:49,133 | INFO | Oferteo: collected 8 profiles from https://www.oferteo.pl/masazysci/wroclaw
2026-02-09 12:49:51,544 | INFO | Oferteo: collected 8 profiles from https://www.oferteo.pl/masazysci/wroclaw?page=2
2026-02-09 12:49:53,972 | INFO | Oferteo: collected 8 profiles from https://www.oferteo.pl/masazysci/wroclaw?page=3
2026-02-09 12:49:55,955 | INFO | Oferteo: collected 8 profiles from https://www.oferteo.pl/masaz/wroclaw
2026-02-09 12:49:58,548 | INFO | Oferteo: collected 8 profiles from https://www.oferteo.pl/masaz/wroclaw?page=2
2026-02-09 12:50:00,895 | INFO | Oferteo: collected 8 profiles from https://www.oferteo.pl/masaz/wroclaw?page=3
2026-02-09 12:50:18,557 | INFO | Oferteo: collected 8 profiles from https://www.oferteo.pl/firmy/wroclaw?q=masaz
2026-02-09 12:50:18,557 | INFO | === Fetching data from Firmy.net ===
2026-02-09 12:50:22,235 | INFO | Firmy.net: collected 14 profiles
2026-02-09 12:50:22,236 | INFO | === Fetching data from BiznesFinder ===
2026-02-09 12:50:24,132 | INFO | BiznesFinder: collected 0 profiles
2026-02-09 12:50:24,133 | INFO | === Fetching data from ZnanyLekarz ===
2026-02-09 12:50:26,501 | INFO | ZnanyLekarz: page 1 profiles 17
2026-02-09 12:50:30,120 | INFO | ZnanyLekarz: page 2 profiles 18
2026-02-09 12:50:33,494 | INFO | ZnanyLekarz: page 3 profiles 17
2026-02-09 12:50:34,806 | INFO | === Fetching data from Fixly ===
2026-02-09 12:50:43,933 | INFO | Fixly: no listings found on https://fixly.pl/kategoria/masaz/wroclaw
2026-02-09 12:50:43,934 | INFO | === Fetching data from Google Places API ===
2026-02-09 12:50:44,233 | ERROR | API Error: REQUEST_DENIED - The provided API key is invalid.
2026-02-09 12:50:44,233 | INFO | No results found in Google Places.
2026-02-09 12:50:44,236 | INFO | After deduplication, we have 106 unique businesses.
2026-02-09 12:50:44,237 | INFO | === Fetching emails from websites ===
2026-02-09 12:50:44,237 | INFO | Found 93 businesses with website addresses.
2026-02-09 12:50:44,237 | INFO | [1/93] Fetching emails for: Llarion_masaż Śrutowa 4/4 Pierwsze piętro Lokal 4 Śrutowa 4, 4, 50-256, Wrocław, Śródmieście Karty podarunkowe Booksy
2026-02-09 12:50:44,237 | INFO | Fetching emails from website: https://booksy.com/pl-pl/pl-pl/154509_llarion-masaz-srutowa-4-4-pierwsze-pietro-lokal-4_masaz_13750_wroclaw#ba_s=sr_1
2026-02-09 12:50:44,373 | ERROR | Error fetching emails from https://booksy.com/pl-pl/pl-pl/154509_llarion-masaz-srutowa-4-4-pierwsze-pietro-lokal-4_masaz_13750_wroclaw#ba_s=sr_1: 404 Client Error: Not Found for url: https://booksy.com/pl-pl/pl-pl/154509_llarion-masaz-srutowa-4-4-pierwsze-pietro-lokal-4_masaz_13750_wroclaw#ba_s=sr_1
2026-02-09 12:50:45,703 | INFO | [2/93] Fetching emails for: Nakhon Thai Massage Białowieska 79C, 54-234, Wrocław, Fabryczna Karty podarunkowe Booksy
2026-02-09 12:50:45,703 | INFO | Fetching emails from website: https://booksy.com/pl-pl/pl-pl/292752_nakhon-thai-massage_masaz_13750_wroclaw#ba_s=sr_1
2026-02-09 12:50:46,132 | ERROR | Error fetching emails from https://booksy.com/pl-pl/pl-pl/292752_nakhon-thai-massage_masaz_13750_wroclaw#ba_s=sr_1: 404 Client Error: Not Found for url: https://booksy.com/pl-pl/pl-pl/292752_nakhon-thai-massage_masaz_13750_wroclaw#ba_s=sr_1
2026-02-09 12:50:47,761 | INFO | [3/93] Fetching emails for: RUMI STUDIO URODY Ludwika Idzikowskiego 20/12, 54-129, Wrocław, Fabryczna
2026-02-09 12:50:47,761 | INFO | Fetching emails from website: https://booksy.com/pl-pl/pl-pl/298329_rumi-studio-urody_masaz_13750_wroclaw#ba_s=sr_1
2026-02-09 12:50:48,201 | ERROR | Error fetching emails from https://booksy.com/pl-pl/pl-pl/298329_rumi-studio-urody_masaz_13750_wroclaw#ba_s=sr_1: 404 Client Error: Not Found for url: https://booksy.com/pl-pl/pl-pl/298329_rumi-studio-urody_masaz_13750_wroclaw#ba_s=sr_1
2026-02-09 12:50:49,892 | INFO | [4/93] Fetching emails for: Hero KOBIDO & MASAŻ Wrocław bulwar Ikara, 24 (Wejście w Salonie Różowe Oko Przy Rondzie W Osiedlu), 54-130, Wrocław, Fabryczna Karty podarunkowe Booksy
2026-02-09 12:50:49,893 | INFO | Fetching emails from website: https://booksy.com/pl-pl/pl-pl/227109_hero-kobido-masaz-wroclaw_masaz_13750_wroclaw#ba_s=sr_1
2026-02-09 12:50:50,027 | ERROR | Error fetching emails from https://booksy.com/pl-pl/pl-pl/227109_hero-kobido-masaz-wroclaw_masaz_13750_wroclaw#ba_s=sr_1: 404 Client Error: Not Found for url: https://booksy.com/pl-pl/pl-pl/227109_hero-kobido-masaz-wroclaw_masaz_13750_wroclaw#ba_s=sr_1
2026-02-09 12:50:51,704 | INFO | [5/93] Fetching emails for: Salon masażu “Soma Touch” Jaworska 8e/1, 53-612, Wrocław, Fabryczna Karty podarunkowe Booksy
2026-02-09 12:50:51,705 | INFO | Fetching emails from website: https://booksy.com/pl-pl/pl-pl/312345_salon-masazu-soma-touch_masaz_13750_wroclaw#ba_s=sr_1
2026-02-09 12:50:52,504 | ERROR | Error fetching emails from https://booksy.com/pl-pl/pl-pl/312345_salon-masazu-soma-touch_masaz_13750_wroclaw#ba_s=sr_1: 404 Client Error: Not Found for url: https://booksy.com/pl-pl/pl-pl/312345_salon-masazu-soma-touch_masaz_13750_wroclaw#ba_s=sr_1
2026-02-09 12:50:54,321 | INFO | [6/93] Fetching emails for: Gloria Spa Stacyjna 1/2, 53-613, Wrocław Karty podarunkowe Booksy
2026-02-09 12:50:54,322 | INFO | Fetching emails from website: https://booksy.com/pl-pl/pl-pl/293386_gloria-spa_masaz_13750_wroclaw#ba_s=sr_1
2026-02-09 12:50:54,463 | ERROR | Error fetching emails from https://booksy.com/pl-pl/pl-pl/293386_gloria-spa_masaz_13750_wroclaw#ba_s=sr_1: 404 Client Error: Not Found for url: https://booksy.com/pl-pl/pl-pl/293386_gloria-spa_masaz_13750_wroclaw#ba_s=sr_1
2026-02-09 12:50:56,057 | INFO | [7/93] Fetching emails for: COCO ( Masaż Wrocław | masaż kobido | relaksacyjny | tajski | lomi lomi | balijski | massage for two) Białoskórnicza 5/, 50-134, Wrocław Karty podarunkowe Booksy
2026-02-09 12:50:56,057 | INFO | Fetching emails from website: https://booksy.com/pl-pl/pl-pl/225127_coco-masaz-wroclaw-masaz-kobido-relaksacyjny-tajski-lomi-lomi-balijski-massage-for-two_masaz_13750_wroclaw#ba_s=sr_1
2026-02-09 12:50:56,875 | ERROR | Error fetching emails from https://booksy.com/pl-pl/pl-pl/225127_coco-masaz-wroclaw-masaz-kobido-relaksacyjny-tajski-lomi-lomi-balijski-massage-for-two_masaz_13750_wroclaw#ba_s=sr_1: 404 Client Error: Not Found for url: https://booksy.com/pl-pl/pl-pl/225127_coco-masaz-wroclaw-masaz-kobido-relaksacyjny-tajski-lomi-lomi-balijski-massage-for-two_masaz_13750_wroclaw#ba_s=sr_1
2026-02-09 12:50:58,789 | INFO | [8/93] Fetching emails for: Massage Wroclaw Spa Białoskórnicza, 50-134, Wrocław
2026-02-09 12:50:58,789 | INFO | Fetching emails from website: https://booksy.com/pl-pl/pl-pl/328179_massage-wroclaw-spa_masaz_13750_wroclaw#ba_s=sr_1
2026-02-09 12:50:59,696 | ERROR | Error fetching emails from https://booksy.com/pl-pl/pl-pl/328179_massage-wroclaw-spa_masaz_13750_wroclaw#ba_s=sr_1: 404 Client Error: Not Found for url: https://booksy.com/pl-pl/pl-pl/328179_massage-wroclaw-spa_masaz_13750_wroclaw#ba_s=sr_1
2026-02-09 12:51:00,787 | INFO | [9/93] Fetching emails for: Terapia Bowena Ilona Strączek Wejście do lokalu bezpośrednio z chodnika, Kozanowska 81, 54-152, Wrocław, Fabryczna Karty podarunkowe Booksy
2026-02-09 12:51:00,787 | INFO | Fetching emails from website: https://booksy.com/pl-pl/pl-pl/281756_terapia-bowena-ilona-straczek_masaz_13750_wroclaw#ba_s=sr_1
2026-02-09 12:51:01,601 | ERROR | Error fetching emails from https://booksy.com/pl-pl/pl-pl/281756_terapia-bowena-ilona-straczek_masaz_13750_wroclaw#ba_s=sr_1: 404 Client Error: Not Found for url: https://booksy.com/pl-pl/pl-pl/281756_terapia-bowena-ilona-straczek_masaz_13750_wroclaw#ba_s=sr_1
2026-02-09 12:51:03,001 | INFO | [10/93] Fetching emails for: LIMFA Centrum Terapii Limfatycznej i Masażu ⚠️-10% na pierwszą wizytę przy rezerwacji telefonicznej☎️, Łaciarska 7, 50-104, Wrocław Karty podarunkowe Booksy
2026-02-09 12:51:03,002 | INFO | Fetching emails from website: https://booksy.com/pl-pl/pl-pl/239035_limfa-centrum-terapii-limfatycznej-i-masazu_masaz_13750_wroclaw#ba_s=sr_1
2026-02-09 12:51:03,453 | ERROR | Error fetching emails from https://booksy.com/pl-pl/pl-pl/239035_limfa-centrum-terapii-limfatycznej-i-masazu_masaz_13750_wroclaw#ba_s=sr_1: 404 Client Error: Not Found for url: https://booksy.com/pl-pl/pl-pl/239035_limfa-centrum-terapii-limfatycznej-i-masazu_masaz_13750_wroclaw#ba_s=sr_1
2026-02-09 12:51:04,822 | INFO | [11/93] Fetching emails for: LICO I CIAŁO
2026-02-09 12:51:04,822 | INFO | Fetching emails from website: https://booksy.com/pl-pl/pl-pl/173954_lico-i-cialo-rytualy-masazu_masaz_13750_wroclaw#ba_s=sr_1
2026-02-09 12:51:05,318 | ERROR | Error fetching emails from https://booksy.com/pl-pl/pl-pl/173954_lico-i-cialo-rytualy-masazu_masaz_13750_wroclaw#ba_s=sr_1: 404 Client Error: Not Found for url: https://booksy.com/pl-pl/pl-pl/173954_lico-i-cialo-rytualy-masazu_masaz_13750_wroclaw#ba_s=sr_1
2026-02-09 12:51:07,004 | INFO | [12/93] Fetching emails for: Studio Masażu Wrocław Rogowska 52A, 54-440, Wrocław, Fabryczna Karty podarunkowe Booksy
2026-02-09 12:51:07,005 | INFO | Fetching emails from website: https://booksy.com/pl-pl/pl-pl/214400_studio-masazu-wroclaw_masaz_13750_wroclaw#ba_s=sr_1
2026-02-09 12:51:07,178 | ERROR | Error fetching emails from https://booksy.com/pl-pl/pl-pl/214400_studio-masazu-wroclaw_masaz_13750_wroclaw#ba_s=sr_1: 404 Client Error: Not Found for url: https://booksy.com/pl-pl/pl-pl/214400_studio-masazu-wroclaw_masaz_13750_wroclaw#ba_s=sr_1
2026-02-09 12:51:08,944 | INFO | [13/93] Fetching emails for: Masaże Hollywood Magic Touch Wrocław Gen. Władysława Sikorskiego 5/5e, 53-659, Wrocław
2026-02-09 12:51:08,945 | INFO | Fetching emails from website: https://booksy.com/pl-pl/pl-pl/301861_masaze-hollywood-magic-touch-wroclaw_masaz_13750_wroclaw#ba_s=sr_1
2026-02-09 12:51:09,756 | ERROR | Error fetching emails from https://booksy.com/pl-pl/pl-pl/301861_masaze-hollywood-magic-touch-wroclaw_masaz_13750_wroclaw#ba_s=sr_1: 404 Client Error: Not Found for url: https://booksy.com/pl-pl/pl-pl/301861_masaze-hollywood-magic-touch-wroclaw_masaz_13750_wroclaw#ba_s=sr_1
2026-02-09 12:51:11,573 | INFO | [14/93] Fetching emails for: Dotyk zdrowia studio masażu Tadeusza Kościuszki 5/2, 50-438, Wrocław, Krzyki Karty podarunkowe Booksy
2026-02-09 12:51:11,574 | INFO | Fetching emails from website: https://booksy.com/pl-pl/pl-pl/327869_dotyk-zdrowia-studio-masazu_masaz_13750_wroclaw#ba_s=sr_1
2026-02-09 12:51:11,708 | ERROR | Error fetching emails from https://booksy.com/pl-pl/pl-pl/327869_dotyk-zdrowia-studio-masazu_masaz_13750_wroclaw#ba_s=sr_1: 404 Client Error: Not Found for url: https://booksy.com/pl-pl/pl-pl/327869_dotyk-zdrowia-studio-masazu_masaz_13750_wroclaw#ba_s=sr_1
2026-02-09 12:51:13,552 | INFO | [15/93] Fetching emails for: Studio Viktoria Kasta Sokolnicza 7/17 lokal 13, 54-152, Wrocław, Fabryczna
2026-02-09 12:51:13,552 | INFO | Fetching emails from website: https://booksy.com/pl-pl/pl-pl/213475_studio-viktoria-kasta_masaz_13750_wroclaw#ba_s=sr_1
2026-02-09 12:51:13,670 | ERROR | Error fetching emails from https://booksy.com/pl-pl/pl-pl/213475_studio-viktoria-kasta_masaz_13750_wroclaw#ba_s=sr_1: 404 Client Error: Not Found for url: https://booksy.com/pl-pl/pl-pl/213475_studio-viktoria-kasta_masaz_13750_wroclaw#ba_s=sr_1
2026-02-09 12:51:15,217 | INFO | [16/93] Fetching emails for: FEU.Studio Masażu | Tattoo | Wrocław Wita Stwosza 3, 120, 50-102, Wrocław Karty podarunkowe Booksy
2026-02-09 12:51:15,218 | INFO | Fetching emails from website: https://booksy.com/pl-pl/pl-pl/241882_feu-studio-masazu-tattoo-wroclaw_masaz_13750_wroclaw#ba_s=sr_1
2026-02-09 12:51:15,396 | ERROR | Error fetching emails from https://booksy.com/pl-pl/pl-pl/241882_feu-studio-masazu-tattoo-wroclaw_masaz_13750_wroclaw#ba_s=sr_1: 404 Client Error: Not Found for url: https://booksy.com/pl-pl/pl-pl/241882_feu-studio-masazu-tattoo-wroclaw_masaz_13750_wroclaw#ba_s=sr_1
2026-02-09 12:51:17,036 | INFO | [17/93] Fetching emails for: Harmoniaj Dotyku Zelwerowicza 16, 53-676, Wrocław
2026-02-09 12:51:17,037 | INFO | Fetching emails from website: https://booksy.com/pl-pl/pl-pl/163355_harmoniaj-dotyku_masaz_13750_wroclaw#ba_s=sr_1
2026-02-09 12:51:17,177 | ERROR | Error fetching emails from https://booksy.com/pl-pl/pl-pl/163355_harmoniaj-dotyku_masaz_13750_wroclaw#ba_s=sr_1: 404 Client Error: Not Found for url: https://booksy.com/pl-pl/pl-pl/163355_harmoniaj-dotyku_masaz_13750_wroclaw#ba_s=sr_1
2026-02-09 12:51:18,623 | INFO | [18/93] Fetching emails for: Harmonia Ciała Wrocław
2026-02-09 12:51:18,623 | INFO | Fetching emails from website: https://booksy.com/pl-pl/pl-pl/163837_harmonia-ciala-wroclaw-masaz-kobido-refleksoterapia_masaz_13750_wroclaw#ba_s=sr_1
2026-02-09 12:51:19,074 | ERROR | Error fetching emails from https://booksy.com/pl-pl/pl-pl/163837_harmonia-ciala-wroclaw-masaz-kobido-refleksoterapia_masaz_13750_wroclaw#ba_s=sr_1: 404 Client Error: Not Found for url: https://booksy.com/pl-pl/pl-pl/163837_harmonia-ciala-wroclaw-masaz-kobido-refleksoterapia_masaz_13750_wroclaw#ba_s=sr_1
2026-02-09 12:51:20,082 | INFO | [19/93] Fetching emails for: Belleza Ulica Pomorska 59, Wejście do salonu fryzjerskiego, 50-075, Wrocław
2026-02-09 12:51:20,083 | INFO | Fetching emails from website: https://booksy.com/pl-pl/pl-pl/309216_belleza_masaz_13750_wroclaw#ba_s=sr_1
2026-02-09 12:51:20,519 | ERROR | Error fetching emails from https://booksy.com/pl-pl/pl-pl/309216_belleza_masaz_13750_wroclaw#ba_s=sr_1: 404 Client Error: Not Found for url: https://booksy.com/pl-pl/pl-pl/309216_belleza_masaz_13750_wroclaw#ba_s=sr_1
2026-02-09 12:51:22,248 | INFO | [20/93] Fetching emails for: Fizjoterapia i Masaże Egobody ul. Hermanowska 45 Hermanowska 45, 54-314, Wrocław, Fabryczna Karty podarunkowe Booksy
2026-02-09 12:51:22,249 | INFO | Fetching emails from website: https://booksy.com/pl-pl/pl-pl/200979_fizjoterapia-i-masaze-egobody-ul-hermanowska-45_masaz_13750_wroclaw#ba_s=sr_1
2026-02-09 12:51:22,689 | ERROR | Error fetching emails from https://booksy.com/pl-pl/pl-pl/200979_fizjoterapia-i-masaze-egobody-ul-hermanowska-45_masaz_13750_wroclaw#ba_s=sr_1: 404 Client Error: Not Found for url: https://booksy.com/pl-pl/pl-pl/200979_fizjoterapia-i-masaze-egobody-ul-hermanowska-45_masaz_13750_wroclaw#ba_s=sr_1
2026-02-09 12:51:24,086 | INFO | [21/93] Fetching emails for: Pracownia Fizjoterapii i Masażu Magdalena Sierakowska
2026-02-09 12:51:24,086 | INFO | Fetching emails from website: https://play.google.com/store/apps/details?id=pl.epoint.oferteo.buyers.oferteo_ordering&hl=pl 
2026-02-09 12:51:25,174 | INFO | [22/93] Fetching emails for: Gabinet masażu i fizjoterapii Zdrowa Sylwetka
2026-02-09 12:51:25,175 | INFO | Fetching emails from website: https://play.google.com/store/apps/details?id=pl.epoint.oferteo.buyers.oferteo_ordering&hl=pl 
2026-02-09 12:51:26,457 | INFO | [23/93] Fetching emails for: Aktywna Rehabilitacja Masaż
2026-02-09 12:51:26,457 | INFO | Fetching emails from website: https://play.google.com/store/apps/details?id=pl.epoint.oferteo.buyers.oferteo_ordering&hl=pl 
2026-02-09 12:51:28,317 | INFO | [24/93] Fetching emails for: OLO Masaż z dojazdem
2026-02-09 12:51:28,317 | INFO | Fetching emails from website: https://play.google.com/store/apps/details?id=pl.epoint.oferteo.buyers.oferteo_ordering&hl=pl 
2026-02-09 12:51:29,517 | INFO | [25/93] Fetching emails for: Studio Masażu Harmonia Dotyku
2026-02-09 12:51:29,518 | INFO | Fetching emails from website: https://play.google.com/store/apps/details?id=pl.epoint.oferteo.buyers.oferteo_ordering&hl=pl 
2026-02-09 12:51:31,381 | INFO | [26/93] Fetching emails for: Natalia.N.Masaż
2026-02-09 12:51:31,382 | INFO | Fetching emails from website: https://play.google.com/store/apps/details?id=pl.epoint.oferteo.buyers.oferteo_ordering&hl=pl 
2026-02-09 12:51:33,119 | INFO | [27/93] Fetching emails for: Andrzej Jastrzemski Mobilny Masażysta
2026-02-09 12:51:33,120 | INFO | Fetching emails from website: https://play.google.com/store/apps/details?id=pl.epoint.oferteo.buyers.oferteo_ordering&hl=pl 
2026-02-09 12:51:34,402 | INFO | [28/93] Fetching emails for: Terapie ciała Masaże z intencją
2026-02-09 12:51:34,403 | INFO | Fetching emails from website: https://play.google.com/store/apps/details?id=pl.epoint.oferteo.buyers.oferteo_ordering&hl=pl 
2026-02-09 12:51:35,624 | INFO | [29/93] Fetching emails for: MASAŻ & HAMMAM Remigiusz Kostusiak
2026-02-09 12:51:35,625 | INFO | Fetching emails from website: https://www.firmy.net/zdrowie-i-profilaktyka/masaz-kudowapl,W72DW.html
2026-02-09 12:51:36,170 | INFO | Found 0 unique email addresses.
2026-02-09 12:51:37,277 | INFO | [30/93] Fetching emails for: Studio Masażu Satina
2026-02-09 12:51:37,277 | INFO | Fetching emails from website: https://www.firmy.net/masaze/studio-satina,WTHHN.html
2026-02-09 12:51:37,498 | INFO | Found 0 unique email addresses.
2026-02-09 12:51:39,215 | INFO | [31/93] Fetching emails for: Instytut Urody Beauty 92
2026-02-09 12:51:39,215 | INFO | Fetching emails from website: https://www.firmy.net/gabinety-kosmetyczne/beauty92,W1H94.html
2026-02-09 12:51:39,438 | INFO | Found 0 unique email addresses.
2026-02-09 12:51:40,612 | INFO | [32/93] Fetching emails for: MEDISAN
2026-02-09 12:51:40,613 | INFO | Fetching emails from website: https://www.firmy.net/masaze/medisan,P54P6.html
2026-02-09 12:51:40,855 | INFO | Found 0 unique email addresses.
2026-02-09 12:51:42,726 | INFO | [33/93] Fetching emails for: PICO-BELLO Gabinet Kosmetyki Profesjonalnej
2026-02-09 12:51:42,726 | INFO | Fetching emails from website: https://www.firmy.net/masaze/pico-bello,Y2KFZ.html
2026-02-09 12:51:42,958 | INFO | Found 0 unique email addresses.
2026-02-09 12:51:44,751 | INFO | [34/93] Fetching emails for: Jusmed Fizjoterapia Wyjazdowa
2026-02-09 12:51:44,752 | INFO | Fetching emails from website: https://www.firmy.net/lekarze-fizjoterapeuci/jusmed,WZ8HY.html
2026-02-09 12:51:44,970 | INFO | Found 0 unique email addresses.
2026-02-09 12:51:46,925 | INFO | [35/93] Fetching emails for: SYMBIO Centrum Masażu
2026-02-09 12:51:46,926 | INFO | Fetching emails from website: https://www.firmy.net/lekarze-fizjoterapeuci/symbio,PBWNS.html
2026-02-09 12:51:47,133 | INFO | Found 0 unique email addresses.
2026-02-09 12:51:48,655 | INFO | [36/93] Fetching emails for: Artha Instytut Barbara Erber
2026-02-09 12:51:48,655 | INFO | Fetching emails from website: https://www.firmy.net/masaze/artha-instytut,WCQ6Q.html
2026-02-09 12:51:48,846 | INFO | Found 0 unique email addresses.
2026-02-09 12:51:49,925 | INFO | [37/93] Fetching emails for: Instytut Zdrowia i Urody
2026-02-09 12:51:49,926 | INFO | Fetching emails from website: https://www.firmy.net/gabinety-kosmetyczne/fantasticbody,WCTN7.html
2026-02-09 12:51:50,140 | INFO | Found 0 unique email addresses.
2026-02-09 12:51:51,228 | INFO | [38/93] Fetching emails for: Gabinet Masażu i Kosmetyki Litai
2026-02-09 12:51:51,229 | INFO | Fetching emails from website: https://www.firmy.net/masaze/litai,Y2Y8P.html
2026-02-09 12:51:51,425 | INFO | Found 0 unique email addresses.
2026-02-09 12:51:52,710 | INFO | [39/93] Fetching emails for: REMAS Krzysztof Wojtasiak
2026-02-09 12:51:52,710 | INFO | Fetching emails from website: https://www.firmy.net/medycyna-naturalna-i-niekonwencjonalna/rehabilitacja,WXX8Q.html
2026-02-09 12:51:52,925 | INFO | Found 0 unique email addresses.
2026-02-09 12:51:54,200 | INFO | [40/93] Fetching emails for: POSITIVA Izabela Sądel
2026-02-09 12:51:54,200 | INFO | Fetching emails from website: https://www.firmy.net/masaze/positiva,PBM2G.html
2026-02-09 12:51:54,404 | INFO | Found 0 unique email addresses.
2026-02-09 12:51:56,302 | INFO | [41/93] Fetching emails for: Dakini gabinet masażu Tantra
2026-02-09 12:51:56,303 | INFO | Fetching emails from website: https://www.firmy.net/masaze/tantra-spa,WF8Y3.html
2026-02-09 12:51:56,494 | INFO | Found 0 unique email addresses.
2026-02-09 12:51:57,632 | INFO | [42/93] Fetching emails for: Fizjomed - Wizyty Domowe
2026-02-09 12:51:57,633 | INFO | Fetching emails from website: https://www.firmy.net/masaze/fizjomed,W2GY3.html
2026-02-09 12:51:57,840 | INFO | Found 0 unique email addresses.
2026-02-09 12:51:59,701 | INFO | [43/93] Fetching emails for: mgr Kamil Wolak
2026-02-09 12:51:59,701 | INFO | Fetching emails from website: https://www.znanylekarz.pl/kamil-wolak/fizjoterapeuta/wroclaw
2026-02-09 12:52:01,173 | INFO | [44/93] Fetching emails for: mgr Jacek Nycnerski
2026-02-09 12:52:01,173 | INFO | Fetching emails from website: https://www.znanylekarz.pl/jacek-nycnerski/fizjoterapeuta/wroclaw
2026-02-09 12:52:03,084 | INFO | [45/93] Fetching emails for: mgr Józef Latacz
2026-02-09 12:52:03,084 | INFO | Fetching emails from website: https://www.znanylekarz.pl/jozef-latacz/fizjoterapeuta/wroclaw
2026-02-09 12:52:04,204 | INFO | [46/93] Fetching emails for: mgr Agata Tworzydło
2026-02-09 12:52:04,205 | INFO | Fetching emails from website: https://www.znanylekarz.pl/agata-tworzydlo/fizjoterapeuta/wroclaw
2026-02-09 12:52:05,216 | INFO | [47/93] Fetching emails for: mgr Magdalena Müller
2026-02-09 12:52:05,216 | INFO | Fetching emails from website: https://www.znanylekarz.pl/magdalena-muller/logopeda/wroclaw
2026-02-09 12:52:06,289 | INFO | [48/93] Fetching emails for: mgr Andrzej Wojdała
2026-02-09 12:52:06,290 | INFO | Fetching emails from website: https://www.znanylekarz.pl/andrzej-wojdala/fizjoterapeuta/wroclaw
2026-02-09 12:52:08,136 | INFO | [49/93] Fetching emails for: mgr Paweł Świsulski
2026-02-09 12:52:08,137 | INFO | Fetching emails from website: https://www.znanylekarz.pl/pawel-swisulski/fizjoterapeuta/wroclaw
2026-02-09 12:52:09,604 | INFO | [50/93] Fetching emails for: mgr Kaja Jędyk
2026-02-09 12:52:09,605 | INFO | Fetching emails from website: https://www.znanylekarz.pl/kaja-jedyk/fizjoterapeuta/wroclaw
2026-02-09 12:52:11,532 | INFO | [51/93] Fetching emails for: mgr Justyna Botór
2026-02-09 12:52:11,533 | INFO | Fetching emails from website: https://www.znanylekarz.pl/justyna-botor/fizjoterapeuta/wroclaw
2026-02-09 12:52:12,848 | INFO | [52/93] Fetching emails for: Mateusz Cioch
2026-02-09 12:52:12,848 | INFO | Fetching emails from website: https://www.znanylekarz.pl/mateusz-cioch/fizjoterapeuta/wroclaw
2026-02-09 12:52:14,660 | INFO | [53/93] Fetching emails for: mgr Marta Kaszubowska
2026-02-09 12:52:14,661 | INFO | Fetching emails from website: https://www.znanylekarz.pl/marta-kaszubowska/fizjoterapeuta/wroclaw
2026-02-09 12:52:16,305 | INFO | [54/93] Fetching emails for: mgr Maciej Klimpel
2026-02-09 12:52:16,306 | INFO | Fetching emails from website: https://www.znanylekarz.pl/maciej-klimpel/fizjoterapeuta/wroclaw
2026-02-09 12:52:18,203 | INFO | [55/93] Fetching emails for: mgr Patryk Pietrań
2026-02-09 12:52:18,203 | INFO | Fetching emails from website: https://www.znanylekarz.pl/patryk-pietran/fizjoterapeuta/wroclaw
2026-02-09 12:52:19,604 | INFO | [56/93] Fetching emails for: mgr Weronika Massalska (Hryńczuk)
2026-02-09 12:52:19,605 | INFO | Fetching emails from website: https://www.znanylekarz.pl/weronika-massalska-hrynczuk/fizjoterapeuta/wroclaw
2026-02-09 12:52:21,189 | INFO | [57/93] Fetching emails for: mgr Anna Zięba
2026-02-09 12:52:21,189 | INFO | Fetching emails from website: https://www.znanylekarz.pl/anna-zieba-3/fizjoterapeuta/wroclaw
2026-02-09 12:52:22,932 | INFO | [58/93] Fetching emails for: mgr Damian Siódmak
2026-02-09 12:52:22,933 | INFO | Fetching emails from website: https://www.znanylekarz.pl/damian-siodmak/fizjoterapeuta/wroclaw
2026-02-09 12:52:24,101 | INFO | [59/93] Fetching emails for: mgr Michał Smykała
2026-02-09 12:52:24,101 | INFO | Fetching emails from website: https://www.znanylekarz.pl/michal-smykala/fizjoterapeuta/wroclaw
2026-02-09 12:52:25,847 | INFO | [60/93] Fetching emails for: mgr Artur Herman
2026-02-09 12:52:25,848 | INFO | Fetching emails from website: https://www.znanylekarz.pl/artur-herman-2/fizjoterapeuta/wroclaw
2026-02-09 12:52:27,672 | INFO | [61/93] Fetching emails for: dr Tomasz Rutkowski
2026-02-09 12:52:27,672 | INFO | Fetching emails from website: https://www.znanylekarz.pl/tomasz-rutkowski-3/fizjoterapeuta/wroclaw
2026-02-09 12:52:29,464 | INFO | [62/93] Fetching emails for: mgr Daria Chobry
2026-02-09 12:52:29,464 | INFO | Fetching emails from website: https://www.znanylekarz.pl/daria-chobry/fizjoterapeuta/wroclaw
2026-02-09 12:52:31,118 | INFO | [63/93] Fetching emails for: mgr Jakub Szrajber
2026-02-09 12:52:31,119 | INFO | Fetching emails from website: https://www.znanylekarz.pl/jakub-szrajber/fizjoterapeuta/wroclaw
2026-02-09 12:52:32,622 | INFO | [64/93] Fetching emails for: mgr Monika Mazepa
2026-02-09 12:52:32,623 | INFO | Fetching emails from website: https://www.znanylekarz.pl/monika-mazepa/fizjoterapeuta/wroclaw
2026-02-09 12:52:34,206 | INFO | [65/93] Fetching emails for: mgr Joanna Strzelecka
2026-02-09 12:52:34,207 | INFO | Fetching emails from website: https://www.znanylekarz.pl/joanna-strzelecka-2/fizjoterapeuta/wroclaw
2026-02-09 12:52:35,331 | INFO | [66/93] Fetching emails for: dr n. med. i n. o zdr. Maciej Grzeszczuk
2026-02-09 12:52:35,331 | INFO | Fetching emails from website: https://www.znanylekarz.pl/maciej-grzeszczuk-2/fizjoterapeuta-osteopata/wroclaw
2026-02-09 12:52:36,470 | INFO | [67/93] Fetching emails for: mgr Anna Łoch
2026-02-09 12:52:36,470 | INFO | Fetching emails from website: https://www.znanylekarz.pl/anna-loch/fizjoterapeuta/wroclaw
2026-02-09 12:52:37,610 | INFO | [68/93] Fetching emails for: mgr Jakub Jędrzychowski
2026-02-09 12:52:37,610 | INFO | Fetching emails from website: https://www.znanylekarz.pl/jakub-jedrzychowski/fizjoterapeuta/wroclaw
2026-02-09 12:52:39,401 | INFO | [69/93] Fetching emails for: mgr Magdalena Szadzianiec
2026-02-09 12:52:39,401 | INFO | Fetching emails from website: https://www.znanylekarz.pl/magdalena-szadzianiec/fizjoterapeuta/wroclaw
2026-02-09 12:52:40,943 | INFO | [70/93] Fetching emails for: mgr Jakub Gajos
2026-02-09 12:52:40,943 | INFO | Fetching emails from website: https://www.znanylekarz.pl/jakub-gajos-2/fizjoterapeuta/wroclaw
2026-02-09 12:52:41,970 | INFO | [71/93] Fetching emails for: mgr Jan Prusakiewicz
2026-02-09 12:52:41,971 | INFO | Fetching emails from website: https://www.znanylekarz.pl/jan-prusakiewicz/fizjoterapeuta/wroclaw
2026-02-09 12:52:43,609 | INFO | [72/93] Fetching emails for: mgr Michał Kudrykiewicz
2026-02-09 12:52:43,609 | INFO | Fetching emails from website: https://www.znanylekarz.pl/michal-kudrykiewicz/fizjoterapeuta/wroclaw
2026-02-09 12:52:45,412 | INFO | [73/93] Fetching emails for: mgr Patryk Cieślar
2026-02-09 12:52:45,412 | INFO | Fetching emails from website: https://www.znanylekarz.pl/patryk-cieslar/fizjoterapeuta/wroclaw
2026-02-09 12:52:46,638 | INFO | [74/93] Fetching emails for: mgr Katarzyna Kowalczyk
2026-02-09 12:52:46,638 | INFO | Fetching emails from website: https://www.znanylekarz.pl/katarzyna-kowalczyk-10/fizjoterapeuta/wroclaw
2026-02-09 12:52:48,394 | INFO | [75/93] Fetching emails for: mgr Jacek Dąbrowski
2026-02-09 12:52:48,394 | INFO | Fetching emails from website: https://www.znanylekarz.pl/jacek-dabrowski-2/fizjoterapeuta/wroclaw
2026-02-09 12:52:49,496 | INFO | [76/93] Fetching emails for: mgr Patrycja Kulikowska
2026-02-09 12:52:49,497 | INFO | Fetching emails from website: https://www.znanylekarz.pl/patrycja-kulikowska/fizjoterapeuta/wroclaw
2026-02-09 12:52:51,057 | INFO | [77/93] Fetching emails for: mgr Renata Jackiewicz
2026-02-09 12:52:51,058 | INFO | Fetching emails from website: https://www.znanylekarz.pl/renata-jackiewicz/fizjoterapeuta/wroclaw
2026-02-09 12:52:52,310 | INFO | [78/93] Fetching emails for: mgr Kamila Jarmużek
2026-02-09 12:52:52,310 | INFO | Fetching emails from website: https://www.znanylekarz.pl/kamila-jarmuzek/fizjoterapeuta/wroclaw
2026-02-09 12:52:53,471 | INFO | [79/93] Fetching emails for: mgr Jacek Kulczycki
2026-02-09 12:52:53,471 | INFO | Fetching emails from website: https://www.znanylekarz.pl/jacek-kulczycki-2/fizjoterapeuta/wroclaw
2026-02-09 12:52:55,265 | INFO | [80/93] Fetching emails for: mgr Anna Maciejewska
2026-02-09 12:52:55,265 | INFO | Fetching emails from website: https://www.znanylekarz.pl/anna-maciejewska-3/fizjoterapeuta-logopeda/wroclaw
2026-02-09 12:52:56,713 | INFO | [81/93] Fetching emails for: mgr Julita Paruch
2026-02-09 12:52:56,714 | INFO | Fetching emails from website: https://www.znanylekarz.pl/julita-paruch/fizjoterapeuta/wroclaw
2026-02-09 12:52:58,243 | INFO | [82/93] Fetching emails for: mgr Przemysław Zalewski
2026-02-09 12:52:58,244 | INFO | Fetching emails from website: https://www.znanylekarz.pl/przemyslaw-zalewski/fizjoterapeuta/wroclaw
2026-02-09 12:52:59,442 | INFO | [83/93] Fetching emails for: mgr Łukasz Stonsiek
2026-02-09 12:52:59,442 | INFO | Fetching emails from website: https://www.znanylekarz.pl/lukasz-stonsiek/fizjoterapeuta/wroclaw
2026-02-09 12:53:01,054 | INFO | [84/93] Fetching emails for: mgr Krzysztof Tarapata
2026-02-09 12:53:01,055 | INFO | Fetching emails from website: https://www.znanylekarz.pl/krzysztof-tarapata/fizjoterapeuta/wroclaw
2026-02-09 12:53:02,561 | INFO | [85/93] Fetching emails for: mgr Michał Januszkiewicz
2026-02-09 12:53:02,562 | INFO | Fetching emails from website: https://www.znanylekarz.pl/michal-januszkiewicz/fizjoterapeuta/wroclaw
2026-02-09 12:53:04,033 | INFO | [86/93] Fetching emails for: mgr Anna Klima
2026-02-09 12:53:04,033 | INFO | Fetching emails from website: https://www.znanylekarz.pl/anna-klima/fizjoterapeuta/wroclaw
2026-02-09 12:53:05,268 | INFO | [87/93] Fetching emails for: mgr Krzysztof Wojtasiak
2026-02-09 12:53:05,269 | INFO | Fetching emails from website: https://www.znanylekarz.pl/krzysztof-wojtasiak-2/fizjoterapeuta/wroclaw
2026-02-09 12:53:06,470 | INFO | [88/93] Fetching emails for: mgr Marta  Kolankiewicz
2026-02-09 12:53:06,471 | INFO | Fetching emails from website: https://www.znanylekarz.pl/marta-kolankiewicz/fizjoterapeuta/wroclaw
2026-02-09 12:53:07,715 | INFO | [89/93] Fetching emails for: mgr Katarzyna Bobras-Kargol
2026-02-09 12:53:07,715 | INFO | Fetching emails from website: https://www.znanylekarz.pl/katarzyna-bobras-kargol/fizjoterapeuta/wroclaw
2026-02-09 12:53:08,887 | INFO | [90/93] Fetching emails for: Berenika Styczeń
2026-02-09 12:53:08,887 | INFO | Fetching emails from website: https://www.znanylekarz.pl/berenika-styczen-2/fizjoterapeuta/wroclaw
2026-02-09 12:53:10,169 | INFO | [91/93] Fetching emails for: mgr Michał Sosnowski
2026-02-09 12:53:10,169 | INFO | Fetching emails from website: https://www.znanylekarz.pl/michal-sosnowski-2/fizjoterapeuta/wroclaw
2026-02-09 12:53:11,441 | INFO | [92/93] Fetching emails for: mgr Klaudia Kusienicka
2026-02-09 12:53:11,441 | INFO | Fetching emails from website: https://www.znanylekarz.pl/klaudia-kusienicka/fizjoterapeuta/wroclaw
2026-02-09 12:53:13,234 | INFO | [93/93] Fetching emails for: mgr Milena Olejnik
2026-02-09 12:53:13,235 | INFO | Fetching emails from website: https://www.znanylekarz.pl/milena-olejnik/fizjoterapeuta/wroclaw
2026-02-09 12:55:06,758 | INFO | Saved 106 records to new_research.xlsx
