2026-02-09 17:07:46,861 | INFO | Log file: logs\new_05_20260209_170746.log
2026-02-09 17:07:46,863 | INFO | === Fetching data from Panorama Firm ===
2026-02-09 17:07:46,863 | INFO | Scraping data from Panorama Firm for: spa in Płock
2026-02-09 17:07:46,863 | INFO | Fetching page 1 from Panorama Firm...
2026-02-09 17:07:47,572 | INFO | No more results found on page 1
2026-02-09 17:07:47,572 | INFO | === Fetching data from PKT.pl ===
2026-02-09 17:07:47,573 | INFO | Scraping data from PKT.pl for: spa in Płock
2026-02-09 17:07:47,573 | INFO | Fetching page 1 from PKT.pl...
2026-02-09 17:07:48,657 | INFO | No more results found on page 1
2026-02-09 17:07:48,658 | INFO | === Fetching data from Booksy ===
2026-02-09 17:07:51,802 | INFO | Booksy: could not resolve city slug for 'Płock'.
2026-02-09 17:07:51,803 | INFO | === Fetching data from SPAeden rankings ===
2026-02-09 17:07:52,430 | INFO | SPAeden: extracted 13 ranking entries
2026-02-09 17:07:52,431 | INFO | === Fetching data from Fresha ===
2026-02-09 17:07:52,698 | WARNING | Fresha: 404 for https://www.fresha.com/lp/en/bt/spas/in/pl-plock
2026-02-09 17:07:52,870 | WARNING | Fresha: 404 for https://www.fresha.com/lp/en/bt/spas/in/plock
2026-02-09 17:08:01,922 | INFO | Fresha: extracted 0 listings from https://www.fresha.com/lp/en/bt/spas
2026-02-09 17:08:09,699 | INFO | Fresha: extracted 0 listings from https://www.fresha.com/search?q=P%C5%82ock
2026-02-09 17:08:17,484 | INFO | Fresha: extracted 0 listings from https://www.fresha.com/search?q=spa+P%C5%82ock
2026-02-09 17:08:17,485 | INFO | === Fetching data from Moment.pl ===
2026-02-09 17:08:17,486 | INFO | Moment.pl redirects to Booksy; reusing Booksy results.
2026-02-09 17:08:20,257 | INFO | Booksy: could not resolve city slug for 'Płock'.
2026-02-09 17:08:20,258 | INFO | === Fetching data from Cylex ===
2026-02-09 17:08:27,629 | WARNING | Cylex: Cloudflare block detected for https://www.cylex-polska.pl/firmy/?q=spa+P%C5%82ock
2026-02-09 17:08:27,629 | INFO | === Fetching data from Oferteo ===
2026-02-09 17:08:41,529 | INFO | Oferteo: collected 0 profiles from https://www.oferteo.pl/firmy/plock?q=spa
2026-02-09 17:08:43,808 | INFO | Oferteo: collected 0 profiles from https://www.oferteo.pl/firmy/plock?q=spa&page=2
2026-02-09 17:08:46,172 | INFO | Oferteo: collected 0 profiles from https://www.oferteo.pl/firmy/plock?q=spa&page=3
2026-02-09 17:08:47,867 | INFO | === Fetching data from Firmy.net ===
2026-02-09 17:08:51,699 | INFO | Firmy.net: collected 4 profiles
2026-02-09 17:08:51,699 | INFO | === Fetching data from BiznesFinder ===
2026-02-09 17:08:53,620 | INFO | BiznesFinder: collected 0 profiles
2026-02-09 17:08:53,621 | INFO | === Fetching data from Fixly ===
2026-02-09 17:09:03,271 | INFO | Fixly: no listings found on https://fixly.pl/kategoria/spa/plock
2026-02-09 17:09:03,271 | INFO | === Fetching data from Google Places API ===
2026-02-09 17:09:03,570 | ERROR | API Error: REQUEST_DENIED - The provided API key is invalid.
2026-02-09 17:09:03,571 | INFO | No results found in Google Places.
2026-02-09 17:09:03,572 | INFO | After deduplication, we have 17 unique businesses.
2026-02-09 17:09:03,573 | INFO | === Fetching emails from websites ===
2026-02-09 17:09:03,573 | INFO | Found 4 businesses with website addresses.
2026-02-09 17:09:03,828 | INFO | [1/4] Fetching emails for: Cameleo Beauty & SPA
2026-02-09 17:09:03,828 | INFO | Fetching emails from website: https://salon-urody-dotty.firmy.net/
2026-02-09 17:09:15,504 | INFO | Found 0 unique email addresses.
2026-02-09 17:09:17,566 | INFO | [2/4] Fetching emails for: City SPA Ośrodek SPA & Wellness
2026-02-09 17:09:17,567 | INFO | Fetching emails from website: https://kosmetyczka.firmy.net/
2026-02-09 17:09:24,076 | INFO | Found 0 unique email addresses.
2026-02-09 17:09:25,631 | INFO | [3/4] Fetching emails for: VICTORIA - Salon Urody
2026-02-09 17:09:25,631 | INFO | Fetching emails from website: https://salon-urody-dotty.firmy.net/
2026-02-09 17:09:31,530 | INFO | Found 0 unique email addresses.
2026-02-09 17:09:33,603 | INFO | [4/4] Fetching emails for: Salon Piękności Marilyn
2026-02-09 17:09:33,604 | INFO | Fetching emails from website: https://laser-delux.firmy.net/
2026-02-09 17:09:39,799 | INFO | Found 0 unique email addresses.
2026-02-09 17:09:41,776 | INFO | Saved 17 records to scraped\new_05.xlsx
