2026-02-09 17:13:27,496 | INFO | Log file: logs\new_06_20260209_171327.log
2026-02-09 17:13:27,498 | INFO | === Fetching data from Panorama Firm ===
2026-02-09 17:13:27,498 | INFO | Scraping data from Panorama Firm for: spa in Wrocław
2026-02-09 17:13:27,498 | INFO | Fetching page 1 from Panorama Firm...
2026-02-09 17:13:28,204 | INFO | No more results found on page 1
2026-02-09 17:13:28,205 | INFO | === Fetching data from PKT.pl ===
2026-02-09 17:13:28,205 | INFO | Scraping data from PKT.pl for: spa in Wrocław
2026-02-09 17:13:28,206 | INFO | Fetching page 1 from PKT.pl...
2026-02-09 17:13:28,875 | INFO | No more results found on page 1
2026-02-09 17:13:28,875 | INFO | === Fetching data from Booksy ===
2026-02-09 17:13:31,027 | INFO | Scraping Booksy category 'masaz' for Wrocław
2026-02-09 17:13:32,285 | INFO | Booksy: found 20 listings on page 1
2026-02-09 17:13:35,633 | INFO | Booksy: found 20 listings on page 2
2026-02-09 17:13:38,891 | INFO | Booksy: found 20 listings on page 3
2026-02-09 17:15:21,495 | INFO | === Fetching data from SPAeden rankings ===
2026-02-09 17:15:22,120 | INFO | SPAeden: extracted 13 ranking entries
2026-02-09 17:15:22,121 | INFO | === Fetching data from Fresha ===
2026-02-09 17:15:22,493 | WARNING | Fresha: 404 for https://www.fresha.com/lp/en/bt/spas/in/pl-wroclaw
2026-02-09 17:15:22,662 | WARNING | Fresha: 404 for https://www.fresha.com/lp/en/bt/spas/in/wroclaw
2026-02-09 17:15:31,685 | INFO | Fresha: extracted 0 listings from https://www.fresha.com/lp/en/bt/spas
2026-02-09 17:15:39,300 | INFO | Fresha: extracted 0 listings from https://www.fresha.com/search?q=Wroc%C5%82aw
2026-02-09 17:15:46,857 | INFO | Fresha: extracted 0 listings from https://www.fresha.com/search?q=spa+Wroc%C5%82aw
2026-02-09 17:15:46,858 | INFO | === Fetching data from Moment.pl ===
2026-02-09 17:15:46,858 | INFO | Moment.pl redirects to Booksy; reusing Booksy results.
2026-02-09 17:15:48,881 | INFO | Scraping Booksy category 'masaz' for Wrocław
2026-02-09 17:15:50,464 | INFO | Booksy: found 20 listings on page 1
2026-02-09 17:15:53,267 | INFO | Booksy: found 20 listings on page 2
2026-02-09 17:15:56,169 | INFO | Booksy: found 20 listings on page 3
2026-02-09 17:17:34,345 | INFO | === Fetching data from Cylex ===
2026-02-09 17:17:41,754 | WARNING | Cylex: Cloudflare block detected for https://www.cylex-polska.pl/firmy/?q=spa+Wroc%C5%82aw
2026-02-09 17:17:41,754 | INFO | === Fetching data from Oferteo ===
2026-02-09 17:17:57,761 | INFO | Oferteo: collected 0 profiles from https://www.oferteo.pl/firmy/wroclaw?q=spa
2026-02-09 17:18:00,292 | INFO | Oferteo: collected 0 profiles from https://www.oferteo.pl/firmy/wroclaw?q=spa&page=2
2026-02-09 17:18:02,508 | INFO | Oferteo: collected 0 profiles from https://www.oferteo.pl/firmy/wroclaw?q=spa&page=3
2026-02-09 17:18:04,469 | INFO | === Fetching data from Firmy.net ===
2026-02-09 17:18:08,020 | INFO | Firmy.net: collected 13 profiles
2026-02-09 17:18:08,021 | INFO | === Fetching data from BiznesFinder ===
2026-02-09 17:18:09,960 | INFO | BiznesFinder: collected 0 profiles
2026-02-09 17:18:09,961 | INFO | === Fetching data from Fixly ===
2026-02-09 17:18:18,898 | INFO | Fixly: no listings found on https://fixly.pl/kategoria/spa/wroclaw
2026-02-09 17:18:18,899 | INFO | === Fetching data from Google Places API ===
2026-02-09 17:18:19,112 | ERROR | API Error: REQUEST_DENIED - The provided API key is invalid.
2026-02-09 17:18:19,112 | INFO | No results found in Google Places.
2026-02-09 17:18:19,114 | INFO | After deduplication, we have 46 unique businesses.
2026-02-09 17:18:19,115 | INFO | === Fetching emails from websites ===
2026-02-09 17:18:19,115 | INFO | Found 33 businesses with website addresses.
2026-02-09 17:18:19,115 | INFO | [1/33] Fetching emails for: Nakhon Thai Massage Białowieska 79C, 54-234, Wrocław, Fabryczna Karty podarunkowe Booksy
2026-02-09 17:18:19,115 | INFO | Fetching emails from website: https://itunes.apple.com/us/app/booksy-book-your-appointment/id723961236?mt=8
2026-02-09 17:18:20,597 | INFO | Found 4 unique email addresses.
2026-02-09 17:18:21,642 | INFO | [2/33] Fetching emails for: RUMI STUDIO URODY Ludwika Idzikowskiego 20/12, 54-129, Wrocław, Fabryczna
2026-02-09 17:18:21,642 | INFO | Fetching emails from website: https://itunes.apple.com/us/app/booksy-book-your-appointment/id723961236?mt=8
2026-02-09 17:18:23,554 | INFO | [3/33] Fetching emails for: Salon masażu “Soma Touch” Jaworska 8e/1, 53-612, Wrocław, Fabryczna Karty podarunkowe Booksy
2026-02-09 17:18:23,555 | INFO | Fetching emails from website: https://itunes.apple.com/us/app/booksy-book-your-appointment/id723961236?mt=8
2026-02-09 17:18:24,804 | INFO | [4/33] Fetching emails for: COCO ( Masaż Wrocław | masaż kobido | relaksacyjny | tajski | lomi lomi | balijski | massage for two) Białoskórnicza 5/, 50-134, Wrocław Karty podarunkowe Booksy
2026-02-09 17:18:24,804 | INFO | Fetching emails from website: https://itunes.apple.com/us/app/booksy-book-your-appointment/id723961236?mt=8
2026-02-09 17:18:25,930 | INFO | [5/33] Fetching emails for: Hero KOBIDO & MASAŻ Wrocław bulwar Ikara, 24 (Wejście w Salonie Różowe Oko Przy Rondzie W Osiedlu), 54-130, Wrocław, Fabryczna Karty podarunkowe Booksy
2026-02-09 17:18:25,930 | INFO | Fetching emails from website: https://itunes.apple.com/us/app/booksy-book-your-appointment/id723961236?mt=8
2026-02-09 17:18:27,921 | INFO | [6/33] Fetching emails for: Massage Wroclaw Spa Białoskórnicza, 50-134, Wrocław
2026-02-09 17:18:27,922 | INFO | Fetching emails from website: https://itunes.apple.com/us/app/booksy-book-your-appointment/id723961236?mt=8
2026-02-09 17:18:29,061 | INFO | [7/33] Fetching emails for: Gloria Spa Stacyjna 1/2, 53-613, Wrocław Karty podarunkowe Booksy
2026-02-09 17:18:29,061 | INFO | Fetching emails from website: https://itunes.apple.com/us/app/booksy-book-your-appointment/id723961236?mt=8
2026-02-09 17:18:30,443 | INFO | [8/33] Fetching emails for: Studio Viktoria Kasta Sokolnicza 7/17 lokal 13, 54-152, Wrocław, Fabryczna
2026-02-09 17:18:30,443 | INFO | Fetching emails from website: https://itunes.apple.com/us/app/booksy-book-your-appointment/id723961236?mt=8
2026-02-09 17:18:31,595 | INFO | [9/33] Fetching emails for: Terapia Bowena Ilona Strączek Wejście do lokalu bezpośrednio z chodnika, Kozanowska 81, 54-152, Wrocław, Fabryczna Karty podarunkowe Booksy
2026-02-09 17:18:31,595 | INFO | Fetching emails from website: https://itunes.apple.com/us/app/booksy-book-your-appointment/id723961236?mt=8
2026-02-09 17:18:33,453 | INFO | [10/33] Fetching emails for: LICO I CIAŁO
2026-02-09 17:18:33,453 | INFO | Fetching emails from website: https://itunes.apple.com/us/app/booksy-book-your-appointment/id723961236?mt=8
2026-02-09 17:18:35,335 | INFO | [11/33] Fetching emails for: LIMFA Centrum Terapii Limfatycznej i Masażu ⚠️-10% na pierwszą wizytę przy rezerwacji telefonicznej☎️, Łaciarska 7, 50-104, Wrocław Karty podarunkowe Booksy
2026-02-09 17:18:35,336 | INFO | Fetching emails from website: https://itunes.apple.com/us/app/booksy-book-your-appointment/id723961236?mt=8
2026-02-09 17:18:36,661 | INFO | [12/33] Fetching emails for: Studio Masażu Wrocław Rogowska 52A, 54-440, Wrocław, Fabryczna Karty podarunkowe Booksy
2026-02-09 17:18:36,661 | INFO | Fetching emails from website: https://itunes.apple.com/us/app/booksy-book-your-appointment/id723961236?mt=8
2026-02-09 17:18:38,537 | INFO | [13/33] Fetching emails for: Llarion_masaż Śrutowa 4/4 Pierwsze piętro Lokal 4 Śrutowa 4, 4, 50-256, Wrocław, Śródmieście Karty podarunkowe Booksy
2026-02-09 17:18:38,538 | INFO | Fetching emails from website: https://itunes.apple.com/us/app/booksy-book-your-appointment/id723961236?mt=8
2026-02-09 17:18:40,132 | INFO | [14/33] Fetching emails for: Masaże Hollywood Magic Touch Wrocław Gen. Władysława Sikorskiego 5/5e, 53-659, Wrocław
2026-02-09 17:18:40,133 | INFO | Fetching emails from website: https://itunes.apple.com/us/app/booksy-book-your-appointment/id723961236?mt=8
2026-02-09 17:18:41,825 | INFO | [15/33] Fetching emails for: Dotyk zdrowia studio masażu Tadeusza Kościuszki 5/2, 50-438, Wrocław, Krzyki Karty podarunkowe Booksy
2026-02-09 17:18:41,826 | INFO | Fetching emails from website: https://itunes.apple.com/us/app/booksy-book-your-appointment/id723961236?mt=8
2026-02-09 17:18:43,624 | INFO | [16/33] Fetching emails for: Metta Massage
2026-02-09 17:18:43,624 | INFO | Fetching emails from website: https://itunes.apple.com/us/app/booksy-book-your-appointment/id723961236?mt=8
2026-02-09 17:18:44,846 | INFO | [17/33] Fetching emails for: FEU.Studio Masażu | Tattoo | Wrocław Wita Stwosza 3, 120, 50-102, Wrocław Karty podarunkowe Booksy
2026-02-09 17:18:44,847 | INFO | Fetching emails from website: https://itunes.apple.com/us/app/booksy-book-your-appointment/id723961236?mt=8
2026-02-09 17:18:46,599 | INFO | [18/33] Fetching emails for: Belleza Ulica Pomorska 59, Wejście do salonu fryzjerskiego, 50-075, Wrocław
2026-02-09 17:18:46,600 | INFO | Fetching emails from website: https://itunes.apple.com/us/app/booksy-book-your-appointment/id723961236?mt=8
2026-02-09 17:18:48,006 | INFO | [19/33] Fetching emails for: Harmoniaj Dotyku Zelwerowicza 16, 53-676, Wrocław
2026-02-09 17:18:48,006 | INFO | Fetching emails from website: https://itunes.apple.com/us/app/booksy-book-your-appointment/id723961236?mt=8
2026-02-09 17:18:49,300 | INFO | [20/33] Fetching emails for: Livera
2026-02-09 17:18:49,300 | INFO | Fetching emails from website: https://itunes.apple.com/us/app/booksy-book-your-appointment/id723961236?mt=8
2026-02-09 17:18:51,275 | INFO | [21/33] Fetching emails for: Słoneczko Gabinet Odnowy Biologicznej
2026-02-09 17:18:51,275 | INFO | Fetching emails from website: https://cosmeo.firmy.net/
2026-02-09 17:18:59,797 | INFO | Found 0 unique email addresses.
2026-02-09 17:19:01,133 | INFO | [22/33] Fetching emails for: Atmosfera Studio SPA Izabela Kielich
2026-02-09 17:19:01,134 | INFO | Fetching emails from website: https://laser-delux.firmy.net/
2026-02-09 17:19:05,884 | INFO | Found 0 unique email addresses.
2026-02-09 17:19:07,783 | INFO | [23/33] Fetching emails for: DERMIKA Salon SPA
2026-02-09 17:19:07,784 | INFO | Fetching emails from website: https://laser-delux.firmy.net/
2026-02-09 17:19:12,482 | INFO | Found 0 unique email addresses.
2026-02-09 17:19:14,205 | INFO | [24/33] Fetching emails for: Alan - Sauny, Łaźnie, Kominki
2026-02-09 17:19:14,205 | INFO | Fetching emails from website: https://cosmeo.firmy.net/
2026-02-09 17:19:18,840 | INFO | Found 0 unique email addresses.
2026-02-09 17:19:20,867 | INFO | [25/33] Fetching emails for: Piechocińska Joanna Centrum Kondycji i Urody
2026-02-09 17:19:20,868 | INFO | Fetching emails from website: https://cosmeo.firmy.net/
2026-02-09 17:19:25,542 | INFO | Found 0 unique email addresses.
2026-02-09 17:19:26,969 | INFO | [26/33] Fetching emails for: Studio Nicoll Gabinet Odnowy Biologicznej
2026-02-09 17:19:26,970 | INFO | Fetching emails from website: https://cosmeo.firmy.net/
2026-02-09 17:19:31,517 | INFO | Found 0 unique email addresses.
2026-02-09 17:19:33,299 | INFO | [27/33] Fetching emails for: Namaste Praktyka Jogi
2026-02-09 17:19:33,299 | INFO | Fetching emails from website: https://cosmeo.firmy.net/
2026-02-09 17:19:37,811 | INFO | Found 0 unique email addresses.
2026-02-09 17:19:39,344 | INFO | [28/33] Fetching emails for: Landeck - Inspa
2026-02-09 17:19:39,345 | INFO | Fetching emails from website: https://cosmeo.firmy.net/
2026-02-09 17:19:43,803 | INFO | Found 0 unique email addresses.
2026-02-09 17:19:45,299 | INFO | [29/33] Fetching emails for: Solarium Sunrise Studio
2026-02-09 17:19:45,299 | INFO | Fetching emails from website: https://cosmeo.firmy.net/
2026-02-09 17:19:49,775 | INFO | Found 0 unique email addresses.
2026-02-09 17:19:51,433 | INFO | [30/33] Fetching emails for: SPA System
2026-02-09 17:19:51,434 | INFO | Fetching emails from website: https://elendo-sycow.firmy.net/
2026-02-09 17:19:55,972 | INFO | Found 0 unique email addresses.
2026-02-09 17:19:57,705 | INFO | [31/33] Fetching emails for: Wellness & SPA Hotel Monopol
2026-02-09 17:19:57,705 | INFO | Fetching emails from website: https://cosmeo.firmy.net/
2026-02-09 17:20:02,153 | INFO | Found 0 unique email addresses.
2026-02-09 17:20:03,790 | INFO | [32/33] Fetching emails for: SpaBiznes Consulting
2026-02-09 17:20:03,790 | INFO | Fetching emails from website: https://cosmeo.firmy.net/
2026-02-09 17:20:08,274 | INFO | Found 0 unique email addresses.
2026-02-09 17:20:09,957 | INFO | [33/33] Fetching emails for: FISH Marta SPA
2026-02-09 17:20:09,957 | INFO | Fetching emails from website: https://cosmeo.firmy.net/
2026-02-09 17:20:14,618 | INFO | Found 0 unique email addresses.
2026-02-09 17:20:15,918 | INFO | Saved 46 records to scraped\new_06.xlsx
