2026-02-09 17:26:32,672 | INFO | Log file: logs\new_07_20260209_172632.log
2026-02-09 17:26:32,674 | INFO | === Fetching data from Panorama Firm ===
2026-02-09 17:26:32,674 | INFO | Scraping data from Panorama Firm for: spa in Wrocław
2026-02-09 17:26:32,674 | INFO | Fetching page 1 from Panorama Firm...
2026-02-09 17:26:33,406 | INFO | No more results found on page 1
2026-02-09 17:26:33,407 | INFO | === Fetching data from PKT.pl ===
2026-02-09 17:26:33,407 | INFO | Scraping data from PKT.pl for: spa in Wrocław
2026-02-09 17:26:33,407 | INFO | Fetching page 1 from PKT.pl...
2026-02-09 17:26:34,029 | INFO | No more results found on page 1
2026-02-09 17:26:34,030 | INFO | === Fetching data from Booksy ===
2026-02-09 17:26:36,880 | INFO | Scraping Booksy category 'masaz' for Wrocław
2026-02-09 17:26:39,546 | INFO | Booksy: found 20 listings on page 1
2026-02-09 17:26:42,776 | INFO | Booksy: found 20 listings on page 2
2026-02-09 17:26:45,482 | INFO | Booksy: found 20 listings on page 3
2026-02-09 17:26:46,841 | INFO | Booksy: deep scraping 60 profiles for external websites
2026-02-09 17:26:46,841 | INFO | Booksy: profile 1/60  Nakhon Thai Massage Białowieska 79C, 54-234, Wrocław, Fabryczna Karty podarunkowe Booksy
2026-02-09 17:27:14,443 | WARNING | Playwright render failed for https://booksy.com/pl-pl/292752_nakhon-thai-massage_masaz_13750_wroclaw#ba_s=sr_1: Page.goto: Timeout 25000ms exceeded.
Call log:
  - navigating to "https://booksy.com/pl-pl/292752_nakhon-thai-massage_masaz_13750_wroclaw#ba_s=sr_1", waiting until "networkidle"

2026-02-09 17:27:14,443 | INFO | Booksy: profile 2/60  RUMI STUDIO URODY Ludwika Idzikowskiego 20/12, 54-129, Wrocław, Fabryczna
2026-02-09 17:27:41,339 | WARNING | Playwright render failed for https://booksy.com/pl-pl/298329_rumi-studio-urody_masaz_13750_wroclaw#ba_s=sr_1: Page.goto: Timeout 25000ms exceeded.
Call log:
  - navigating to "https://booksy.com/pl-pl/298329_rumi-studio-urody_masaz_13750_wroclaw#ba_s=sr_1", waiting until "networkidle"

2026-02-09 17:27:41,339 | INFO | Booksy: profile 3/60  Salon masażu “Soma Touch” Jaworska 8e/1, 53-612, Wrocław, Fabryczna Karty podarunkowe Booksy
2026-02-09 17:28:08,813 | WARNING | Playwright render failed for https://booksy.com/pl-pl/312345_salon-masazu-soma-touch_masaz_13750_wroclaw#ba_s=sr_1: Page.goto: Timeout 25000ms exceeded.
Call log:
  - navigating to "https://booksy.com/pl-pl/312345_salon-masazu-soma-touch_masaz_13750_wroclaw#ba_s=sr_1", waiting until "networkidle"

2026-02-09 17:28:08,814 | INFO | Booksy: profile 4/60  COCO ( Masaż Wrocław | masaż kobido | relaksacyjny | tajski | lomi lomi | balijski | massage for two) Białoskórnicza 5/, 50-134, Wrocław Karty podarunkowe Booksy
2026-02-09 17:28:36,321 | WARNING | Playwright render failed for https://booksy.com/pl-pl/225127_coco-masaz-wroclaw-masaz-kobido-relaksacyjny-tajski-lomi-lomi-balijski-massage-for-two_masaz_13750_wroclaw#ba_s=sr_1: Page.goto: Timeout 25000ms exceeded.
Call log:
  - navigating to "https://booksy.com/pl-pl/225127_coco-masaz-wroclaw-masaz-kobido-relaksacyjny-tajski-lomi-lomi-balijski-massage-for-two_masaz_13750_wroclaw#ba_s=sr_1", waiting until "networkidle"

2026-02-09 17:28:36,321 | INFO | Booksy: profile 5/60  Hero KOBIDO & MASAŻ Wrocław bulwar Ikara, 24 (Wejście w Salonie Różowe Oko Przy Rondzie W Osiedlu), 54-130, Wrocław, Fabryczna Karty podarunkowe Booksy
2026-02-09 17:29:02,652 | WARNING | Playwright render failed for https://booksy.com/pl-pl/227109_hero-kobido-masaz-wroclaw_masaz_13750_wroclaw#ba_s=sr_1: Page.goto: Timeout 25000ms exceeded.
Call log:
  - navigating to "https://booksy.com/pl-pl/227109_hero-kobido-masaz-wroclaw_masaz_13750_wroclaw#ba_s=sr_1", waiting until "networkidle"

2026-02-09 17:29:02,652 | INFO | Booksy: profile 6/60  Massage Wroclaw Spa Białoskórnicza, 50-134, Wrocław
2026-02-09 17:29:29,603 | WARNING | Playwright render failed for https://booksy.com/pl-pl/328179_massage-wroclaw-spa_masaz_13750_wroclaw#ba_s=sr_1: Page.goto: Timeout 25000ms exceeded.
Call log:
  - navigating to "https://booksy.com/pl-pl/328179_massage-wroclaw-spa_masaz_13750_wroclaw#ba_s=sr_1", waiting until "networkidle"

2026-02-09 17:29:29,604 | INFO | Booksy: profile 7/60  Gloria Spa Stacyjna 1/2, 53-613, Wrocław Karty podarunkowe Booksy
2026-02-09 17:29:57,042 | WARNING | Playwright render failed for https://booksy.com/pl-pl/293386_gloria-spa_masaz_13750_wroclaw#ba_s=sr_1: Page.goto: Timeout 25000ms exceeded.
Call log:
  - navigating to "https://booksy.com/pl-pl/293386_gloria-spa_masaz_13750_wroclaw#ba_s=sr_1", waiting until "networkidle"

2026-02-09 17:29:57,042 | INFO | Booksy: profile 8/60  Studio Viktoria Kasta Sokolnicza 7/17 lokal 13, 54-152, Wrocław, Fabryczna
2026-02-09 17:30:25,345 | WARNING | Playwright render failed for https://booksy.com/pl-pl/213475_studio-viktoria-kasta_masaz_13750_wroclaw#ba_s=sr_1: Page.goto: Timeout 25000ms exceeded.
Call log:
  - navigating to "https://booksy.com/pl-pl/213475_studio-viktoria-kasta_masaz_13750_wroclaw#ba_s=sr_1", waiting until "networkidle"

2026-02-09 17:30:25,346 | INFO | Booksy: profile 9/60  Terapia Bowena Ilona Strączek Wejście do lokalu bezpośrednio z chodnika, Kozanowska 81, 54-152, Wrocław, Fabryczna Karty podarunkowe Booksy
2026-02-09 17:30:51,710 | WARNING | Playwright render failed for https://booksy.com/pl-pl/281756_terapia-bowena-ilona-straczek_masaz_13750_wroclaw#ba_s=sr_1: Page.goto: Timeout 25000ms exceeded.
Call log:
  - navigating to "https://booksy.com/pl-pl/281756_terapia-bowena-ilona-straczek_masaz_13750_wroclaw#ba_s=sr_1", waiting until "networkidle"

2026-02-09 17:30:51,711 | INFO | Booksy: profile 10/60  LICO I CIAŁO
2026-02-09 17:31:18,132 | WARNING | Playwright render failed for https://booksy.com/pl-pl/173954_lico-i-cialo-rytualy-masazu_masaz_13750_wroclaw#ba_s=sr_1: Page.goto: Timeout 25000ms exceeded.
Call log:
  - navigating to "https://booksy.com/pl-pl/173954_lico-i-cialo-rytualy-masazu_masaz_13750_wroclaw#ba_s=sr_1", waiting until "networkidle"

2026-02-09 17:31:18,133 | INFO | Booksy: profile 11/60  LIMFA Centrum Terapii Limfatycznej i Masażu ⚠️-10% na pierwszą wizytę przy rezerwacji telefonicznej☎️, Łaciarska 7, 50-104, Wrocław Karty podarunkowe Booksy
2026-02-09 17:31:44,601 | WARNING | Playwright render failed for https://booksy.com/pl-pl/239035_limfa-centrum-terapii-limfatycznej-i-masazu_masaz_13750_wroclaw#ba_s=sr_1: Page.goto: Timeout 25000ms exceeded.
Call log:
  - navigating to "https://booksy.com/pl-pl/239035_limfa-centrum-terapii-limfatycznej-i-masazu_masaz_13750_wroclaw#ba_s=sr_1", waiting until "networkidle"

2026-02-09 17:31:44,602 | INFO | Booksy: profile 12/60  Studio Masażu Wrocław Rogowska 52A, 54-440, Wrocław, Fabryczna Karty podarunkowe Booksy
2026-02-09 17:32:11,060 | WARNING | Playwright render failed for https://booksy.com/pl-pl/214400_studio-masazu-wroclaw_masaz_13750_wroclaw#ba_s=sr_1: Page.goto: Timeout 25000ms exceeded.
Call log:
  - navigating to "https://booksy.com/pl-pl/214400_studio-masazu-wroclaw_masaz_13750_wroclaw#ba_s=sr_1", waiting until "networkidle"

2026-02-09 17:32:11,060 | INFO | Booksy: profile 13/60  Llarion_masaż Śrutowa 4/4 Pierwsze piętro Lokal 4 Śrutowa 4, 4, 50-256, Wrocław, Śródmieście Karty podarunkowe Booksy
2026-02-09 17:32:39,506 | WARNING | Playwright render failed for https://booksy.com/pl-pl/154509_llarion-masaz-srutowa-4-4-pierwsze-pietro-lokal-4_masaz_13750_wroclaw#ba_s=sr_1: Page.goto: Timeout 25000ms exceeded.
Call log:
  - navigating to "https://booksy.com/pl-pl/154509_llarion-masaz-srutowa-4-4-pierwsze-pietro-lokal-4_masaz_13750_wroclaw#ba_s=sr_1", waiting until "networkidle"

2026-02-09 17:32:39,506 | INFO | Booksy: profile 14/60  Masaże Hollywood Magic Touch Wrocław Gen. Władysława Sikorskiego 5/5e, 53-659, Wrocław
2026-02-09 17:33:06,665 | WARNING | Playwright render failed for https://booksy.com/pl-pl/301861_masaze-hollywood-magic-touch-wroclaw_masaz_13750_wroclaw#ba_s=sr_1: Page.goto: Timeout 25000ms exceeded.
Call log:
  - navigating to "https://booksy.com/pl-pl/301861_masaze-hollywood-magic-touch-wroclaw_masaz_13750_wroclaw#ba_s=sr_1", waiting until "networkidle"

2026-02-09 17:33:06,666 | INFO | Booksy: profile 15/60  Dotyk zdrowia studio masażu Tadeusza Kościuszki 5/2, 50-438, Wrocław, Krzyki Karty podarunkowe Booksy
2026-02-09 17:33:34,531 | WARNING | Playwright render failed for https://booksy.com/pl-pl/327869_dotyk-zdrowia-studio-masazu_masaz_13750_wroclaw#ba_s=sr_1: Page.goto: Timeout 25000ms exceeded.
Call log:
  - navigating to "https://booksy.com/pl-pl/327869_dotyk-zdrowia-studio-masazu_masaz_13750_wroclaw#ba_s=sr_1", waiting until "networkidle"

2026-02-09 17:33:34,531 | INFO | Booksy: profile 16/60  Harmonia Ciała Wrocław
2026-02-09 17:34:00,857 | WARNING | Playwright render failed for https://booksy.com/pl-pl/163837_harmonia-ciala-wroclaw-masaz-kobido-refleksoterapia_masaz_13750_wroclaw#ba_s=sr_1: Page.goto: Timeout 25000ms exceeded.
Call log:
  - navigating to "https://booksy.com/pl-pl/163837_harmonia-ciala-wroclaw-masaz-kobido-refleksoterapia_masaz_13750_wroclaw#ba_s=sr_1", waiting until "networkidle"

2026-02-09 17:34:00,858 | INFO | Booksy: profile 17/60  Metta Massage
2026-02-09 17:34:27,122 | WARNING | Playwright render failed for https://booksy.com/pl-pl/285908_metta-massage-thai-yoga-massage_masaz_13750_wroclaw#ba_s=sr_1: Page.goto: Timeout 25000ms exceeded.
Call log:
  - navigating to "https://booksy.com/pl-pl/285908_metta-massage-thai-yoga-massage_masaz_13750_wroclaw#ba_s=sr_1", waiting until "networkidle"

2026-02-09 17:34:27,123 | INFO | Booksy: profile 18/60  Orion medycyna holistyczna Anna Walczak Tęczowa 20, 53-601, Wrocław
2026-02-09 17:34:54,737 | WARNING | Playwright render failed for https://booksy.com/pl-pl/134663_orion-medycyna-holistyczna-anna-walczak_masaz_13750_wroclaw#ba_s=sr_1: Page.goto: Timeout 25000ms exceeded.
Call log:
  - navigating to "https://booksy.com/pl-pl/134663_orion-medycyna-holistyczna-anna-walczak_masaz_13750_wroclaw#ba_s=sr_1", waiting until "networkidle"

2026-02-09 17:34:54,737 | INFO | Booksy: profile 19/60  FEU.Studio Masażu | Tattoo | Wrocław Wita Stwosza 3, 120, 50-102, Wrocław Karty podarunkowe Booksy
2026-02-09 17:35:21,226 | WARNING | Playwright render failed for https://booksy.com/pl-pl/241882_feu-studio-masazu-tattoo-wroclaw_masaz_13750_wroclaw#ba_s=sr_1: Page.goto: Timeout 25000ms exceeded.
Call log:
  - navigating to "https://booksy.com/pl-pl/241882_feu-studio-masazu-tattoo-wroclaw_masaz_13750_wroclaw#ba_s=sr_1", waiting until "networkidle"

2026-02-09 17:35:21,226 | INFO | Booksy: profile 20/60  Belleza Ulica Pomorska 59, Wejście do salonu fryzjerskiego, 50-075, Wrocław
2026-02-09 17:35:47,999 | WARNING | Playwright render failed for https://booksy.com/pl-pl/309216_belleza_masaz_13750_wroclaw#ba_s=sr_1: Page.goto: Timeout 25000ms exceeded.
Call log:
  - navigating to "https://booksy.com/pl-pl/309216_belleza_masaz_13750_wroclaw#ba_s=sr_1", waiting until "networkidle"

2026-02-09 17:35:48,000 | INFO | Booksy: profile 21/60  Nakhon Thai Massage Białowieska 79C, 54-234, Wrocław, Fabryczna Karty podarunkowe Booksy
2026-02-09 17:36:15,617 | WARNING | Playwright render failed for https://booksy.com/pl-pl/292752_nakhon-thai-massage_masaz_13750_wroclaw#ba_s=sr_1: Page.goto: Timeout 25000ms exceeded.
Call log:
  - navigating to "https://booksy.com/pl-pl/292752_nakhon-thai-massage_masaz_13750_wroclaw#ba_s=sr_1", waiting until "networkidle"

2026-02-09 17:36:15,618 | INFO | Booksy: profile 22/60  RUMI STUDIO URODY Ludwika Idzikowskiego 20/12, 54-129, Wrocław, Fabryczna
2026-02-09 17:36:42,436 | WARNING | Playwright render failed for https://booksy.com/pl-pl/298329_rumi-studio-urody_masaz_13750_wroclaw#ba_s=sr_1: Page.goto: Timeout 25000ms exceeded.
Call log:
  - navigating to "https://booksy.com/pl-pl/298329_rumi-studio-urody_masaz_13750_wroclaw#ba_s=sr_1", waiting until "networkidle"

2026-02-09 17:36:42,437 | INFO | Booksy: profile 23/60  Salon masażu “Soma Touch” Jaworska 8e/1, 53-612, Wrocław, Fabryczna Karty podarunkowe Booksy
2026-02-09 17:37:09,423 | WARNING | Playwright render failed for https://booksy.com/pl-pl/312345_salon-masazu-soma-touch_masaz_13750_wroclaw#ba_s=sr_1: Page.goto: Timeout 25000ms exceeded.
Call log:
  - navigating to "https://booksy.com/pl-pl/312345_salon-masazu-soma-touch_masaz_13750_wroclaw#ba_s=sr_1", waiting until "networkidle"

2026-02-09 17:37:09,424 | INFO | Booksy: profile 24/60  COCO ( Masaż Wrocław | masaż kobido | relaksacyjny | tajski | lomi lomi | balijski | massage for two) Białoskórnicza 5/, 50-134, Wrocław Karty podarunkowe Booksy
2026-02-09 17:37:36,356 | WARNING | Playwright render failed for https://booksy.com/pl-pl/225127_coco-masaz-wroclaw-masaz-kobido-relaksacyjny-tajski-lomi-lomi-balijski-massage-for-two_masaz_13750_wroclaw#ba_s=sr_1: Page.goto: Timeout 25000ms exceeded.
Call log:
  - navigating to "https://booksy.com/pl-pl/225127_coco-masaz-wroclaw-masaz-kobido-relaksacyjny-tajski-lomi-lomi-balijski-massage-for-two_masaz_13750_wroclaw#ba_s=sr_1", waiting until "networkidle"

2026-02-09 17:37:36,357 | INFO | Booksy: profile 25/60  Hero KOBIDO & MASAŻ Wrocław bulwar Ikara, 24 (Wejście w Salonie Różowe Oko Przy Rondzie W Osiedlu), 54-130, Wrocław, Fabryczna Karty podarunkowe Booksy
2026-02-09 17:38:03,835 | WARNING | Playwright render failed for https://booksy.com/pl-pl/227109_hero-kobido-masaz-wroclaw_masaz_13750_wroclaw#ba_s=sr_1: Page.goto: Timeout 25000ms exceeded.
Call log:
  - navigating to "https://booksy.com/pl-pl/227109_hero-kobido-masaz-wroclaw_masaz_13750_wroclaw#ba_s=sr_1", waiting until "networkidle"

2026-02-09 17:38:03,835 | INFO | Booksy: profile 26/60  Massage Wroclaw Spa Białoskórnicza, 50-134, Wrocław
2026-02-09 17:38:31,560 | WARNING | Playwright render failed for https://booksy.com/pl-pl/328179_massage-wroclaw-spa_masaz_13750_wroclaw#ba_s=sr_1: Page.goto: Timeout 25000ms exceeded.
Call log:
  - navigating to "https://booksy.com/pl-pl/328179_massage-wroclaw-spa_masaz_13750_wroclaw#ba_s=sr_1", waiting until "networkidle"

2026-02-09 17:38:31,560 | INFO | Booksy: profile 27/60  Gloria Spa Stacyjna 1/2, 53-613, Wrocław Karty podarunkowe Booksy
2026-02-09 17:38:58,551 | WARNING | Playwright render failed for https://booksy.com/pl-pl/293386_gloria-spa_masaz_13750_wroclaw#ba_s=sr_1: Page.goto: Timeout 25000ms exceeded.
Call log:
  - navigating to "https://booksy.com/pl-pl/293386_gloria-spa_masaz_13750_wroclaw#ba_s=sr_1", waiting until "networkidle"

2026-02-09 17:38:58,551 | INFO | Booksy: profile 28/60  Studio Viktoria Kasta Sokolnicza 7/17 lokal 13, 54-152, Wrocław, Fabryczna
2026-02-09 17:39:26,289 | WARNING | Playwright render failed for https://booksy.com/pl-pl/213475_studio-viktoria-kasta_masaz_13750_wroclaw#ba_s=sr_1: Page.goto: Timeout 25000ms exceeded.
Call log:
  - navigating to "https://booksy.com/pl-pl/213475_studio-viktoria-kasta_masaz_13750_wroclaw#ba_s=sr_1", waiting until "networkidle"

2026-02-09 17:39:26,290 | INFO | Booksy: profile 29/60  Terapia Bowena Ilona Strączek Wejście do lokalu bezpośrednio z chodnika, Kozanowska 81, 54-152, Wrocław, Fabryczna Karty podarunkowe Booksy
2026-02-09 17:39:52,657 | WARNING | Playwright render failed for https://booksy.com/pl-pl/281756_terapia-bowena-ilona-straczek_masaz_13750_wroclaw#ba_s=sr_1: Page.goto: Timeout 25000ms exceeded.
Call log:
  - navigating to "https://booksy.com/pl-pl/281756_terapia-bowena-ilona-straczek_masaz_13750_wroclaw#ba_s=sr_1", waiting until "networkidle"

2026-02-09 17:39:52,657 | INFO | Booksy: profile 30/60  LICO I CIAŁO
2026-02-09 17:40:20,197 | WARNING | Playwright render failed for https://booksy.com/pl-pl/173954_lico-i-cialo-rytualy-masazu_masaz_13750_wroclaw#ba_s=sr_1: Page.goto: Timeout 25000ms exceeded.
Call log:
  - navigating to "https://booksy.com/pl-pl/173954_lico-i-cialo-rytualy-masazu_masaz_13750_wroclaw#ba_s=sr_1", waiting until "networkidle"

2026-02-09 17:40:20,198 | INFO | Booksy: profile 31/60  LIMFA Centrum Terapii Limfatycznej i Masażu ⚠️-10% na pierwszą wizytę przy rezerwacji telefonicznej☎️, Łaciarska 7, 50-104, Wrocław Karty podarunkowe Booksy
2026-02-09 17:40:46,582 | WARNING | Playwright render failed for https://booksy.com/pl-pl/239035_limfa-centrum-terapii-limfatycznej-i-masazu_masaz_13750_wroclaw#ba_s=sr_1: Page.goto: Timeout 25000ms exceeded.
Call log:
  - navigating to "https://booksy.com/pl-pl/239035_limfa-centrum-terapii-limfatycznej-i-masazu_masaz_13750_wroclaw#ba_s=sr_1", waiting until "networkidle"

2026-02-09 17:40:46,582 | INFO | Booksy: profile 32/60  Studio Masażu Wrocław Rogowska 52A, 54-440, Wrocław, Fabryczna Karty podarunkowe Booksy
2026-02-09 17:41:12,962 | WARNING | Playwright render failed for https://booksy.com/pl-pl/214400_studio-masazu-wroclaw_masaz_13750_wroclaw#ba_s=sr_1: Page.goto: Timeout 25000ms exceeded.
Call log:
  - navigating to "https://booksy.com/pl-pl/214400_studio-masazu-wroclaw_masaz_13750_wroclaw#ba_s=sr_1", waiting until "networkidle"

2026-02-09 17:41:12,962 | INFO | Booksy: profile 33/60  Llarion_masaż Śrutowa 4/4 Pierwsze piętro Lokal 4 Śrutowa 4, 4, 50-256, Wrocław, Śródmieście Karty podarunkowe Booksy
2026-02-09 17:41:41,287 | WARNING | Playwright render failed for https://booksy.com/pl-pl/154509_llarion-masaz-srutowa-4-4-pierwsze-pietro-lokal-4_masaz_13750_wroclaw#ba_s=sr_1: Page.goto: Timeout 25000ms exceeded.
Call log:
  - navigating to "https://booksy.com/pl-pl/154509_llarion-masaz-srutowa-4-4-pierwsze-pietro-lokal-4_masaz_13750_wroclaw#ba_s=sr_1", waiting until "networkidle"

2026-02-09 17:41:41,287 | INFO | Booksy: profile 34/60  Masaże Hollywood Magic Touch Wrocław Gen. Władysława Sikorskiego 5/5e, 53-659, Wrocław
2026-02-09 17:42:07,748 | WARNING | Playwright render failed for https://booksy.com/pl-pl/301861_masaze-hollywood-magic-touch-wroclaw_masaz_13750_wroclaw#ba_s=sr_1: Page.goto: Timeout 25000ms exceeded.
Call log:
  - navigating to "https://booksy.com/pl-pl/301861_masaze-hollywood-magic-touch-wroclaw_masaz_13750_wroclaw#ba_s=sr_1", waiting until "networkidle"

2026-02-09 17:42:07,749 | INFO | Booksy: profile 35/60  Dotyk zdrowia studio masażu Tadeusza Kościuszki 5/2, 50-438, Wrocław, Krzyki Karty podarunkowe Booksy
2026-02-09 17:42:35,221 | WARNING | Playwright render failed for https://booksy.com/pl-pl/327869_dotyk-zdrowia-studio-masazu_masaz_13750_wroclaw#ba_s=sr_1: Page.goto: Timeout 25000ms exceeded.
Call log:
  - navigating to "https://booksy.com/pl-pl/327869_dotyk-zdrowia-studio-masazu_masaz_13750_wroclaw#ba_s=sr_1", waiting until "networkidle"

2026-02-09 17:42:35,222 | INFO | Booksy: profile 36/60  Harmonia Ciała Wrocław
2026-02-09 17:43:01,724 | WARNING | Playwright render failed for https://booksy.com/pl-pl/163837_harmonia-ciala-wroclaw-masaz-kobido-refleksoterapia_masaz_13750_wroclaw#ba_s=sr_1: Page.goto: Timeout 25000ms exceeded.
Call log:
  - navigating to "https://booksy.com/pl-pl/163837_harmonia-ciala-wroclaw-masaz-kobido-refleksoterapia_masaz_13750_wroclaw#ba_s=sr_1", waiting until "networkidle"

2026-02-09 17:43:01,725 | INFO | Booksy: profile 37/60  Metta Massage
2026-02-09 17:43:28,792 | WARNING | Playwright render failed for https://booksy.com/pl-pl/285908_metta-massage-thai-yoga-massage_masaz_13750_wroclaw#ba_s=sr_1: Page.goto: Timeout 25000ms exceeded.
Call log:
  - navigating to "https://booksy.com/pl-pl/285908_metta-massage-thai-yoga-massage_masaz_13750_wroclaw#ba_s=sr_1", waiting until "networkidle"

2026-02-09 17:43:28,793 | INFO | Booksy: profile 38/60  Orion medycyna holistyczna Anna Walczak Tęczowa 20, 53-601, Wrocław
2026-02-09 17:43:56,107 | WARNING | Playwright render failed for https://booksy.com/pl-pl/134663_orion-medycyna-holistyczna-anna-walczak_masaz_13750_wroclaw#ba_s=sr_1: Page.goto: Timeout 25000ms exceeded.
Call log:
  - navigating to "https://booksy.com/pl-pl/134663_orion-medycyna-holistyczna-anna-walczak_masaz_13750_wroclaw#ba_s=sr_1", waiting until "networkidle"

2026-02-09 17:43:56,108 | INFO | Booksy: profile 39/60  FEU.Studio Masażu | Tattoo | Wrocław Wita Stwosza 3, 120, 50-102, Wrocław Karty podarunkowe Booksy
2026-02-09 17:44:23,709 | WARNING | Playwright render failed for https://booksy.com/pl-pl/241882_feu-studio-masazu-tattoo-wroclaw_masaz_13750_wroclaw#ba_s=sr_1: Page.goto: Timeout 25000ms exceeded.
Call log:
  - navigating to "https://booksy.com/pl-pl/241882_feu-studio-masazu-tattoo-wroclaw_masaz_13750_wroclaw#ba_s=sr_1", waiting until "networkidle"

2026-02-09 17:44:23,710 | INFO | Booksy: profile 40/60  Belleza Ulica Pomorska 59, Wejście do salonu fryzjerskiego, 50-075, Wrocław
2026-02-09 17:44:51,879 | WARNING | Playwright render failed for https://booksy.com/pl-pl/309216_belleza_masaz_13750_wroclaw#ba_s=sr_1: Page.goto: Timeout 25000ms exceeded.
Call log:
  - navigating to "https://booksy.com/pl-pl/309216_belleza_masaz_13750_wroclaw#ba_s=sr_1", waiting until "networkidle"

2026-02-09 17:44:51,879 | INFO | Booksy: profile 41/60  Nakhon Thai Massage Białowieska 79C, 54-234, Wrocław, Fabryczna Karty podarunkowe Booksy
2026-02-09 17:45:19,318 | WARNING | Playwright render failed for https://booksy.com/pl-pl/292752_nakhon-thai-massage_masaz_13750_wroclaw#ba_s=sr_1: Page.goto: Timeout 25000ms exceeded.
Call log:
  - navigating to "https://booksy.com/pl-pl/292752_nakhon-thai-massage_masaz_13750_wroclaw#ba_s=sr_1", waiting until "networkidle"

2026-02-09 17:45:19,319 | INFO | Booksy: profile 42/60  RUMI STUDIO URODY Ludwika Idzikowskiego 20/12, 54-129, Wrocław, Fabryczna
2026-02-09 17:45:46,085 | WARNING | Playwright render failed for https://booksy.com/pl-pl/298329_rumi-studio-urody_masaz_13750_wroclaw#ba_s=sr_1: Page.goto: Timeout 25000ms exceeded.
Call log:
  - navigating to "https://booksy.com/pl-pl/298329_rumi-studio-urody_masaz_13750_wroclaw#ba_s=sr_1", waiting until "networkidle"

2026-02-09 17:45:46,085 | INFO | Booksy: profile 43/60  Salon masażu “Soma Touch” Jaworska 8e/1, 53-612, Wrocław, Fabryczna Karty podarunkowe Booksy
2026-02-09 17:46:13,007 | WARNING | Playwright render failed for https://booksy.com/pl-pl/312345_salon-masazu-soma-touch_masaz_13750_wroclaw#ba_s=sr_1: Page.goto: Timeout 25000ms exceeded.
Call log:
  - navigating to "https://booksy.com/pl-pl/312345_salon-masazu-soma-touch_masaz_13750_wroclaw#ba_s=sr_1", waiting until "networkidle"

2026-02-09 17:46:13,008 | INFO | Booksy: profile 44/60  COCO ( Masaż Wrocław | masaż kobido | relaksacyjny | tajski | lomi lomi | balijski | massage for two) Białoskórnicza 5/, 50-134, Wrocław Karty podarunkowe Booksy
2026-02-09 17:46:41,166 | WARNING | Playwright render failed for https://booksy.com/pl-pl/225127_coco-masaz-wroclaw-masaz-kobido-relaksacyjny-tajski-lomi-lomi-balijski-massage-for-two_masaz_13750_wroclaw#ba_s=sr_1: Page.goto: Timeout 25000ms exceeded.
Call log:
  - navigating to "https://booksy.com/pl-pl/225127_coco-masaz-wroclaw-masaz-kobido-relaksacyjny-tajski-lomi-lomi-balijski-massage-for-two_masaz_13750_wroclaw#ba_s=sr_1", waiting until "networkidle"

2026-02-09 17:46:41,167 | INFO | Booksy: profile 45/60  Hero KOBIDO & MASAŻ Wrocław bulwar Ikara, 24 (Wejście w Salonie Różowe Oko Przy Rondzie W Osiedlu), 54-130, Wrocław, Fabryczna Karty podarunkowe Booksy
2026-02-09 17:47:08,693 | WARNING | Playwright render failed for https://booksy.com/pl-pl/227109_hero-kobido-masaz-wroclaw_masaz_13750_wroclaw#ba_s=sr_1: Page.goto: Timeout 25000ms exceeded.
Call log:
  - navigating to "https://booksy.com/pl-pl/227109_hero-kobido-masaz-wroclaw_masaz_13750_wroclaw#ba_s=sr_1", waiting until "networkidle"

2026-02-09 17:47:08,693 | INFO | Booksy: profile 46/60  Massage Wroclaw Spa Białoskórnicza, 50-134, Wrocław
2026-02-09 17:47:35,873 | WARNING | Playwright render failed for https://booksy.com/pl-pl/328179_massage-wroclaw-spa_masaz_13750_wroclaw#ba_s=sr_1: Page.goto: Timeout 25000ms exceeded.
Call log:
  - navigating to "https://booksy.com/pl-pl/328179_massage-wroclaw-spa_masaz_13750_wroclaw#ba_s=sr_1", waiting until "networkidle"

2026-02-09 17:47:35,877 | INFO | Booksy: profile 47/60  Gloria Spa Stacyjna 1/2, 53-613, Wrocław Karty podarunkowe Booksy
2026-02-09 17:48:02,467 | WARNING | Playwright render failed for https://booksy.com/pl-pl/293386_gloria-spa_masaz_13750_wroclaw#ba_s=sr_1: Page.goto: Timeout 25000ms exceeded.
Call log:
  - navigating to "https://booksy.com/pl-pl/293386_gloria-spa_masaz_13750_wroclaw#ba_s=sr_1", waiting until "networkidle"

2026-02-09 17:48:02,467 | INFO | Booksy: profile 48/60  Studio Viktoria Kasta Sokolnicza 7/17 lokal 13, 54-152, Wrocław, Fabryczna
2026-02-09 17:48:29,522 | WARNING | Playwright render failed for https://booksy.com/pl-pl/213475_studio-viktoria-kasta_masaz_13750_wroclaw#ba_s=sr_1: Page.goto: Timeout 25000ms exceeded.
Call log:
  - navigating to "https://booksy.com/pl-pl/213475_studio-viktoria-kasta_masaz_13750_wroclaw#ba_s=sr_1", waiting until "networkidle"

2026-02-09 17:48:29,522 | INFO | Booksy: profile 49/60  Terapia Bowena Ilona Strączek Wejście do lokalu bezpośrednio z chodnika, Kozanowska 81, 54-152, Wrocław, Fabryczna Karty podarunkowe Booksy
2026-02-09 17:48:57,030 | WARNING | Playwright render failed for https://booksy.com/pl-pl/281756_terapia-bowena-ilona-straczek_masaz_13750_wroclaw#ba_s=sr_1: Page.goto: Timeout 25000ms exceeded.
Call log:
  - navigating to "https://booksy.com/pl-pl/281756_terapia-bowena-ilona-straczek_masaz_13750_wroclaw#ba_s=sr_1", waiting until "networkidle"

2026-02-09 17:48:57,030 | INFO | Booksy: profile 50/60  LICO I CIAŁO
2026-02-09 17:49:23,467 | WARNING | Playwright render failed for https://booksy.com/pl-pl/173954_lico-i-cialo-rytualy-masazu_masaz_13750_wroclaw#ba_s=sr_1: Page.goto: Timeout 25000ms exceeded.
Call log:
  - navigating to "https://booksy.com/pl-pl/173954_lico-i-cialo-rytualy-masazu_masaz_13750_wroclaw#ba_s=sr_1", waiting until "networkidle"

2026-02-09 17:49:23,468 | INFO | Booksy: profile 51/60  LIMFA Centrum Terapii Limfatycznej i Masażu ⚠️-10% na pierwszą wizytę przy rezerwacji telefonicznej☎️, Łaciarska 7, 50-104, Wrocław Karty podarunkowe Booksy
2026-02-09 17:49:51,365 | WARNING | Playwright render failed for https://booksy.com/pl-pl/239035_limfa-centrum-terapii-limfatycznej-i-masazu_masaz_13750_wroclaw#ba_s=sr_1: Page.goto: Timeout 25000ms exceeded.
Call log:
  - navigating to "https://booksy.com/pl-pl/239035_limfa-centrum-terapii-limfatycznej-i-masazu_masaz_13750_wroclaw#ba_s=sr_1", waiting until "networkidle"

2026-02-09 17:49:51,366 | INFO | Booksy: profile 52/60  Studio Masażu Wrocław Rogowska 52A, 54-440, Wrocław, Fabryczna Karty podarunkowe Booksy
2026-02-09 17:50:18,452 | WARNING | Playwright render failed for https://booksy.com/pl-pl/214400_studio-masazu-wroclaw_masaz_13750_wroclaw#ba_s=sr_1: Page.goto: Timeout 25000ms exceeded.
Call log:
  - navigating to "https://booksy.com/pl-pl/214400_studio-masazu-wroclaw_masaz_13750_wroclaw#ba_s=sr_1", waiting until "networkidle"

2026-02-09 17:50:18,453 | INFO | Booksy: profile 53/60  Llarion_masaż Śrutowa 4/4 Pierwsze piętro Lokal 4 Śrutowa 4, 4, 50-256, Wrocław, Śródmieście Karty podarunkowe Booksy
2026-02-09 17:50:45,375 | WARNING | Playwright render failed for https://booksy.com/pl-pl/154509_llarion-masaz-srutowa-4-4-pierwsze-pietro-lokal-4_masaz_13750_wroclaw#ba_s=sr_1: Page.goto: Timeout 25000ms exceeded.
Call log:
  - navigating to "https://booksy.com/pl-pl/154509_llarion-masaz-srutowa-4-4-pierwsze-pietro-lokal-4_masaz_13750_wroclaw#ba_s=sr_1", waiting until "networkidle"

2026-02-09 17:50:45,375 | INFO | Booksy: profile 54/60  Masaże Hollywood Magic Touch Wrocław Gen. Władysława Sikorskiego 5/5e, 53-659, Wrocław
2026-02-09 17:51:12,953 | WARNING | Playwright render failed for https://booksy.com/pl-pl/301861_masaze-hollywood-magic-touch-wroclaw_masaz_13750_wroclaw#ba_s=sr_1: Page.goto: Timeout 25000ms exceeded.
Call log:
  - navigating to "https://booksy.com/pl-pl/301861_masaze-hollywood-magic-touch-wroclaw_masaz_13750_wroclaw#ba_s=sr_1", waiting until "networkidle"

2026-02-09 17:51:12,953 | INFO | Booksy: profile 55/60  Dotyk zdrowia studio masażu Tadeusza Kościuszki 5/2, 50-438, Wrocław, Krzyki Karty podarunkowe Booksy
2026-02-09 17:51:39,360 | WARNING | Playwright render failed for https://booksy.com/pl-pl/327869_dotyk-zdrowia-studio-masazu_masaz_13750_wroclaw#ba_s=sr_1: Page.goto: Timeout 25000ms exceeded.
Call log:
  - navigating to "https://booksy.com/pl-pl/327869_dotyk-zdrowia-studio-masazu_masaz_13750_wroclaw#ba_s=sr_1", waiting until "networkidle"

2026-02-09 17:51:39,360 | INFO | Booksy: profile 56/60  Harmonia Ciała Wrocław
2026-02-09 17:52:06,545 | WARNING | Playwright render failed for https://booksy.com/pl-pl/163837_harmonia-ciala-wroclaw-masaz-kobido-refleksoterapia_masaz_13750_wroclaw#ba_s=sr_1: Page.goto: Timeout 25000ms exceeded.
Call log:
  - navigating to "https://booksy.com/pl-pl/163837_harmonia-ciala-wroclaw-masaz-kobido-refleksoterapia_masaz_13750_wroclaw#ba_s=sr_1", waiting until "networkidle"

2026-02-09 17:52:06,546 | INFO | Booksy: profile 57/60  Metta Massage
2026-02-09 17:52:33,886 | WARNING | Playwright render failed for https://booksy.com/pl-pl/285908_metta-massage-thai-yoga-massage_masaz_13750_wroclaw#ba_s=sr_1: Page.goto: Timeout 25000ms exceeded.
Call log:
  - navigating to "https://booksy.com/pl-pl/285908_metta-massage-thai-yoga-massage_masaz_13750_wroclaw#ba_s=sr_1", waiting until "networkidle"

2026-02-09 17:52:33,886 | INFO | Booksy: profile 58/60  Orion medycyna holistyczna Anna Walczak Tęczowa 20, 53-601, Wrocław
2026-02-09 17:53:01,080 | WARNING | Playwright render failed for https://booksy.com/pl-pl/134663_orion-medycyna-holistyczna-anna-walczak_masaz_13750_wroclaw#ba_s=sr_1: Page.goto: Timeout 25000ms exceeded.
Call log:
  - navigating to "https://booksy.com/pl-pl/134663_orion-medycyna-holistyczna-anna-walczak_masaz_13750_wroclaw#ba_s=sr_1", waiting until "networkidle"

2026-02-09 17:53:01,080 | INFO | Booksy: profile 59/60  FEU.Studio Masażu | Tattoo | Wrocław Wita Stwosza 3, 120, 50-102, Wrocław Karty podarunkowe Booksy
2026-02-09 17:53:27,802 | WARNING | Playwright render failed for https://booksy.com/pl-pl/241882_feu-studio-masazu-tattoo-wroclaw_masaz_13750_wroclaw#ba_s=sr_1: Page.goto: Timeout 25000ms exceeded.
Call log:
  - navigating to "https://booksy.com/pl-pl/241882_feu-studio-masazu-tattoo-wroclaw_masaz_13750_wroclaw#ba_s=sr_1", waiting until "networkidle"

2026-02-09 17:53:27,803 | INFO | Booksy: profile 60/60  Belleza Ulica Pomorska 59, Wejście do salonu fryzjerskiego, 50-075, Wrocław
2026-02-09 17:53:56,506 | WARNING | Playwright render failed for https://booksy.com/pl-pl/309216_belleza_masaz_13750_wroclaw#ba_s=sr_1: Page.goto: Timeout 25000ms exceeded.
Call log:
  - navigating to "https://booksy.com/pl-pl/309216_belleza_masaz_13750_wroclaw#ba_s=sr_1", waiting until "networkidle"

2026-02-09 17:53:56,507 | INFO | === Fetching data from SPAeden rankings ===
2026-02-09 17:53:57,322 | INFO | SPAeden: extracted 13 ranking entries
2026-02-09 17:53:57,322 | INFO | === Fetching data from Fresha ===
2026-02-09 17:53:57,584 | WARNING | Fresha: 404 for https://www.fresha.com/lp/en/bt/spas/in/pl-wroclaw
2026-02-09 17:53:57,829 | WARNING | Fresha: 404 for https://www.fresha.com/lp/en/bt/spas/in/wroclaw
2026-02-09 17:54:07,654 | INFO | Fresha: extracted 0 listings from https://www.fresha.com/lp/en/bt/spas
2026-02-09 17:54:16,292 | INFO | Fresha: extracted 0 listings from https://www.fresha.com/search?q=Wroc%C5%82aw
2026-02-09 17:54:25,024 | INFO | Fresha: extracted 0 listings from https://www.fresha.com/search?q=spa+Wroc%C5%82aw
2026-02-09 17:54:25,025 | INFO | === Fetching data from Moment.pl ===
2026-02-09 17:54:25,025 | INFO | Moment.pl redirects to Booksy; reusing Booksy results.
2026-02-09 17:54:26,502 | INFO | Scraping Booksy category 'masaz' for Wrocław
2026-02-09 17:54:29,205 | INFO | Booksy: found 20 listings on page 1
2026-02-09 17:54:32,008 | INFO | Booksy: found 20 listings on page 2
2026-02-09 17:54:35,210 | INFO | Booksy: found 20 listings on page 3
2026-02-09 17:54:36,949 | INFO | Booksy: deep scraping 60 profiles for external websites
2026-02-09 17:54:36,950 | INFO | Booksy: profile 1/60  Nakhon Thai Massage Białowieska 79C, 54-234, Wrocław, Fabryczna Karty podarunkowe Booksy
2026-02-09 17:55:04,265 | WARNING | Playwright render failed for https://booksy.com/pl-pl/292752_nakhon-thai-massage_masaz_13750_wroclaw#ba_s=sr_1: Page.goto: Timeout 25000ms exceeded.
Call log:
  - navigating to "https://booksy.com/pl-pl/292752_nakhon-thai-massage_masaz_13750_wroclaw#ba_s=sr_1", waiting until "networkidle"

2026-02-09 17:55:04,266 | INFO | Booksy: profile 2/60  RUMI STUDIO URODY Ludwika Idzikowskiego 20/12, 54-129, Wrocław, Fabryczna
2026-02-09 17:55:31,368 | WARNING | Playwright render failed for https://booksy.com/pl-pl/298329_rumi-studio-urody_masaz_13750_wroclaw#ba_s=sr_1: Page.goto: Timeout 25000ms exceeded.
Call log:
  - navigating to "https://booksy.com/pl-pl/298329_rumi-studio-urody_masaz_13750_wroclaw#ba_s=sr_1", waiting until "networkidle"

2026-02-09 17:55:31,368 | INFO | Booksy: profile 3/60  Salon masażu “Soma Touch” Jaworska 8e/1, 53-612, Wrocław, Fabryczna Karty podarunkowe Booksy
2026-02-09 17:55:58,349 | WARNING | Playwright render failed for https://booksy.com/pl-pl/312345_salon-masazu-soma-touch_masaz_13750_wroclaw#ba_s=sr_1: Page.goto: Timeout 25000ms exceeded.
Call log:
  - navigating to "https://booksy.com/pl-pl/312345_salon-masazu-soma-touch_masaz_13750_wroclaw#ba_s=sr_1", waiting until "networkidle"

2026-02-09 17:55:58,349 | INFO | Booksy: profile 4/60  COCO ( Masaż Wrocław | masaż kobido | relaksacyjny | tajski | lomi lomi | balijski | massage for two) Białoskórnicza 5/, 50-134, Wrocław Karty podarunkowe Booksy
2026-02-09 17:56:25,442 | WARNING | Playwright render failed for https://booksy.com/pl-pl/225127_coco-masaz-wroclaw-masaz-kobido-relaksacyjny-tajski-lomi-lomi-balijski-massage-for-two_masaz_13750_wroclaw#ba_s=sr_1: Page.goto: Timeout 25000ms exceeded.
Call log:
  - navigating to "https://booksy.com/pl-pl/225127_coco-masaz-wroclaw-masaz-kobido-relaksacyjny-tajski-lomi-lomi-balijski-massage-for-two_masaz_13750_wroclaw#ba_s=sr_1", waiting until "networkidle"

2026-02-09 17:56:25,443 | INFO | Booksy: profile 5/60  Hero KOBIDO & MASAŻ Wrocław bulwar Ikara, 24 (Wejście w Salonie Różowe Oko Przy Rondzie W Osiedlu), 54-130, Wrocław, Fabryczna Karty podarunkowe Booksy
2026-02-09 17:56:52,165 | WARNING | Playwright render failed for https://booksy.com/pl-pl/227109_hero-kobido-masaz-wroclaw_masaz_13750_wroclaw#ba_s=sr_1: Page.goto: Timeout 25000ms exceeded.
Call log:
  - navigating to "https://booksy.com/pl-pl/227109_hero-kobido-masaz-wroclaw_masaz_13750_wroclaw#ba_s=sr_1", waiting until "networkidle"

2026-02-09 17:56:52,165 | INFO | Booksy: profile 6/60  Massage Wroclaw Spa Białoskórnicza, 50-134, Wrocław
2026-02-09 17:57:20,324 | WARNING | Playwright render failed for https://booksy.com/pl-pl/328179_massage-wroclaw-spa_masaz_13750_wroclaw#ba_s=sr_1: Page.goto: Timeout 25000ms exceeded.
Call log:
  - navigating to "https://booksy.com/pl-pl/328179_massage-wroclaw-spa_masaz_13750_wroclaw#ba_s=sr_1", waiting until "networkidle"

2026-02-09 17:57:20,324 | INFO | Booksy: profile 7/60  Gloria Spa Stacyjna 1/2, 53-613, Wrocław Karty podarunkowe Booksy
2026-02-09 17:57:46,696 | WARNING | Playwright render failed for https://booksy.com/pl-pl/293386_gloria-spa_masaz_13750_wroclaw#ba_s=sr_1: Page.goto: Timeout 25000ms exceeded.
Call log:
  - navigating to "https://booksy.com/pl-pl/293386_gloria-spa_masaz_13750_wroclaw#ba_s=sr_1", waiting until "networkidle"

2026-02-09 17:57:46,696 | INFO | Booksy: profile 8/60  Studio Viktoria Kasta Sokolnicza 7/17 lokal 13, 54-152, Wrocław, Fabryczna
2026-02-09 17:58:14,299 | WARNING | Playwright render failed for https://booksy.com/pl-pl/213475_studio-viktoria-kasta_masaz_13750_wroclaw#ba_s=sr_1: Page.goto: Timeout 25000ms exceeded.
Call log:
  - navigating to "https://booksy.com/pl-pl/213475_studio-viktoria-kasta_masaz_13750_wroclaw#ba_s=sr_1", waiting until "networkidle"

2026-02-09 17:58:14,299 | INFO | Booksy: profile 9/60  Terapia Bowena Ilona Strączek Wejście do lokalu bezpośrednio z chodnika, Kozanowska 81, 54-152, Wrocław, Fabryczna Karty podarunkowe Booksy
2026-02-09 17:58:40,750 | WARNING | Playwright render failed for https://booksy.com/pl-pl/281756_terapia-bowena-ilona-straczek_masaz_13750_wroclaw#ba_s=sr_1: Page.goto: Timeout 25000ms exceeded.
Call log:
  - navigating to "https://booksy.com/pl-pl/281756_terapia-bowena-ilona-straczek_masaz_13750_wroclaw#ba_s=sr_1", waiting until "networkidle"

2026-02-09 17:58:40,751 | INFO | Booksy: profile 10/60  LICO I CIAŁO
2026-02-09 17:59:07,294 | WARNING | Playwright render failed for https://booksy.com/pl-pl/173954_lico-i-cialo-rytualy-masazu_masaz_13750_wroclaw#ba_s=sr_1: Page.goto: Timeout 25000ms exceeded.
Call log:
  - navigating to "https://booksy.com/pl-pl/173954_lico-i-cialo-rytualy-masazu_masaz_13750_wroclaw#ba_s=sr_1", waiting until "networkidle"

2026-02-09 17:59:07,294 | INFO | Booksy: profile 11/60  Llarion_masaż Śrutowa 4/4 Pierwsze piętro Lokal 4 Śrutowa 4, 4, 50-256, Wrocław, Śródmieście Karty podarunkowe Booksy
2026-02-09 17:59:35,005 | WARNING | Playwright render failed for https://booksy.com/pl-pl/154509_llarion-masaz-srutowa-4-4-pierwsze-pietro-lokal-4_masaz_13750_wroclaw#ba_s=sr_1: Page.goto: Timeout 25000ms exceeded.
Call log:
  - navigating to "https://booksy.com/pl-pl/154509_llarion-masaz-srutowa-4-4-pierwsze-pietro-lokal-4_masaz_13750_wroclaw#ba_s=sr_1", waiting until "networkidle"

2026-02-09 17:59:35,005 | INFO | Booksy: profile 12/60  LIMFA Centrum Terapii Limfatycznej i Masażu ⚠️-10% na pierwszą wizytę przy rezerwacji telefonicznej☎️, Łaciarska 7, 50-104, Wrocław Karty podarunkowe Booksy
2026-02-09 18:00:02,668 | WARNING | Playwright render failed for https://booksy.com/pl-pl/239035_limfa-centrum-terapii-limfatycznej-i-masazu_masaz_13750_wroclaw#ba_s=sr_1: Page.goto: Timeout 25000ms exceeded.
Call log:
  - navigating to "https://booksy.com/pl-pl/239035_limfa-centrum-terapii-limfatycznej-i-masazu_masaz_13750_wroclaw#ba_s=sr_1", waiting until "networkidle"

2026-02-09 18:00:02,669 | INFO | Booksy: profile 13/60  Studio Masażu Wrocław Rogowska 52A, 54-440, Wrocław, Fabryczna Karty podarunkowe Booksy
2026-02-09 18:00:28,954 | WARNING | Playwright render failed for https://booksy.com/pl-pl/214400_studio-masazu-wroclaw_masaz_13750_wroclaw#ba_s=sr_1: Page.goto: Timeout 25000ms exceeded.
Call log:
  - navigating to "https://booksy.com/pl-pl/214400_studio-masazu-wroclaw_masaz_13750_wroclaw#ba_s=sr_1", waiting until "networkidle"

2026-02-09 18:00:28,954 | INFO | Booksy: profile 14/60  Masaże Hollywood Magic Touch Wrocław Gen. Władysława Sikorskiego 5/5e, 53-659, Wrocław
2026-02-09 18:00:55,539 | WARNING | Playwright render failed for https://booksy.com/pl-pl/301861_masaze-hollywood-magic-touch-wroclaw_masaz_13750_wroclaw#ba_s=sr_1: Page.goto: Timeout 25000ms exceeded.
Call log:
  - navigating to "https://booksy.com/pl-pl/301861_masaze-hollywood-magic-touch-wroclaw_masaz_13750_wroclaw#ba_s=sr_1", waiting until "networkidle"

2026-02-09 18:00:55,539 | INFO | Booksy: profile 15/60  Harmonia Ciała Wrocław
2026-02-09 18:01:22,998 | WARNING | Playwright render failed for https://booksy.com/pl-pl/163837_harmonia-ciala-wroclaw-masaz-kobido-refleksoterapia_masaz_13750_wroclaw#ba_s=sr_1: Page.goto: Timeout 25000ms exceeded.
Call log:
  - navigating to "https://booksy.com/pl-pl/163837_harmonia-ciala-wroclaw-masaz-kobido-refleksoterapia_masaz_13750_wroclaw#ba_s=sr_1", waiting until "networkidle"

2026-02-09 18:01:22,999 | INFO | Booksy: profile 16/60  Metta Massage
2026-02-09 18:01:49,891 | WARNING | Playwright render failed for https://booksy.com/pl-pl/285908_metta-massage-thai-yoga-massage_masaz_13750_wroclaw#ba_s=sr_1: Page.goto: Timeout 25000ms exceeded.
Call log:
  - navigating to "https://booksy.com/pl-pl/285908_metta-massage-thai-yoga-massage_masaz_13750_wroclaw#ba_s=sr_1", waiting until "networkidle"

2026-02-09 18:01:49,895 | INFO | Booksy: profile 17/60  Orion medycyna holistyczna Anna Walczak Tęczowa 20, 53-601, Wrocław
2026-02-09 18:02:17,880 | WARNING | Playwright render failed for https://booksy.com/pl-pl/134663_orion-medycyna-holistyczna-anna-walczak_masaz_13750_wroclaw#ba_s=sr_1: Page.goto: Timeout 25000ms exceeded.
Call log:
  - navigating to "https://booksy.com/pl-pl/134663_orion-medycyna-holistyczna-anna-walczak_masaz_13750_wroclaw#ba_s=sr_1", waiting until "networkidle"

2026-02-09 18:02:17,881 | INFO | Booksy: profile 18/60  Dotyk zdrowia studio masażu Tadeusza Kościuszki 5/2, 50-438, Wrocław, Krzyki Karty podarunkowe Booksy
2026-02-09 18:02:44,510 | WARNING | Playwright render failed for https://booksy.com/pl-pl/327869_dotyk-zdrowia-studio-masazu_masaz_13750_wroclaw#ba_s=sr_1: Page.goto: Timeout 25000ms exceeded.
Call log:
  - navigating to "https://booksy.com/pl-pl/327869_dotyk-zdrowia-studio-masazu_masaz_13750_wroclaw#ba_s=sr_1", waiting until "networkidle"

2026-02-09 18:02:44,510 | INFO | Booksy: profile 19/60  FEU.Studio Masażu | Tattoo | Wrocław Wita Stwosza 3, 120, 50-102, Wrocław Karty podarunkowe Booksy
2026-02-09 18:03:12,663 | WARNING | Playwright render failed for https://booksy.com/pl-pl/241882_feu-studio-masazu-tattoo-wroclaw_masaz_13750_wroclaw#ba_s=sr_1: Page.goto: Timeout 25000ms exceeded.
Call log:
  - navigating to "https://booksy.com/pl-pl/241882_feu-studio-masazu-tattoo-wroclaw_masaz_13750_wroclaw#ba_s=sr_1", waiting until "networkidle"

2026-02-09 18:03:12,663 | INFO | Booksy: profile 20/60  Belleza Ulica Pomorska 59, Wejście do salonu fryzjerskiego, 50-075, Wrocław
2026-02-09 18:03:39,911 | WARNING | Playwright render failed for https://booksy.com/pl-pl/309216_belleza_masaz_13750_wroclaw#ba_s=sr_1: Page.goto: Timeout 25000ms exceeded.
Call log:
  - navigating to "https://booksy.com/pl-pl/309216_belleza_masaz_13750_wroclaw#ba_s=sr_1", waiting until "networkidle"

2026-02-09 18:03:39,912 | INFO | Booksy: profile 21/60  Nakhon Thai Massage Białowieska 79C, 54-234, Wrocław, Fabryczna Karty podarunkowe Booksy
2026-02-09 18:04:07,373 | WARNING | Playwright render failed for https://booksy.com/pl-pl/292752_nakhon-thai-massage_masaz_13750_wroclaw#ba_s=sr_1: Page.goto: Timeout 25000ms exceeded.
Call log:
  - navigating to "https://booksy.com/pl-pl/292752_nakhon-thai-massage_masaz_13750_wroclaw#ba_s=sr_1", waiting until "networkidle"

2026-02-09 18:04:07,374 | INFO | Booksy: profile 22/60  RUMI STUDIO URODY Ludwika Idzikowskiego 20/12, 54-129, Wrocław, Fabryczna
2026-02-09 18:04:34,415 | WARNING | Playwright render failed for https://booksy.com/pl-pl/298329_rumi-studio-urody_masaz_13750_wroclaw#ba_s=sr_1: Page.goto: Timeout 25000ms exceeded.
Call log:
  - navigating to "https://booksy.com/pl-pl/298329_rumi-studio-urody_masaz_13750_wroclaw#ba_s=sr_1", waiting until "networkidle"

2026-02-09 18:04:34,415 | INFO | Booksy: profile 23/60  Salon masażu “Soma Touch” Jaworska 8e/1, 53-612, Wrocław, Fabryczna Karty podarunkowe Booksy
2026-02-09 18:05:01,040 | WARNING | Playwright render failed for https://booksy.com/pl-pl/312345_salon-masazu-soma-touch_masaz_13750_wroclaw#ba_s=sr_1: Page.goto: Timeout 25000ms exceeded.
Call log:
  - navigating to "https://booksy.com/pl-pl/312345_salon-masazu-soma-touch_masaz_13750_wroclaw#ba_s=sr_1", waiting until "networkidle"

2026-02-09 18:05:01,041 | INFO | Booksy: profile 24/60  COCO ( Masaż Wrocław | masaż kobido | relaksacyjny | tajski | lomi lomi | balijski | massage for two) Białoskórnicza 5/, 50-134, Wrocław Karty podarunkowe Booksy
2026-02-09 18:05:27,874 | WARNING | Playwright render failed for https://booksy.com/pl-pl/225127_coco-masaz-wroclaw-masaz-kobido-relaksacyjny-tajski-lomi-lomi-balijski-massage-for-two_masaz_13750_wroclaw#ba_s=sr_1: Page.goto: Timeout 25000ms exceeded.
Call log:
  - navigating to "https://booksy.com/pl-pl/225127_coco-masaz-wroclaw-masaz-kobido-relaksacyjny-tajski-lomi-lomi-balijski-massage-for-two_masaz_13750_wroclaw#ba_s=sr_1", waiting until "networkidle"

2026-02-09 18:05:27,875 | INFO | Booksy: profile 25/60  Hero KOBIDO & MASAŻ Wrocław bulwar Ikara, 24 (Wejście w Salonie Różowe Oko Przy Rondzie W Osiedlu), 54-130, Wrocław, Fabryczna Karty podarunkowe Booksy
2026-02-09 18:05:54,762 | WARNING | Playwright render failed for https://booksy.com/pl-pl/227109_hero-kobido-masaz-wroclaw_masaz_13750_wroclaw#ba_s=sr_1: Page.goto: Timeout 25000ms exceeded.
Call log:
  - navigating to "https://booksy.com/pl-pl/227109_hero-kobido-masaz-wroclaw_masaz_13750_wroclaw#ba_s=sr_1", waiting until "networkidle"

2026-02-09 18:05:54,762 | INFO | Booksy: profile 26/60  Massage Wroclaw Spa Białoskórnicza, 50-134, Wrocław
2026-02-09 18:06:22,678 | WARNING | Playwright render failed for https://booksy.com/pl-pl/328179_massage-wroclaw-spa_masaz_13750_wroclaw#ba_s=sr_1: Page.goto: Timeout 25000ms exceeded.
Call log:
  - navigating to "https://booksy.com/pl-pl/328179_massage-wroclaw-spa_masaz_13750_wroclaw#ba_s=sr_1", waiting until "networkidle"

2026-02-09 18:06:22,678 | INFO | Booksy: profile 27/60  Gloria Spa Stacyjna 1/2, 53-613, Wrocław Karty podarunkowe Booksy
2026-02-09 18:06:49,262 | WARNING | Playwright render failed for https://booksy.com/pl-pl/293386_gloria-spa_masaz_13750_wroclaw#ba_s=sr_1: Page.goto: Timeout 25000ms exceeded.
Call log:
  - navigating to "https://booksy.com/pl-pl/293386_gloria-spa_masaz_13750_wroclaw#ba_s=sr_1", waiting until "networkidle"

2026-02-09 18:06:49,262 | INFO | Booksy: profile 28/60  Studio Viktoria Kasta Sokolnicza 7/17 lokal 13, 54-152, Wrocław, Fabryczna
2026-02-09 18:07:16,984 | WARNING | Playwright render failed for https://booksy.com/pl-pl/213475_studio-viktoria-kasta_masaz_13750_wroclaw#ba_s=sr_1: Page.goto: Timeout 25000ms exceeded.
Call log:
  - navigating to "https://booksy.com/pl-pl/213475_studio-viktoria-kasta_masaz_13750_wroclaw#ba_s=sr_1", waiting until "networkidle"

2026-02-09 18:07:16,985 | INFO | Booksy: profile 29/60  Terapia Bowena Ilona Strączek Wejście do lokalu bezpośrednio z chodnika, Kozanowska 81, 54-152, Wrocław, Fabryczna Karty podarunkowe Booksy
2026-02-09 18:07:43,869 | WARNING | Playwright render failed for https://booksy.com/pl-pl/281756_terapia-bowena-ilona-straczek_masaz_13750_wroclaw#ba_s=sr_1: Page.goto: Timeout 25000ms exceeded.
Call log:
  - navigating to "https://booksy.com/pl-pl/281756_terapia-bowena-ilona-straczek_masaz_13750_wroclaw#ba_s=sr_1", waiting until "networkidle"

2026-02-09 18:07:43,869 | INFO | Booksy: profile 30/60  LICO I CIAŁO
2026-02-09 18:08:11,354 | WARNING | Playwright render failed for https://booksy.com/pl-pl/173954_lico-i-cialo-rytualy-masazu_masaz_13750_wroclaw#ba_s=sr_1: Page.goto: Timeout 25000ms exceeded.
Call log:
  - navigating to "https://booksy.com/pl-pl/173954_lico-i-cialo-rytualy-masazu_masaz_13750_wroclaw#ba_s=sr_1", waiting until "networkidle"

2026-02-09 18:08:11,354 | INFO | Booksy: profile 31/60  Llarion_masaż Śrutowa 4/4 Pierwsze piętro Lokal 4 Śrutowa 4, 4, 50-256, Wrocław, Śródmieście Karty podarunkowe Booksy
2026-02-09 18:08:39,492 | WARNING | Playwright render failed for https://booksy.com/pl-pl/154509_llarion-masaz-srutowa-4-4-pierwsze-pietro-lokal-4_masaz_13750_wroclaw#ba_s=sr_1: Page.goto: Timeout 25000ms exceeded.
Call log:
  - navigating to "https://booksy.com/pl-pl/154509_llarion-masaz-srutowa-4-4-pierwsze-pietro-lokal-4_masaz_13750_wroclaw#ba_s=sr_1", waiting until "networkidle"

2026-02-09 18:08:39,492 | INFO | Booksy: profile 32/60  LIMFA Centrum Terapii Limfatycznej i Masażu ⚠️-10% na pierwszą wizytę przy rezerwacji telefonicznej☎️, Łaciarska 7, 50-104, Wrocław Karty podarunkowe Booksy
2026-02-09 18:09:07,254 | WARNING | Playwright render failed for https://booksy.com/pl-pl/239035_limfa-centrum-terapii-limfatycznej-i-masazu_masaz_13750_wroclaw#ba_s=sr_1: Page.goto: Timeout 25000ms exceeded.
Call log:
  - navigating to "https://booksy.com/pl-pl/239035_limfa-centrum-terapii-limfatycznej-i-masazu_masaz_13750_wroclaw#ba_s=sr_1", waiting until "networkidle"

2026-02-09 18:09:07,255 | INFO | Booksy: profile 33/60  Studio Masażu Wrocław Rogowska 52A, 54-440, Wrocław, Fabryczna Karty podarunkowe Booksy
2026-02-09 18:09:34,666 | WARNING | Playwright render failed for https://booksy.com/pl-pl/214400_studio-masazu-wroclaw_masaz_13750_wroclaw#ba_s=sr_1: Page.goto: Timeout 25000ms exceeded.
Call log:
  - navigating to "https://booksy.com/pl-pl/214400_studio-masazu-wroclaw_masaz_13750_wroclaw#ba_s=sr_1", waiting until "networkidle"

2026-02-09 18:09:34,666 | INFO | Booksy: profile 34/60  Masaże Hollywood Magic Touch Wrocław Gen. Władysława Sikorskiego 5/5e, 53-659, Wrocław
2026-02-09 18:10:02,371 | WARNING | Playwright render failed for https://booksy.com/pl-pl/301861_masaze-hollywood-magic-touch-wroclaw_masaz_13750_wroclaw#ba_s=sr_1: Page.goto: Timeout 25000ms exceeded.
Call log:
  - navigating to "https://booksy.com/pl-pl/301861_masaze-hollywood-magic-touch-wroclaw_masaz_13750_wroclaw#ba_s=sr_1", waiting until "networkidle"

2026-02-09 18:10:02,372 | INFO | Booksy: profile 35/60  Harmonia Ciała Wrocław
2026-02-09 18:10:29,960 | WARNING | Playwright render failed for https://booksy.com/pl-pl/163837_harmonia-ciala-wroclaw-masaz-kobido-refleksoterapia_masaz_13750_wroclaw#ba_s=sr_1: Page.goto: Timeout 25000ms exceeded.
Call log:
  - navigating to "https://booksy.com/pl-pl/163837_harmonia-ciala-wroclaw-masaz-kobido-refleksoterapia_masaz_13750_wroclaw#ba_s=sr_1", waiting until "networkidle"

2026-02-09 18:10:29,960 | INFO | Booksy: profile 36/60  Metta Massage
2026-02-09 18:10:57,210 | WARNING | Playwright render failed for https://booksy.com/pl-pl/285908_metta-massage-thai-yoga-massage_masaz_13750_wroclaw#ba_s=sr_1: Page.goto: Timeout 25000ms exceeded.
Call log:
  - navigating to "https://booksy.com/pl-pl/285908_metta-massage-thai-yoga-massage_masaz_13750_wroclaw#ba_s=sr_1", waiting until "networkidle"

2026-02-09 18:10:57,210 | INFO | Booksy: profile 37/60  Orion medycyna holistyczna Anna Walczak Tęczowa 20, 53-601, Wrocław
2026-02-09 18:11:24,903 | WARNING | Playwright render failed for https://booksy.com/pl-pl/134663_orion-medycyna-holistyczna-anna-walczak_masaz_13750_wroclaw#ba_s=sr_1: Page.goto: Timeout 25000ms exceeded.
Call log:
  - navigating to "https://booksy.com/pl-pl/134663_orion-medycyna-holistyczna-anna-walczak_masaz_13750_wroclaw#ba_s=sr_1", waiting until "networkidle"

2026-02-09 18:11:24,904 | INFO | Booksy: profile 38/60  Dotyk zdrowia studio masażu Tadeusza Kościuszki 5/2, 50-438, Wrocław, Krzyki Karty podarunkowe Booksy
2026-02-09 18:11:51,206 | WARNING | Playwright render failed for https://booksy.com/pl-pl/327869_dotyk-zdrowia-studio-masazu_masaz_13750_wroclaw#ba_s=sr_1: Page.goto: Timeout 25000ms exceeded.
Call log:
  - navigating to "https://booksy.com/pl-pl/327869_dotyk-zdrowia-studio-masazu_masaz_13750_wroclaw#ba_s=sr_1", waiting until "networkidle"

2026-02-09 18:11:51,207 | INFO | Booksy: profile 39/60  FEU.Studio Masażu | Tattoo | Wrocław Wita Stwosza 3, 120, 50-102, Wrocław Karty podarunkowe Booksy
2026-02-09 18:12:18,834 | WARNING | Playwright render failed for https://booksy.com/pl-pl/241882_feu-studio-masazu-tattoo-wroclaw_masaz_13750_wroclaw#ba_s=sr_1: Page.goto: Timeout 25000ms exceeded.
Call log:
  - navigating to "https://booksy.com/pl-pl/241882_feu-studio-masazu-tattoo-wroclaw_masaz_13750_wroclaw#ba_s=sr_1", waiting until "networkidle"

2026-02-09 18:12:18,834 | INFO | Booksy: profile 40/60  Belleza Ulica Pomorska 59, Wejście do salonu fryzjerskiego, 50-075, Wrocław
2026-02-09 18:12:47,009 | WARNING | Playwright render failed for https://booksy.com/pl-pl/309216_belleza_masaz_13750_wroclaw#ba_s=sr_1: Page.goto: Timeout 25000ms exceeded.
Call log:
  - navigating to "https://booksy.com/pl-pl/309216_belleza_masaz_13750_wroclaw#ba_s=sr_1", waiting until "networkidle"

2026-02-09 18:12:47,010 | INFO | Booksy: profile 41/60  Nakhon Thai Massage Białowieska 79C, 54-234, Wrocław, Fabryczna Karty podarunkowe Booksy
2026-02-09 18:13:14,532 | WARNING | Playwright render failed for https://booksy.com/pl-pl/292752_nakhon-thai-massage_masaz_13750_wroclaw#ba_s=sr_1: Page.goto: Timeout 25000ms exceeded.
Call log:
  - navigating to "https://booksy.com/pl-pl/292752_nakhon-thai-massage_masaz_13750_wroclaw#ba_s=sr_1", waiting until "networkidle"

2026-02-09 18:13:14,533 | INFO | Booksy: profile 42/60  RUMI STUDIO URODY Ludwika Idzikowskiego 20/12, 54-129, Wrocław, Fabryczna
2026-02-09 18:13:41,489 | WARNING | Playwright render failed for https://booksy.com/pl-pl/298329_rumi-studio-urody_masaz_13750_wroclaw#ba_s=sr_1: Page.goto: Timeout 25000ms exceeded.
Call log:
  - navigating to "https://booksy.com/pl-pl/298329_rumi-studio-urody_masaz_13750_wroclaw#ba_s=sr_1", waiting until "networkidle"

2026-02-09 18:13:41,490 | INFO | Booksy: profile 43/60  Salon masażu “Soma Touch” Jaworska 8e/1, 53-612, Wrocław, Fabryczna Karty podarunkowe Booksy
2026-02-09 18:14:09,246 | WARNING | Playwright render failed for https://booksy.com/pl-pl/312345_salon-masazu-soma-touch_masaz_13750_wroclaw#ba_s=sr_1: Page.goto: Timeout 25000ms exceeded.
Call log:
  - navigating to "https://booksy.com/pl-pl/312345_salon-masazu-soma-touch_masaz_13750_wroclaw#ba_s=sr_1", waiting until "networkidle"

2026-02-09 18:14:09,246 | INFO | Booksy: profile 44/60  COCO ( Masaż Wrocław | masaż kobido | relaksacyjny | tajski | lomi lomi | balijski | massage for two) Białoskórnicza 5/, 50-134, Wrocław Karty podarunkowe Booksy
2026-02-09 18:14:37,231 | WARNING | Playwright render failed for https://booksy.com/pl-pl/225127_coco-masaz-wroclaw-masaz-kobido-relaksacyjny-tajski-lomi-lomi-balijski-massage-for-two_masaz_13750_wroclaw#ba_s=sr_1: Page.goto: Timeout 25000ms exceeded.
Call log:
  - navigating to "https://booksy.com/pl-pl/225127_coco-masaz-wroclaw-masaz-kobido-relaksacyjny-tajski-lomi-lomi-balijski-massage-for-two_masaz_13750_wroclaw#ba_s=sr_1", waiting until "networkidle"

2026-02-09 18:14:37,232 | INFO | Booksy: profile 45/60  Hero KOBIDO & MASAŻ Wrocław bulwar Ikara, 24 (Wejście w Salonie Różowe Oko Przy Rondzie W Osiedlu), 54-130, Wrocław, Fabryczna Karty podarunkowe Booksy
2026-02-09 18:15:04,698 | WARNING | Playwright render failed for https://booksy.com/pl-pl/227109_hero-kobido-masaz-wroclaw_masaz_13750_wroclaw#ba_s=sr_1: Page.goto: Timeout 25000ms exceeded.
Call log:
  - navigating to "https://booksy.com/pl-pl/227109_hero-kobido-masaz-wroclaw_masaz_13750_wroclaw#ba_s=sr_1", waiting until "networkidle"

2026-02-09 18:15:04,698 | INFO | Booksy: profile 46/60  Massage Wroclaw Spa Białoskórnicza, 50-134, Wrocław
2026-02-09 18:15:31,806 | WARNING | Playwright render failed for https://booksy.com/pl-pl/328179_massage-wroclaw-spa_masaz_13750_wroclaw#ba_s=sr_1: Page.goto: Timeout 25000ms exceeded.
Call log:
  - navigating to "https://booksy.com/pl-pl/328179_massage-wroclaw-spa_masaz_13750_wroclaw#ba_s=sr_1", waiting until "networkidle"

2026-02-09 18:15:31,807 | INFO | Booksy: profile 47/60  Gloria Spa Stacyjna 1/2, 53-613, Wrocław Karty podarunkowe Booksy
2026-02-09 18:15:59,346 | WARNING | Playwright render failed for https://booksy.com/pl-pl/293386_gloria-spa_masaz_13750_wroclaw#ba_s=sr_1: Page.goto: Timeout 25000ms exceeded.
Call log:
  - navigating to "https://booksy.com/pl-pl/293386_gloria-spa_masaz_13750_wroclaw#ba_s=sr_1", waiting until "networkidle"

2026-02-09 18:15:59,346 | INFO | Booksy: profile 48/60  Studio Viktoria Kasta Sokolnicza 7/17 lokal 13, 54-152, Wrocław, Fabryczna
2026-02-09 18:16:26,206 | WARNING | Playwright render failed for https://booksy.com/pl-pl/213475_studio-viktoria-kasta_masaz_13750_wroclaw#ba_s=sr_1: Page.goto: Timeout 25000ms exceeded.
Call log:
  - navigating to "https://booksy.com/pl-pl/213475_studio-viktoria-kasta_masaz_13750_wroclaw#ba_s=sr_1", waiting until "networkidle"

2026-02-09 18:16:26,207 | INFO | Booksy: profile 49/60  Terapia Bowena Ilona Strączek Wejście do lokalu bezpośrednio z chodnika, Kozanowska 81, 54-152, Wrocław, Fabryczna Karty podarunkowe Booksy
2026-02-09 18:16:53,393 | WARNING | Playwright render failed for https://booksy.com/pl-pl/281756_terapia-bowena-ilona-straczek_masaz_13750_wroclaw#ba_s=sr_1: Page.goto: Timeout 25000ms exceeded.
Call log:
  - navigating to "https://booksy.com/pl-pl/281756_terapia-bowena-ilona-straczek_masaz_13750_wroclaw#ba_s=sr_1", waiting until "networkidle"

2026-02-09 18:16:53,393 | INFO | Booksy: profile 50/60  LICO I CIAŁO
2026-02-09 18:17:21,374 | WARNING | Playwright render failed for https://booksy.com/pl-pl/173954_lico-i-cialo-rytualy-masazu_masaz_13750_wroclaw#ba_s=sr_1: Page.goto: Timeout 25000ms exceeded.
Call log:
  - navigating to "https://booksy.com/pl-pl/173954_lico-i-cialo-rytualy-masazu_masaz_13750_wroclaw#ba_s=sr_1", waiting until "networkidle"

2026-02-09 18:17:21,374 | INFO | Booksy: profile 51/60  Llarion_masaż Śrutowa 4/4 Pierwsze piętro Lokal 4 Śrutowa 4, 4, 50-256, Wrocław, Śródmieście Karty podarunkowe Booksy
2026-02-09 18:17:48,429 | WARNING | Playwright render failed for https://booksy.com/pl-pl/154509_llarion-masaz-srutowa-4-4-pierwsze-pietro-lokal-4_masaz_13750_wroclaw#ba_s=sr_1: Page.goto: Timeout 25000ms exceeded.
Call log:
  - navigating to "https://booksy.com/pl-pl/154509_llarion-masaz-srutowa-4-4-pierwsze-pietro-lokal-4_masaz_13750_wroclaw#ba_s=sr_1", waiting until "networkidle"

2026-02-09 18:17:48,429 | INFO | Booksy: profile 52/60  LIMFA Centrum Terapii Limfatycznej i Masażu ⚠️-10% na pierwszą wizytę przy rezerwacji telefonicznej☎️, Łaciarska 7, 50-104, Wrocław Karty podarunkowe Booksy
2026-02-09 18:18:15,242 | WARNING | Playwright render failed for https://booksy.com/pl-pl/239035_limfa-centrum-terapii-limfatycznej-i-masazu_masaz_13750_wroclaw#ba_s=sr_1: Page.goto: Timeout 25000ms exceeded.
Call log:
  - navigating to "https://booksy.com/pl-pl/239035_limfa-centrum-terapii-limfatycznej-i-masazu_masaz_13750_wroclaw#ba_s=sr_1", waiting until "networkidle"

2026-02-09 18:18:15,243 | INFO | Booksy: profile 53/60  Studio Masażu Wrocław Rogowska 52A, 54-440, Wrocław, Fabryczna Karty podarunkowe Booksy
2026-02-09 18:18:42,628 | WARNING | Playwright render failed for https://booksy.com/pl-pl/214400_studio-masazu-wroclaw_masaz_13750_wroclaw#ba_s=sr_1: Page.goto: Timeout 25000ms exceeded.
Call log:
  - navigating to "https://booksy.com/pl-pl/214400_studio-masazu-wroclaw_masaz_13750_wroclaw#ba_s=sr_1", waiting until "networkidle"

2026-02-09 18:18:42,629 | INFO | Booksy: profile 54/60  Masaże Hollywood Magic Touch Wrocław Gen. Władysława Sikorskiego 5/5e, 53-659, Wrocław
2026-02-09 18:19:10,126 | WARNING | Playwright render failed for https://booksy.com/pl-pl/301861_masaze-hollywood-magic-touch-wroclaw_masaz_13750_wroclaw#ba_s=sr_1: Page.goto: Timeout 25000ms exceeded.
Call log:
  - navigating to "https://booksy.com/pl-pl/301861_masaze-hollywood-magic-touch-wroclaw_masaz_13750_wroclaw#ba_s=sr_1", waiting until "networkidle"

2026-02-09 18:19:10,127 | INFO | Booksy: profile 55/60  Harmonia Ciała Wrocław
2026-02-09 18:19:37,856 | WARNING | Playwright render failed for https://booksy.com/pl-pl/163837_harmonia-ciala-wroclaw-masaz-kobido-refleksoterapia_masaz_13750_wroclaw#ba_s=sr_1: Page.goto: Timeout 25000ms exceeded.
Call log:
  - navigating to "https://booksy.com/pl-pl/163837_harmonia-ciala-wroclaw-masaz-kobido-refleksoterapia_masaz_13750_wroclaw#ba_s=sr_1", waiting until "networkidle"

2026-02-09 18:19:37,856 | INFO | Booksy: profile 56/60  Metta Massage
2026-02-09 18:20:04,841 | WARNING | Playwright render failed for https://booksy.com/pl-pl/285908_metta-massage-thai-yoga-massage_masaz_13750_wroclaw#ba_s=sr_1: Page.goto: Timeout 25000ms exceeded.
Call log:
  - navigating to "https://booksy.com/pl-pl/285908_metta-massage-thai-yoga-massage_masaz_13750_wroclaw#ba_s=sr_1", waiting until "networkidle"

2026-02-09 18:20:04,841 | INFO | Booksy: profile 57/60  Orion medycyna holistyczna Anna Walczak Tęczowa 20, 53-601, Wrocław
2026-02-09 18:20:31,399 | WARNING | Playwright render failed for https://booksy.com/pl-pl/134663_orion-medycyna-holistyczna-anna-walczak_masaz_13750_wroclaw#ba_s=sr_1: Page.goto: Timeout 25000ms exceeded.
Call log:
  - navigating to "https://booksy.com/pl-pl/134663_orion-medycyna-holistyczna-anna-walczak_masaz_13750_wroclaw#ba_s=sr_1", waiting until "networkidle"

2026-02-09 18:20:31,399 | INFO | Booksy: profile 58/60  Dotyk zdrowia studio masażu Tadeusza Kościuszki 5/2, 50-438, Wrocław, Krzyki Karty podarunkowe Booksy
2026-02-09 18:20:58,684 | WARNING | Playwright render failed for https://booksy.com/pl-pl/327869_dotyk-zdrowia-studio-masazu_masaz_13750_wroclaw#ba_s=sr_1: Page.goto: Timeout 25000ms exceeded.
Call log:
  - navigating to "https://booksy.com/pl-pl/327869_dotyk-zdrowia-studio-masazu_masaz_13750_wroclaw#ba_s=sr_1", waiting until "networkidle"

2026-02-09 18:20:58,685 | INFO | Booksy: profile 59/60  FEU.Studio Masażu | Tattoo | Wrocław Wita Stwosza 3, 120, 50-102, Wrocław Karty podarunkowe Booksy
2026-02-09 18:21:25,982 | WARNING | Playwright render failed for https://booksy.com/pl-pl/241882_feu-studio-masazu-tattoo-wroclaw_masaz_13750_wroclaw#ba_s=sr_1: Page.goto: Timeout 25000ms exceeded.
Call log:
  - navigating to "https://booksy.com/pl-pl/241882_feu-studio-masazu-tattoo-wroclaw_masaz_13750_wroclaw#ba_s=sr_1", waiting until "networkidle"

2026-02-09 18:21:25,983 | INFO | Booksy: profile 60/60  Belleza Ulica Pomorska 59, Wejście do salonu fryzjerskiego, 50-075, Wrocław
2026-02-09 18:21:52,975 | WARNING | Playwright render failed for https://booksy.com/pl-pl/309216_belleza_masaz_13750_wroclaw#ba_s=sr_1: Page.goto: Timeout 25000ms exceeded.
Call log:
  - navigating to "https://booksy.com/pl-pl/309216_belleza_masaz_13750_wroclaw#ba_s=sr_1", waiting until "networkidle"

2026-02-09 18:21:52,975 | INFO | === Fetching data from Cylex ===
2026-02-09 18:22:00,065 | WARNING | Cylex: Cloudflare block detected for https://www.cylex-polska.pl/firmy/?q=spa+Wroc%C5%82aw
2026-02-09 18:22:00,065 | INFO | === Fetching data from Oferteo ===
2026-02-09 18:22:17,165 | INFO | Oferteo: collected 0 profiles from https://www.oferteo.pl/firmy/wroclaw?q=spa
2026-02-09 18:22:19,852 | INFO | Oferteo: collected 0 profiles from https://www.oferteo.pl/firmy/wroclaw?q=spa&page=2
2026-02-09 18:22:21,726 | INFO | Oferteo: collected 0 profiles from https://www.oferteo.pl/firmy/wroclaw?q=spa&page=3
2026-02-09 18:22:22,999 | INFO | === Fetching data from Firmy.net ===
2026-02-09 18:22:23,692 | INFO | Firmy.net: found 15 profile links on search page
2026-02-09 18:22:26,910 | INFO | Firmy.net: collected 13 profiles
2026-02-09 18:22:26,911 | INFO | === Fetching data from BiznesFinder ===
2026-02-09 18:22:29,089 | INFO | BiznesFinder: collected 0 profiles
2026-02-09 18:22:29,089 | INFO | === Fetching data from Fixly ===
2026-02-09 18:22:38,539 | INFO | Fixly: no listings found on https://fixly.pl/kategoria/spa/wroclaw
2026-02-09 18:22:38,540 | INFO | === Fetching data from Google Places API ===
2026-02-09 18:22:38,718 | ERROR | API Error: REQUEST_DENIED - The provided API key is invalid.
2026-02-09 18:22:38,718 | INFO | No results found in Google Places.
2026-02-09 18:22:38,721 | INFO | After deduplication, we have 46 unique businesses.
2026-02-09 18:22:38,721 | INFO | === Fetching emails from websites ===
2026-02-09 18:22:38,721 | INFO | Found 0 businesses with website addresses.
2026-02-09 18:22:38,749 | INFO | Saved 46 records to scraped\new_07.xlsx
