2026-02-09 13:28:29,146 | INFO | Log file: logs\spa_wroclaw_20260209_132829.log
2026-02-09 13:28:29,147 | INFO | === Fetching data from Panorama Firm ===
2026-02-09 13:28:29,147 | INFO | Scraping data from Panorama Firm for: spa in Wrocław
2026-02-09 13:28:29,147 | INFO | Fetching page 1 from Panorama Firm...
2026-02-09 13:28:29,977 | INFO | No more results found on page 1
2026-02-09 13:28:29,978 | INFO | === Fetching data from PKT.pl ===
2026-02-09 13:28:29,978 | INFO | Scraping data from PKT.pl for: spa in Wrocław
2026-02-09 13:28:29,979 | INFO | Fetching page 1 from PKT.pl...
2026-02-09 13:28:30,624 | INFO | No more results found on page 1
2026-02-09 13:28:30,625 | INFO | === Fetching data from Booksy ===
2026-02-09 13:28:34,882 | INFO | Booksy: could not resolve city slug for 'Wrocław'.
2026-02-09 13:28:34,882 | INFO | === Fetching data from SPAeden rankings ===
2026-02-09 13:28:35,566 | INFO | SPAeden: extracted 13 ranking entries
2026-02-09 13:28:35,566 | INFO | === Fetching data from Fresha ===
2026-02-09 13:28:35,926 | WARNING | Fresha: 404 for https://www.fresha.com/lp/en/bt/spas/in/pl-wroclaw
2026-02-09 13:28:36,091 | WARNING | Fresha: 404 for https://www.fresha.com/lp/en/bt/spas/in/wroclaw
2026-02-09 13:28:36,461 | INFO | Fresha: extracted 0 listings from https://www.fresha.com/lp/en/bt/spas
2026-02-09 13:28:36,461 | INFO | === Fetching data from Moment.pl ===
2026-02-09 13:28:36,462 | INFO | Moment.pl redirects to Booksy; reusing Booksy results.
2026-02-09 13:28:39,279 | INFO | Booksy: could not resolve city slug for 'Wrocław'.
2026-02-09 13:28:39,280 | INFO | === Fetching data from Cylex ===
2026-02-09 13:28:47,444 | WARNING | Cylex: Cloudflare block detected for https://www.cylex-polska.pl/firmy/?q=spa+Wroc%C5%82aw
2026-02-09 13:28:47,444 | INFO | === Fetching data from Oferteo ===
2026-02-09 13:29:03,939 | INFO | Oferteo: collected 0 profiles from https://www.oferteo.pl/firmy/wroclaw?q=spa
2026-02-09 13:29:06,116 | INFO | Oferteo: collected 0 profiles from https://www.oferteo.pl/firmy/wroclaw?q=spa&page=2
2026-02-09 13:29:08,750 | INFO | Oferteo: collected 0 profiles from https://www.oferteo.pl/firmy/wroclaw?q=spa&page=3
2026-02-09 13:29:10,345 | INFO | === Fetching data from Firmy.net ===
2026-02-09 13:29:14,213 | INFO | Firmy.net: collected 13 profiles
2026-02-09 13:29:14,214 | INFO | === Fetching data from BiznesFinder ===
2026-02-09 13:29:16,231 | INFO | BiznesFinder: collected 0 profiles
2026-02-09 13:29:16,231 | INFO | === Fetching data from Fixly ===
2026-02-09 13:29:26,190 | INFO | Fixly: no listings found on https://fixly.pl/kategoria/spa/wroclaw
2026-02-09 13:29:26,191 | INFO | === Fetching data from Google Places API ===
2026-02-09 13:29:26,470 | ERROR | API Error: REQUEST_DENIED - The provided API key is invalid.
2026-02-09 13:29:26,470 | INFO | No results found in Google Places.
2026-02-09 13:29:26,471 | INFO | After deduplication, we have 26 unique businesses.
2026-02-09 13:29:26,472 | INFO | === Fetching emails from websites ===
2026-02-09 13:29:26,472 | INFO | Found 13 businesses with website addresses.
2026-02-09 13:29:26,472 | INFO | [1/13] Fetching emails for: Słoneczko Gabinet Odnowy Biologicznej
2026-02-09 13:29:26,473 | INFO | Fetching emails from website: https://www.firmy.net/odnowa-biologiczna-i-spa/sloneczko,9P6MX.html
2026-02-09 13:29:26,699 | INFO | Found 0 unique email addresses.
2026-02-09 13:29:27,797 | INFO | [2/13] Fetching emails for: Atmosfera Studio SPA Izabela Kielich
2026-02-09 13:29:27,798 | INFO | Fetching emails from website: https://www.firmy.net/gabinety-kosmetyczne/atmosferaspa,WCGT4.html
2026-02-09 13:29:28,009 | INFO | Found 0 unique email addresses.
2026-02-09 13:29:29,505 | INFO | [3/13] Fetching emails for: DERMIKA Salon SPA
2026-02-09 13:29:29,506 | INFO | Fetching emails from website: https://www.firmy.net/salony-pieknosci/dermika,YFBXF.html
2026-02-09 13:29:29,716 | INFO | Found 0 unique email addresses.
2026-02-09 13:29:31,717 | INFO | [4/13] Fetching emails for: Alan - Sauny, Łaźnie, Kominki
2026-02-09 13:29:31,718 | INFO | Fetching emails from website: https://www.firmy.net/odnowa-biologiczna-i-spa/alan,9QGD.html
2026-02-09 13:29:31,933 | INFO | Found 0 unique email addresses.
2026-02-09 13:29:33,468 | INFO | [5/13] Fetching emails for: Piechocińska Joanna Centrum Kondycji i Urody
2026-02-09 13:29:33,469 | INFO | Fetching emails from website: https://www.firmy.net/odnowa-biologiczna-i-spa/odchudzanie,9VHNG.html
2026-02-09 13:29:33,670 | INFO | Found 0 unique email addresses.
2026-02-09 13:29:35,264 | INFO | [6/13] Fetching emails for: Studio Nicoll Gabinet Odnowy Biologicznej
2026-02-09 13:29:35,264 | INFO | Fetching emails from website: https://www.firmy.net/odnowa-biologiczna-i-spa/studio-nicoll,96SMC.html
2026-02-09 13:29:35,465 | INFO | Found 0 unique email addresses.
2026-02-09 13:29:36,996 | INFO | [7/13] Fetching emails for: Namaste Praktyka Jogi
2026-02-09 13:29:36,997 | INFO | Fetching emails from website: https://www.firmy.net/odnowa-biologiczna-i-spa/praktyka-jogi,Q5R2R.html
2026-02-09 13:29:37,186 | INFO | Found 0 unique email addresses.
2026-02-09 13:29:38,292 | INFO | [8/13] Fetching emails for: Landeck - Inspa
2026-02-09 13:29:38,292 | INFO | Fetching emails from website: https://www.firmy.net/odnowa-biologiczna-i-spa/inspa,W21PH.html
2026-02-09 13:29:38,505 | INFO | Found 0 unique email addresses.
2026-02-09 13:29:39,683 | INFO | [9/13] Fetching emails for: Solarium Sunrise Studio
2026-02-09 13:29:39,683 | INFO | Fetching emails from website: https://www.firmy.net/odnowa-biologiczna-i-spa/sunrise-studio,WGYYR.html
2026-02-09 13:29:39,896 | INFO | Found 0 unique email addresses.
2026-02-09 13:29:41,551 | INFO | [10/13] Fetching emails for: SPA System
2026-02-09 13:29:41,552 | INFO | Fetching emails from website: https://www.firmy.net/wyposazenie-lazienki/spa-system,WG8KM.html
2026-02-09 13:29:41,739 | INFO | Found 0 unique email addresses.
2026-02-09 13:29:42,863 | INFO | [11/13] Fetching emails for: Wellness & SPA Hotel Monopol
2026-02-09 13:29:42,864 | INFO | Fetching emails from website: https://www.firmy.net/odnowa-biologiczna-i-spa/wellness-spa,W8S13.html
2026-02-09 13:29:43,072 | INFO | Found 0 unique email addresses.
2026-02-09 13:29:44,292 | INFO | [12/13] Fetching emails for: SpaBiznes Consulting
2026-02-09 13:29:44,293 | INFO | Fetching emails from website: https://www.firmy.net/odnowa-biologiczna-i-spa/spabiznes,WK2GH.html
2026-02-09 13:29:44,503 | INFO | Found 0 unique email addresses.
2026-02-09 13:29:45,766 | INFO | [13/13] Fetching emails for: FISH Marta SPA
2026-02-09 13:29:45,767 | INFO | Fetching emails from website: https://www.firmy.net/odnowa-biologiczna-i-spa/fish-spa,W19XQ.html
2026-02-09 13:29:45,979 | INFO | Found 0 unique email addresses.
2026-02-09 13:30:45,749 | INFO | Saved 26 records to new_01.xlsx
