2026-02-09 16:33:53,453 | INFO | Log file: logs\spa_wroclaw_20260209_163353.log
2026-02-09 16:33:53,460 | INFO | === Fetching data from Panorama Firm ===
2026-02-09 16:33:53,460 | INFO | Scraping data from Panorama Firm for: spa in Wrocław
2026-02-09 16:33:53,460 | INFO | Fetching page 1 from Panorama Firm...
2026-02-09 16:33:54,347 | INFO | No more results found on page 1
2026-02-09 16:33:54,348 | INFO | === Fetching data from PKT.pl ===
2026-02-09 16:33:54,348 | INFO | Scraping data from PKT.pl for: spa in Wrocław
2026-02-09 16:33:54,348 | INFO | Fetching page 1 from PKT.pl...
2026-02-09 16:33:55,107 | INFO | No more results found on page 1
2026-02-09 16:33:55,108 | INFO | === Fetching data from Booksy ===
2026-02-09 16:33:58,538 | INFO | Scraping Booksy category 'masaz' for Wrocław
2026-02-09 16:34:01,222 | INFO | Booksy: found 20 listings on page 1
2026-02-09 16:34:04,924 | INFO | Booksy: found 20 listings on page 2
2026-02-09 16:34:07,627 | INFO | Booksy: found 20 listings on page 3
2026-02-09 16:34:09,475 | INFO | === Fetching data from SPAeden rankings ===
2026-02-09 16:34:10,094 | INFO | SPAeden: extracted 13 ranking entries
2026-02-09 16:34:10,094 | INFO | === Fetching data from Fresha ===
2026-02-09 16:34:10,377 | WARNING | Fresha: 404 for https://www.fresha.com/lp/en/bt/spas/in/pl-wroclaw
2026-02-09 16:34:10,622 | WARNING | Fresha: 404 for https://www.fresha.com/lp/en/bt/spas/in/wroclaw
2026-02-09 16:34:20,935 | INFO | Fresha: extracted 0 listings from https://www.fresha.com/lp/en/bt/spas
2026-02-09 16:34:28,118 | INFO | Fresha: extracted 0 listings from https://www.fresha.com/search?q=Wroc%C5%82aw
2026-02-09 16:34:35,376 | INFO | Fresha: extracted 0 listings from https://www.fresha.com/search?q=spa+Wroc%C5%82aw
2026-02-09 16:34:35,377 | INFO | === Fetching data from Moment.pl ===
2026-02-09 16:34:35,377 | INFO | Moment.pl redirects to Booksy; reusing Booksy results.
2026-02-09 16:34:36,964 | INFO | Scraping Booksy category 'masaz' for Wrocław
2026-02-09 16:34:38,186 | INFO | Booksy: found 20 listings on page 1
2026-02-09 16:34:42,717 | INFO | Booksy: found 20 listings on page 2
2026-02-09 16:34:45,185 | INFO | Booksy: found 20 listings on page 3
2026-02-09 16:34:46,900 | INFO | === Fetching data from Cylex ===
2026-02-09 16:34:53,811 | WARNING | Cylex: Cloudflare block detected for https://www.cylex-polska.pl/firmy/?q=spa+Wroc%C5%82aw
2026-02-09 16:34:53,812 | INFO | === Fetching data from Oferteo ===
2026-02-09 16:35:16,519 | INFO | Oferteo: collected 0 profiles from https://www.oferteo.pl/firmy/wroclaw?q=spa
2026-02-09 16:35:19,347 | INFO | Oferteo: collected 0 profiles from https://www.oferteo.pl/firmy/wroclaw?q=spa&page=2
2026-02-09 16:35:21,722 | INFO | Oferteo: collected 0 profiles from https://www.oferteo.pl/firmy/wroclaw?q=spa&page=3
2026-02-09 16:35:23,558 | INFO | === Fetching data from Firmy.net ===
2026-02-09 16:35:27,654 | INFO | Firmy.net: collected 13 profiles
2026-02-09 16:35:27,655 | INFO | === Fetching data from BiznesFinder ===
2026-02-09 16:35:29,856 | INFO | BiznesFinder: collected 0 profiles
2026-02-09 16:35:29,856 | INFO | === Fetching data from Fixly ===
2026-02-09 16:35:38,796 | INFO | Fixly: no listings found on https://fixly.pl/kategoria/spa/wroclaw
2026-02-09 16:35:38,797 | INFO | === Fetching data from Google Places API ===
2026-02-09 16:35:38,983 | ERROR | API Error: REQUEST_DENIED - The provided API key is invalid.
2026-02-09 16:35:38,984 | INFO | No results found in Google Places.
2026-02-09 16:35:38,986 | INFO | After deduplication, we have 46 unique businesses.
2026-02-09 16:35:38,987 | INFO | === Fetching emails from websites ===
2026-02-09 16:35:38,987 | INFO | Found 33 businesses with website addresses.
2026-02-09 16:35:38,988 | INFO | [1/33] Fetching emails for: Nakhon Thai Massage Białowieska 79C, 54-234, Wrocław, Fabryczna Karty podarunkowe Booksy
2026-02-09 16:35:38,988 | INFO | Fetching emails from website: https://booksy.com/pl-pl/292752_nakhon-thai-massage_masaz_13750_wroclaw#ba_s=sr_1
2026-02-09 16:35:43,505 | INFO | Found 6 unique email addresses.
2026-02-09 16:35:44,900 | INFO | [2/33] Fetching emails for: RUMI STUDIO URODY Ludwika Idzikowskiego 20/12, 54-129, Wrocław, Fabryczna
2026-02-09 16:35:44,901 | INFO | Fetching emails from website: https://booksy.com/pl-pl/298329_rumi-studio-urody_masaz_13750_wroclaw#ba_s=sr_1
2026-02-09 16:35:47,325 | INFO | Found 6 unique email addresses.
2026-02-09 16:35:48,842 | INFO | [3/33] Fetching emails for: Salon masażu “Soma Touch” Jaworska 8e/1, 53-612, Wrocław, Fabryczna Karty podarunkowe Booksy
2026-02-09 16:35:48,842 | INFO | Fetching emails from website: https://booksy.com/pl-pl/312345_salon-masazu-soma-touch_masaz_13750_wroclaw#ba_s=sr_1
2026-02-09 16:35:52,093 | INFO | Found 6 unique email addresses.
2026-02-09 16:35:54,096 | INFO | [4/33] Fetching emails for: COCO ( Masaż Wrocław | masaż kobido | relaksacyjny | tajski | lomi lomi | balijski | massage for two) Białoskórnicza 5/, 50-134, Wrocław Karty podarunkowe Booksy
2026-02-09 16:35:54,097 | INFO | Fetching emails from website: https://booksy.com/pl-pl/225127_coco-masaz-wroclaw-masaz-kobido-relaksacyjny-tajski-lomi-lomi-balijski-massage-for-two_masaz_13750_wroclaw#ba_s=sr_1
2026-02-09 16:35:56,073 | INFO | Found 6 unique email addresses.
2026-02-09 16:35:57,611 | INFO | [5/33] Fetching emails for: Hero KOBIDO & MASAŻ Wrocław bulwar Ikara, 24 (Wejście w Salonie Różowe Oko Przy Rondzie W Osiedlu), 54-130, Wrocław, Fabryczna Karty podarunkowe Booksy
2026-02-09 16:35:57,611 | INFO | Fetching emails from website: https://booksy.com/pl-pl/227109_hero-kobido-masaz-wroclaw_masaz_13750_wroclaw#ba_s=sr_1
2026-02-09 16:35:59,031 | INFO | Found 6 unique email addresses.
2026-02-09 16:36:00,511 | INFO | [6/33] Fetching emails for: Massage Wroclaw Spa Białoskórnicza, 50-134, Wrocław
2026-02-09 16:36:00,511 | INFO | Fetching emails from website: https://booksy.com/pl-pl/328179_massage-wroclaw-spa_masaz_13750_wroclaw#ba_s=sr_1
2026-02-09 16:36:03,564 | INFO | Found 6 unique email addresses.
2026-02-09 16:36:05,084 | INFO | [7/33] Fetching emails for: Gloria Spa Stacyjna 1/2, 53-613, Wrocław Karty podarunkowe Booksy
2026-02-09 16:36:05,084 | INFO | Fetching emails from website: https://booksy.com/pl-pl/293386_gloria-spa_masaz_13750_wroclaw#ba_s=sr_1
2026-02-09 16:36:08,463 | INFO | Found 6 unique email addresses.
2026-02-09 16:36:10,086 | INFO | [8/33] Fetching emails for: Studio Viktoria Kasta Sokolnicza 7/17 lokal 13, 54-152, Wrocław, Fabryczna
2026-02-09 16:36:10,087 | INFO | Fetching emails from website: https://booksy.com/pl-pl/213475_studio-viktoria-kasta_masaz_13750_wroclaw#ba_s=sr_1
2026-02-09 16:36:13,828 | INFO | Found 6 unique email addresses.
2026-02-09 16:36:15,162 | INFO | [9/33] Fetching emails for: Terapia Bowena Ilona Strączek Wejście do lokalu bezpośrednio z chodnika, Kozanowska 81, 54-152, Wrocław, Fabryczna Karty podarunkowe Booksy
2026-02-09 16:36:15,163 | INFO | Fetching emails from website: https://booksy.com/pl-pl/281756_terapia-bowena-ilona-straczek_masaz_13750_wroclaw#ba_s=sr_1
2026-02-09 16:36:16,919 | INFO | Found 6 unique email addresses.
2026-02-09 16:36:18,140 | INFO | [10/33] Fetching emails for: LICO I CIAŁO
2026-02-09 16:36:18,141 | INFO | Fetching emails from website: https://booksy.com/pl-pl/173954_lico-i-cialo-rytualy-masazu_masaz_13750_wroclaw#ba_s=sr_1
2026-02-09 16:36:21,788 | INFO | Found 6 unique email addresses.
2026-02-09 16:36:23,617 | INFO | [11/33] Fetching emails for: LIMFA Centrum Terapii Limfatycznej i Masażu ⚠️-10% na pierwszą wizytę przy rezerwacji telefonicznej☎️, Łaciarska 7, 50-104, Wrocław Karty podarunkowe Booksy
2026-02-09 16:36:23,618 | INFO | Fetching emails from website: https://booksy.com/pl-pl/239035_limfa-centrum-terapii-limfatycznej-i-masazu_masaz_13750_wroclaw#ba_s=sr_1
2026-02-09 16:36:26,385 | INFO | Found 6 unique email addresses.
2026-02-09 16:36:28,060 | INFO | [12/33] Fetching emails for: Studio Masażu Wrocław Rogowska 52A, 54-440, Wrocław, Fabryczna Karty podarunkowe Booksy
2026-02-09 16:36:28,060 | INFO | Fetching emails from website: https://booksy.com/pl-pl/214400_studio-masazu-wroclaw_masaz_13750_wroclaw#ba_s=sr_1
2026-02-09 16:36:31,303 | INFO | Found 6 unique email addresses.
2026-02-09 16:36:33,093 | INFO | [13/33] Fetching emails for: Llarion_masaż Śrutowa 4/4 Pierwsze piętro Lokal 4 Śrutowa 4, 4, 50-256, Wrocław, Śródmieście Karty podarunkowe Booksy
2026-02-09 16:36:33,093 | INFO | Fetching emails from website: https://booksy.com/pl-pl/154509_llarion-masaz-srutowa-4-4-pierwsze-pietro-lokal-4_masaz_13750_wroclaw#ba_s=sr_1
2026-02-09 16:36:37,002 | INFO | Found 6 unique email addresses.
2026-02-09 16:36:38,576 | INFO | [14/33] Fetching emails for: Masaże Hollywood Magic Touch Wrocław Gen. Władysława Sikorskiego 5/5e, 53-659, Wrocław
2026-02-09 16:36:38,577 | INFO | Fetching emails from website: https://booksy.com/pl-pl/301861_masaze-hollywood-magic-touch-wroclaw_masaz_13750_wroclaw#ba_s=sr_1
2026-02-09 16:36:40,569 | INFO | Found 6 unique email addresses.
2026-02-09 16:36:41,752 | INFO | [15/33] Fetching emails for: Dotyk zdrowia studio masażu Tadeusza Kościuszki 5/2, 50-438, Wrocław, Krzyki Karty podarunkowe Booksy
2026-02-09 16:36:41,753 | INFO | Fetching emails from website: https://booksy.com/pl-pl/327869_dotyk-zdrowia-studio-masazu_masaz_13750_wroclaw#ba_s=sr_1
2026-02-09 16:36:43,717 | INFO | Found 6 unique email addresses.
2026-02-09 16:36:44,837 | INFO | [16/33] Fetching emails for: Metta Massage
2026-02-09 16:36:44,838 | INFO | Fetching emails from website: https://booksy.com/pl-pl/285908_metta-massage-thai-yoga-massage_masaz_13750_wroclaw#ba_s=sr_1
2026-02-09 16:36:46,804 | INFO | Found 6 unique email addresses.
2026-02-09 16:36:48,467 | INFO | [17/33] Fetching emails for: FEU.Studio Masażu | Tattoo | Wrocław Wita Stwosza 3, 120, 50-102, Wrocław Karty podarunkowe Booksy
2026-02-09 16:36:48,468 | INFO | Fetching emails from website: https://booksy.com/pl-pl/241882_feu-studio-masazu-tattoo-wroclaw_masaz_13750_wroclaw#ba_s=sr_1
2026-02-09 16:36:51,539 | INFO | Found 6 unique email addresses.
2026-02-09 16:36:52,808 | INFO | [18/33] Fetching emails for: Belleza Ulica Pomorska 59, Wejście do salonu fryzjerskiego, 50-075, Wrocław
2026-02-09 16:36:52,809 | INFO | Fetching emails from website: https://booksy.com/pl-pl/309216_belleza_masaz_13750_wroclaw#ba_s=sr_1
2026-02-09 16:36:56,103 | INFO | Found 6 unique email addresses.
2026-02-09 16:36:57,961 | INFO | [19/33] Fetching emails for: Harmoniaj Dotyku Zelwerowicza 16, 53-676, Wrocław
2026-02-09 16:36:57,962 | INFO | Fetching emails from website: https://booksy.com/pl-pl/163355_harmoniaj-dotyku_masaz_13750_wroclaw#ba_s=sr_1
2026-02-09 16:36:59,392 | INFO | Found 6 unique email addresses.
2026-02-09 16:37:00,464 | INFO | [20/33] Fetching emails for: Livera
2026-02-09 16:37:00,465 | INFO | Fetching emails from website: https://booksy.com/pl-pl/328877_livera-gabinet-masazu-wroclaw_masaz_13750_wroclaw#ba_s=sr_1
2026-02-09 16:37:03,175 | INFO | Found 6 unique email addresses.
2026-02-09 16:37:04,493 | INFO | [21/33] Fetching emails for: Słoneczko Gabinet Odnowy Biologicznej
2026-02-09 16:37:04,493 | INFO | Fetching emails from website: https://www.firmy.net/odnowa-biologiczna-i-spa/sloneczko,9P6MX.html
2026-02-09 16:37:13,950 | INFO | Found 0 unique email addresses.
2026-02-09 16:37:15,162 | INFO | [22/33] Fetching emails for: Atmosfera Studio SPA Izabela Kielich
2026-02-09 16:37:15,163 | INFO | Fetching emails from website: https://www.firmy.net/gabinety-kosmetyczne/atmosferaspa,WCGT4.html
2026-02-09 16:37:24,448 | INFO | Found 0 unique email addresses.
2026-02-09 16:37:25,926 | INFO | [23/33] Fetching emails for: DERMIKA Salon SPA
2026-02-09 16:37:25,926 | INFO | Fetching emails from website: https://www.firmy.net/salony-pieknosci/dermika,YFBXF.html
2026-02-09 16:37:35,246 | INFO | Found 0 unique email addresses.
2026-02-09 16:37:36,343 | INFO | [24/33] Fetching emails for: Alan - Sauny, Łaźnie, Kominki
2026-02-09 16:37:36,344 | INFO | Fetching emails from website: https://www.firmy.net/odnowa-biologiczna-i-spa/alan,9QGD.html
2026-02-09 16:37:45,521 | INFO | Found 0 unique email addresses.
2026-02-09 16:37:46,953 | INFO | [25/33] Fetching emails for: Piechocińska Joanna Centrum Kondycji i Urody
2026-02-09 16:37:46,954 | INFO | Fetching emails from website: https://www.firmy.net/odnowa-biologiczna-i-spa/odchudzanie,9VHNG.html
2026-02-09 16:37:56,927 | INFO | Found 0 unique email addresses.
2026-02-09 16:37:58,349 | INFO | [26/33] Fetching emails for: Studio Nicoll Gabinet Odnowy Biologicznej
2026-02-09 16:37:58,350 | INFO | Fetching emails from website: https://www.firmy.net/odnowa-biologiczna-i-spa/studio-nicoll,96SMC.html
2026-02-09 16:38:07,520 | INFO | Found 0 unique email addresses.
2026-02-09 16:38:08,918 | INFO | [27/33] Fetching emails for: Namaste Praktyka Jogi
2026-02-09 16:38:08,918 | INFO | Fetching emails from website: https://www.firmy.net/odnowa-biologiczna-i-spa/praktyka-jogi,Q5R2R.html
2026-02-09 16:38:18,047 | INFO | Found 0 unique email addresses.
2026-02-09 16:38:19,259 | INFO | [28/33] Fetching emails for: Landeck - Inspa
2026-02-09 16:38:19,259 | INFO | Fetching emails from website: https://www.firmy.net/odnowa-biologiczna-i-spa/inspa,W21PH.html
2026-02-09 16:38:28,369 | INFO | Found 0 unique email addresses.
2026-02-09 16:38:30,272 | INFO | [29/33] Fetching emails for: Solarium Sunrise Studio
2026-02-09 16:38:30,273 | INFO | Fetching emails from website: https://www.firmy.net/odnowa-biologiczna-i-spa/sunrise-studio,WGYYR.html
2026-02-09 16:38:39,079 | INFO | Found 0 unique email addresses.
2026-02-09 16:38:40,758 | INFO | [30/33] Fetching emails for: SPA System
2026-02-09 16:38:40,758 | INFO | Fetching emails from website: https://www.firmy.net/wyposazenie-lazienki/spa-system,WG8KM.html
2026-02-09 16:38:49,810 | INFO | Found 0 unique email addresses.
2026-02-09 16:38:51,012 | INFO | [31/33] Fetching emails for: Wellness & SPA Hotel Monopol
2026-02-09 16:38:51,013 | INFO | Fetching emails from website: https://www.firmy.net/odnowa-biologiczna-i-spa/wellness-spa,W8S13.html
2026-02-09 16:39:00,584 | INFO | Found 0 unique email addresses.
2026-02-09 16:39:01,832 | INFO | [32/33] Fetching emails for: SpaBiznes Consulting
2026-02-09 16:39:01,833 | INFO | Fetching emails from website: https://www.firmy.net/odnowa-biologiczna-i-spa/spabiznes,WK2GH.html
2026-02-09 16:39:11,635 | INFO | Found 0 unique email addresses.
2026-02-09 16:39:13,230 | INFO | [33/33] Fetching emails for: FISH Marta SPA
2026-02-09 16:39:13,230 | INFO | Fetching emails from website: https://www.firmy.net/odnowa-biologiczna-i-spa/fish-spa,W19XQ.html
2026-02-09 16:39:23,454 | INFO | Found 0 unique email addresses.
2026-02-09 16:41:17,052 | INFO | Saved 46 records to new_04.xlsx
