2026-02-09 13:41:13,264 | INFO | Log file: logs\spa_wroclaw_20260209_134113.log
2026-02-09 13:41:13,266 | INFO | === Fetching data from Panorama Firm ===
2026-02-09 13:41:13,266 | INFO | Scraping data from Panorama Firm for: spa in Wrocław
2026-02-09 13:41:13,266 | INFO | Fetching page 1 from Panorama Firm...
2026-02-09 13:41:14,071 | INFO | No more results found on page 1
2026-02-09 13:41:14,072 | INFO | === Fetching data from PKT.pl ===
2026-02-09 13:41:14,072 | INFO | Scraping data from PKT.pl for: spa in Wrocław
2026-02-09 13:41:14,072 | INFO | Fetching page 1 from PKT.pl...
2026-02-09 13:41:14,725 | INFO | No more results found on page 1
2026-02-09 13:41:14,725 | INFO | === Fetching data from Booksy ===
2026-02-09 13:41:16,882 | INFO | Scraping Booksy category 'masaz' for Wrocław
2026-02-09 13:41:19,421 | INFO | Booksy: found 20 listings on page 1
2026-02-09 13:41:23,037 | INFO | Booksy: found 20 listings on page 2
2026-02-09 13:41:26,490 | INFO | Booksy: found 20 listings on page 3
2026-02-09 13:41:27,721 | INFO | === Fetching data from SPAeden rankings ===
2026-02-09 13:41:28,313 | INFO | SPAeden: extracted 13 ranking entries
2026-02-09 13:41:28,314 | INFO | === Fetching data from Fresha ===
2026-02-09 13:41:28,566 | WARNING | Fresha: 404 for https://www.fresha.com/lp/en/bt/spas/in/pl-wroclaw
2026-02-09 13:41:28,736 | WARNING | Fresha: 404 for https://www.fresha.com/lp/en/bt/spas/in/wroclaw
2026-02-09 13:41:39,056 | INFO | Fresha: extracted 0 listings from https://www.fresha.com/lp/en/bt/spas
2026-02-09 13:41:48,281 | INFO | Fresha: extracted 0 listings from https://www.fresha.com/search?q=Wroc%C5%82aw
2026-02-09 13:41:57,567 | INFO | Fresha: extracted 0 listings from https://www.fresha.com/search?q=spa+Wroc%C5%82aw
2026-02-09 13:41:57,569 | INFO | === Fetching data from Moment.pl ===
2026-02-09 13:41:57,570 | INFO | Moment.pl redirects to Booksy; reusing Booksy results.
2026-02-09 13:41:59,811 | INFO | Scraping Booksy category 'masaz' for Wrocław
2026-02-09 13:42:01,494 | INFO | Booksy: found 20 listings on page 1
2026-02-09 13:42:04,765 | INFO | Booksy: found 20 listings on page 2
2026-02-09 13:42:09,381 | INFO | Booksy: found 20 listings on page 3
2026-02-09 13:42:11,276 | INFO | === Fetching data from Cylex ===
2026-02-09 13:42:19,862 | WARNING | Cylex: Cloudflare block detected for https://www.cylex-polska.pl/firmy/?q=spa+Wroc%C5%82aw
2026-02-09 13:42:19,862 | INFO | === Fetching data from Oferteo ===
2026-02-09 13:42:36,923 | INFO | Oferteo: collected 0 profiles from https://www.oferteo.pl/firmy/wroclaw?q=spa
2026-02-09 13:42:39,360 | INFO | Oferteo: collected 0 profiles from https://www.oferteo.pl/firmy/wroclaw?q=spa&page=2
2026-02-09 13:42:41,830 | INFO | Oferteo: collected 0 profiles from https://www.oferteo.pl/firmy/wroclaw?q=spa&page=3
2026-02-09 13:42:43,343 | INFO | === Fetching data from Firmy.net ===
2026-02-09 13:42:47,201 | INFO | Firmy.net: collected 13 profiles
2026-02-09 13:42:47,202 | INFO | === Fetching data from BiznesFinder ===
2026-02-09 13:42:49,180 | INFO | BiznesFinder: collected 0 profiles
2026-02-09 13:42:49,180 | INFO | === Fetching data from Fixly ===
2026-02-09 13:42:58,605 | INFO | Fixly: no listings found on https://fixly.pl/kategoria/spa/wroclaw
2026-02-09 13:42:58,605 | INFO | === Fetching data from Google Places API ===
2026-02-09 13:42:58,798 | ERROR | API Error: REQUEST_DENIED - The provided API key is invalid.
2026-02-09 13:42:58,799 | INFO | No results found in Google Places.
2026-02-09 13:42:58,801 | INFO | After deduplication, we have 46 unique businesses.
2026-02-09 13:42:58,801 | INFO | === Fetching emails from websites ===
2026-02-09 13:42:58,801 | INFO | Found 33 businesses with website addresses.
2026-02-09 13:42:58,801 | INFO | [1/33] Fetching emails for: Nakhon Thai Massage Białowieska 79C, 54-234, Wrocław, Fabryczna Karty podarunkowe Booksy
2026-02-09 13:42:58,802 | INFO | Fetching emails from website: https://booksy.com/pl-pl/pl-pl/292752_nakhon-thai-massage_masaz_13750_wroclaw#ba_s=sr_1
2026-02-09 13:42:59,473 | ERROR | Error fetching emails from https://booksy.com/pl-pl/pl-pl/292752_nakhon-thai-massage_masaz_13750_wroclaw#ba_s=sr_1: 404 Client Error: Not Found for url: https://booksy.com/pl-pl/pl-pl/292752_nakhon-thai-massage_masaz_13750_wroclaw#ba_s=sr_1
2026-02-09 13:43:00,711 | INFO | [2/33] Fetching emails for: RUMI STUDIO URODY Ludwika Idzikowskiego 20/12, 54-129, Wrocław, Fabryczna
2026-02-09 13:43:00,712 | INFO | Fetching emails from website: https://booksy.com/pl-pl/pl-pl/298329_rumi-studio-urody_masaz_13750_wroclaw#ba_s=sr_1
2026-02-09 13:43:00,860 | ERROR | Error fetching emails from https://booksy.com/pl-pl/pl-pl/298329_rumi-studio-urody_masaz_13750_wroclaw#ba_s=sr_1: 404 Client Error: Not Found for url: https://booksy.com/pl-pl/pl-pl/298329_rumi-studio-urody_masaz_13750_wroclaw#ba_s=sr_1
2026-02-09 13:43:02,182 | INFO | [3/33] Fetching emails for: Salon masażu “Soma Touch” Jaworska 8e/1, 53-612, Wrocław, Fabryczna Karty podarunkowe Booksy
2026-02-09 13:43:02,183 | INFO | Fetching emails from website: https://booksy.com/pl-pl/pl-pl/312345_salon-masazu-soma-touch_masaz_13750_wroclaw#ba_s=sr_1
2026-02-09 13:43:02,310 | ERROR | Error fetching emails from https://booksy.com/pl-pl/pl-pl/312345_salon-masazu-soma-touch_masaz_13750_wroclaw#ba_s=sr_1: 404 Client Error: Not Found for url: https://booksy.com/pl-pl/pl-pl/312345_salon-masazu-soma-touch_masaz_13750_wroclaw#ba_s=sr_1
2026-02-09 13:43:03,966 | INFO | [4/33] Fetching emails for: COCO ( Masaż Wrocław | masaż kobido | relaksacyjny | tajski | lomi lomi | balijski | massage for two) Białoskórnicza 5/, 50-134, Wrocław Karty podarunkowe Booksy
2026-02-09 13:43:03,967 | INFO | Fetching emails from website: https://booksy.com/pl-pl/pl-pl/225127_coco-masaz-wroclaw-masaz-kobido-relaksacyjny-tajski-lomi-lomi-balijski-massage-for-two_masaz_13750_wroclaw#ba_s=sr_1
2026-02-09 13:43:04,112 | ERROR | Error fetching emails from https://booksy.com/pl-pl/pl-pl/225127_coco-masaz-wroclaw-masaz-kobido-relaksacyjny-tajski-lomi-lomi-balijski-massage-for-two_masaz_13750_wroclaw#ba_s=sr_1: 404 Client Error: Not Found for url: https://booksy.com/pl-pl/pl-pl/225127_coco-masaz-wroclaw-masaz-kobido-relaksacyjny-tajski-lomi-lomi-balijski-massage-for-two_masaz_13750_wroclaw#ba_s=sr_1
2026-02-09 13:43:05,596 | INFO | [5/33] Fetching emails for: Hero KOBIDO & MASAŻ Wrocław bulwar Ikara, 24 (Wejście w Salonie Różowe Oko Przy Rondzie W Osiedlu), 54-130, Wrocław, Fabryczna Karty podarunkowe Booksy
2026-02-09 13:43:05,597 | INFO | Fetching emails from website: https://booksy.com/pl-pl/pl-pl/227109_hero-kobido-masaz-wroclaw_masaz_13750_wroclaw#ba_s=sr_1
2026-02-09 13:43:06,414 | ERROR | Error fetching emails from https://booksy.com/pl-pl/pl-pl/227109_hero-kobido-masaz-wroclaw_masaz_13750_wroclaw#ba_s=sr_1: 404 Client Error: Not Found for url: https://booksy.com/pl-pl/pl-pl/227109_hero-kobido-masaz-wroclaw_masaz_13750_wroclaw#ba_s=sr_1
2026-02-09 13:43:08,117 | INFO | [6/33] Fetching emails for: Massage Wroclaw Spa Białoskórnicza, 50-134, Wrocław
2026-02-09 13:43:08,117 | INFO | Fetching emails from website: https://booksy.com/pl-pl/pl-pl/328179_massage-wroclaw-spa_masaz_13750_wroclaw#ba_s=sr_1
2026-02-09 13:43:08,572 | ERROR | Error fetching emails from https://booksy.com/pl-pl/pl-pl/328179_massage-wroclaw-spa_masaz_13750_wroclaw#ba_s=sr_1: 404 Client Error: Not Found for url: https://booksy.com/pl-pl/pl-pl/328179_massage-wroclaw-spa_masaz_13750_wroclaw#ba_s=sr_1
2026-02-09 13:43:09,582 | INFO | [7/33] Fetching emails for: Gloria Spa Stacyjna 1/2, 53-613, Wrocław Karty podarunkowe Booksy
2026-02-09 13:43:09,582 | INFO | Fetching emails from website: https://booksy.com/pl-pl/pl-pl/293386_gloria-spa_masaz_13750_wroclaw#ba_s=sr_1
2026-02-09 13:43:09,715 | ERROR | Error fetching emails from https://booksy.com/pl-pl/pl-pl/293386_gloria-spa_masaz_13750_wroclaw#ba_s=sr_1: 404 Client Error: Not Found for url: https://booksy.com/pl-pl/pl-pl/293386_gloria-spa_masaz_13750_wroclaw#ba_s=sr_1
2026-02-09 13:43:11,263 | INFO | [8/33] Fetching emails for: Terapia Bowena Ilona Strączek Wejście do lokalu bezpośrednio z chodnika, Kozanowska 81, 54-152, Wrocław, Fabryczna Karty podarunkowe Booksy
2026-02-09 13:43:11,264 | INFO | Fetching emails from website: https://booksy.com/pl-pl/pl-pl/281756_terapia-bowena-ilona-straczek_masaz_13750_wroclaw#ba_s=sr_1
2026-02-09 13:43:11,395 | ERROR | Error fetching emails from https://booksy.com/pl-pl/pl-pl/281756_terapia-bowena-ilona-straczek_masaz_13750_wroclaw#ba_s=sr_1: 404 Client Error: Not Found for url: https://booksy.com/pl-pl/pl-pl/281756_terapia-bowena-ilona-straczek_masaz_13750_wroclaw#ba_s=sr_1
2026-02-09 13:43:12,424 | INFO | [9/33] Fetching emails for: Studio Masażu Wrocław Rogowska 52A, 54-440, Wrocław, Fabryczna Karty podarunkowe Booksy
2026-02-09 13:43:12,425 | INFO | Fetching emails from website: https://booksy.com/pl-pl/pl-pl/214400_studio-masazu-wroclaw_masaz_13750_wroclaw#ba_s=sr_1
2026-02-09 13:43:12,621 | ERROR | Error fetching emails from https://booksy.com/pl-pl/pl-pl/214400_studio-masazu-wroclaw_masaz_13750_wroclaw#ba_s=sr_1: 404 Client Error: Not Found for url: https://booksy.com/pl-pl/pl-pl/214400_studio-masazu-wroclaw_masaz_13750_wroclaw#ba_s=sr_1
2026-02-09 13:43:13,796 | INFO | [10/33] Fetching emails for: LICO I CIAŁO
2026-02-09 13:43:13,797 | INFO | Fetching emails from website: https://booksy.com/pl-pl/pl-pl/173954_lico-i-cialo-rytualy-masazu_masaz_13750_wroclaw#ba_s=sr_1
2026-02-09 13:43:14,277 | ERROR | Error fetching emails from https://booksy.com/pl-pl/pl-pl/173954_lico-i-cialo-rytualy-masazu_masaz_13750_wroclaw#ba_s=sr_1: 404 Client Error: Not Found for url: https://booksy.com/pl-pl/pl-pl/173954_lico-i-cialo-rytualy-masazu_masaz_13750_wroclaw#ba_s=sr_1
2026-02-09 13:43:15,895 | INFO | [11/33] Fetching emails for: Llarion_masaż Śrutowa 4/4 Pierwsze piętro Lokal 4 Śrutowa 4, 4, 50-256, Wrocław, Śródmieście Karty podarunkowe Booksy
2026-02-09 13:43:15,895 | INFO | Fetching emails from website: https://booksy.com/pl-pl/pl-pl/154509_llarion-masaz-srutowa-4-4-pierwsze-pietro-lokal-4_masaz_13750_wroclaw#ba_s=sr_1
2026-02-09 13:43:16,715 | ERROR | Error fetching emails from https://booksy.com/pl-pl/pl-pl/154509_llarion-masaz-srutowa-4-4-pierwsze-pietro-lokal-4_masaz_13750_wroclaw#ba_s=sr_1: 404 Client Error: Not Found for url: https://booksy.com/pl-pl/pl-pl/154509_llarion-masaz-srutowa-4-4-pierwsze-pietro-lokal-4_masaz_13750_wroclaw#ba_s=sr_1
2026-02-09 13:43:18,200 | INFO | [12/33] Fetching emails for: LIMFA Centrum Terapii Limfatycznej i Masażu ⚠️-10% na pierwszą wizytę przy rezerwacji telefonicznej☎️, Łaciarska 7, 50-104, Wrocław Karty podarunkowe Booksy
2026-02-09 13:43:18,201 | INFO | Fetching emails from website: https://booksy.com/pl-pl/pl-pl/239035_limfa-centrum-terapii-limfatycznej-i-masazu_masaz_13750_wroclaw#ba_s=sr_1
2026-02-09 13:43:18,996 | ERROR | Error fetching emails from https://booksy.com/pl-pl/pl-pl/239035_limfa-centrum-terapii-limfatycznej-i-masazu_masaz_13750_wroclaw#ba_s=sr_1: 404 Client Error: Not Found for url: https://booksy.com/pl-pl/pl-pl/239035_limfa-centrum-terapii-limfatycznej-i-masazu_masaz_13750_wroclaw#ba_s=sr_1
2026-02-09 13:43:20,626 | INFO | [13/33] Fetching emails for: Masaże Hollywood Magic Touch Wrocław Gen. Władysława Sikorskiego 5/5e, 53-659, Wrocław
2026-02-09 13:43:20,626 | INFO | Fetching emails from website: https://booksy.com/pl-pl/pl-pl/301861_masaze-hollywood-magic-touch-wroclaw_masaz_13750_wroclaw#ba_s=sr_1
2026-02-09 13:43:21,221 | ERROR | Error fetching emails from https://booksy.com/pl-pl/pl-pl/301861_masaze-hollywood-magic-touch-wroclaw_masaz_13750_wroclaw#ba_s=sr_1: 404 Client Error: Not Found for url: https://booksy.com/pl-pl/pl-pl/301861_masaze-hollywood-magic-touch-wroclaw_masaz_13750_wroclaw#ba_s=sr_1
2026-02-09 13:43:22,242 | INFO | [14/33] Fetching emails for: Dotyk zdrowia studio masażu Tadeusza Kościuszki 5/2, 50-438, Wrocław, Krzyki Karty podarunkowe Booksy
2026-02-09 13:43:22,242 | INFO | Fetching emails from website: https://booksy.com/pl-pl/pl-pl/327869_dotyk-zdrowia-studio-masazu_masaz_13750_wroclaw#ba_s=sr_1
2026-02-09 13:43:22,373 | ERROR | Error fetching emails from https://booksy.com/pl-pl/pl-pl/327869_dotyk-zdrowia-studio-masazu_masaz_13750_wroclaw#ba_s=sr_1: 404 Client Error: Not Found for url: https://booksy.com/pl-pl/pl-pl/327869_dotyk-zdrowia-studio-masazu_masaz_13750_wroclaw#ba_s=sr_1
2026-02-09 13:43:23,869 | INFO | [15/33] Fetching emails for: Studio Viktoria Kasta Sokolnicza 7/17 lokal 13, 54-152, Wrocław, Fabryczna
2026-02-09 13:43:23,870 | INFO | Fetching emails from website: https://booksy.com/pl-pl/pl-pl/213475_studio-viktoria-kasta_masaz_13750_wroclaw#ba_s=sr_1
2026-02-09 13:43:24,090 | ERROR | Error fetching emails from https://booksy.com/pl-pl/pl-pl/213475_studio-viktoria-kasta_masaz_13750_wroclaw#ba_s=sr_1: 404 Client Error: Not Found for url: https://booksy.com/pl-pl/pl-pl/213475_studio-viktoria-kasta_masaz_13750_wroclaw#ba_s=sr_1
2026-02-09 13:43:25,815 | INFO | [16/33] Fetching emails for: Harmoniaj Dotyku Zelwerowicza 16, 53-676, Wrocław
2026-02-09 13:43:25,816 | INFO | Fetching emails from website: https://booksy.com/pl-pl/pl-pl/163355_harmoniaj-dotyku_masaz_13750_wroclaw#ba_s=sr_1
2026-02-09 13:43:26,411 | ERROR | Error fetching emails from https://booksy.com/pl-pl/pl-pl/163355_harmoniaj-dotyku_masaz_13750_wroclaw#ba_s=sr_1: 404 Client Error: Not Found for url: https://booksy.com/pl-pl/pl-pl/163355_harmoniaj-dotyku_masaz_13750_wroclaw#ba_s=sr_1
2026-02-09 13:43:27,532 | INFO | [17/33] Fetching emails for: FEU.Studio Masażu | Tattoo | Wrocław Wita Stwosza 3, 120, 50-102, Wrocław Karty podarunkowe Booksy
2026-02-09 13:43:27,533 | INFO | Fetching emails from website: https://booksy.com/pl-pl/pl-pl/241882_feu-studio-masazu-tattoo-wroclaw_masaz_13750_wroclaw#ba_s=sr_1
2026-02-09 13:43:27,687 | ERROR | Error fetching emails from https://booksy.com/pl-pl/pl-pl/241882_feu-studio-masazu-tattoo-wroclaw_masaz_13750_wroclaw#ba_s=sr_1: 404 Client Error: Not Found for url: https://booksy.com/pl-pl/pl-pl/241882_feu-studio-masazu-tattoo-wroclaw_masaz_13750_wroclaw#ba_s=sr_1
2026-02-09 13:43:29,119 | INFO | [18/33] Fetching emails for: Orion medycyna holistyczna Anna Walczak Tęczowa 20, 53-601, Wrocław
2026-02-09 13:43:29,120 | INFO | Fetching emails from website: https://booksy.com/pl-pl/pl-pl/134663_orion-medycyna-holistyczna-anna-walczak_masaz_13750_wroclaw#ba_s=sr_1
2026-02-09 13:43:29,924 | ERROR | Error fetching emails from https://booksy.com/pl-pl/pl-pl/134663_orion-medycyna-holistyczna-anna-walczak_masaz_13750_wroclaw#ba_s=sr_1: 404 Client Error: Not Found for url: https://booksy.com/pl-pl/pl-pl/134663_orion-medycyna-holistyczna-anna-walczak_masaz_13750_wroclaw#ba_s=sr_1
2026-02-09 13:43:31,306 | INFO | [19/33] Fetching emails for: Belleza Ulica Pomorska 59, Wejście do salonu fryzjerskiego, 50-075, Wrocław
2026-02-09 13:43:31,307 | INFO | Fetching emails from website: https://booksy.com/pl-pl/pl-pl/309216_belleza_masaz_13750_wroclaw#ba_s=sr_1
2026-02-09 13:43:32,109 | ERROR | Error fetching emails from https://booksy.com/pl-pl/pl-pl/309216_belleza_masaz_13750_wroclaw#ba_s=sr_1: 404 Client Error: Not Found for url: https://booksy.com/pl-pl/pl-pl/309216_belleza_masaz_13750_wroclaw#ba_s=sr_1
2026-02-09 13:43:33,424 | INFO | [20/33] Fetching emails for: Harmonia Ciała Wrocław
2026-02-09 13:43:33,425 | INFO | Fetching emails from website: https://booksy.com/pl-pl/pl-pl/163837_harmonia-ciala-wroclaw-masaz-kobido-refleksoterapia_masaz_13750_wroclaw#ba_s=sr_1
2026-02-09 13:43:33,572 | ERROR | Error fetching emails from https://booksy.com/pl-pl/pl-pl/163837_harmonia-ciala-wroclaw-masaz-kobido-refleksoterapia_masaz_13750_wroclaw#ba_s=sr_1: 404 Client Error: Not Found for url: https://booksy.com/pl-pl/pl-pl/163837_harmonia-ciala-wroclaw-masaz-kobido-refleksoterapia_masaz_13750_wroclaw#ba_s=sr_1
2026-02-09 13:43:35,497 | INFO | [21/33] Fetching emails for: Słoneczko Gabinet Odnowy Biologicznej
2026-02-09 13:43:35,497 | INFO | Fetching emails from website: https://www.firmy.net/odnowa-biologiczna-i-spa/sloneczko,9P6MX.html
2026-02-09 13:43:35,721 | INFO | Found 0 unique email addresses.
2026-02-09 13:43:37,370 | INFO | [22/33] Fetching emails for: Atmosfera Studio SPA Izabela Kielich
2026-02-09 13:43:37,370 | INFO | Fetching emails from website: https://www.firmy.net/gabinety-kosmetyczne/atmosferaspa,WCGT4.html
2026-02-09 13:43:37,595 | INFO | Found 0 unique email addresses.
2026-02-09 13:43:38,618 | INFO | [23/33] Fetching emails for: DERMIKA Salon SPA
2026-02-09 13:43:38,618 | INFO | Fetching emails from website: https://www.firmy.net/salony-pieknosci/dermika,YFBXF.html
2026-02-09 13:43:38,852 | INFO | Found 0 unique email addresses.
2026-02-09 13:43:40,088 | INFO | [24/33] Fetching emails for: Alan - Sauny, Łaźnie, Kominki
2026-02-09 13:43:40,088 | INFO | Fetching emails from website: https://www.firmy.net/odnowa-biologiczna-i-spa/alan,9QGD.html
2026-02-09 13:43:40,297 | INFO | Found 0 unique email addresses.
2026-02-09 13:43:41,754 | INFO | [25/33] Fetching emails for: Piechocińska Joanna Centrum Kondycji i Urody
2026-02-09 13:43:41,755 | INFO | Fetching emails from website: https://www.firmy.net/odnowa-biologiczna-i-spa/odchudzanie,9VHNG.html
2026-02-09 13:43:41,988 | INFO | Found 0 unique email addresses.
2026-02-09 13:43:43,087 | INFO | [26/33] Fetching emails for: Studio Nicoll Gabinet Odnowy Biologicznej
2026-02-09 13:43:43,088 | INFO | Fetching emails from website: https://www.firmy.net/odnowa-biologiczna-i-spa/studio-nicoll,96SMC.html
2026-02-09 13:43:43,311 | INFO | Found 0 unique email addresses.
2026-02-09 13:43:44,459 | INFO | [27/33] Fetching emails for: Namaste Praktyka Jogi
2026-02-09 13:43:44,459 | INFO | Fetching emails from website: https://www.firmy.net/odnowa-biologiczna-i-spa/praktyka-jogi,Q5R2R.html
2026-02-09 13:43:44,674 | INFO | Found 0 unique email addresses.
2026-02-09 13:43:46,466 | INFO | [28/33] Fetching emails for: Landeck - Inspa
2026-02-09 13:43:46,466 | INFO | Fetching emails from website: https://www.firmy.net/odnowa-biologiczna-i-spa/inspa,W21PH.html
2026-02-09 13:43:46,672 | INFO | Found 0 unique email addresses.
2026-02-09 13:43:48,068 | INFO | [29/33] Fetching emails for: Solarium Sunrise Studio
2026-02-09 13:43:48,068 | INFO | Fetching emails from website: https://www.firmy.net/odnowa-biologiczna-i-spa/sunrise-studio,WGYYR.html
2026-02-09 13:43:48,279 | INFO | Found 0 unique email addresses.
2026-02-09 13:43:50,174 | INFO | [30/33] Fetching emails for: SPA System
2026-02-09 13:43:50,175 | INFO | Fetching emails from website: https://www.firmy.net/wyposazenie-lazienki/spa-system,WG8KM.html
2026-02-09 13:43:50,378 | INFO | Found 0 unique email addresses.
2026-02-09 13:43:51,501 | INFO | [31/33] Fetching emails for: Wellness & SPA Hotel Monopol
2026-02-09 13:43:51,501 | INFO | Fetching emails from website: https://www.firmy.net/odnowa-biologiczna-i-spa/wellness-spa,W8S13.html
2026-02-09 13:43:51,707 | INFO | Found 0 unique email addresses.
2026-02-09 13:43:53,006 | INFO | [32/33] Fetching emails for: SpaBiznes Consulting
2026-02-09 13:43:53,006 | INFO | Fetching emails from website: https://www.firmy.net/odnowa-biologiczna-i-spa/spabiznes,WK2GH.html
2026-02-09 13:43:53,219 | INFO | Found 0 unique email addresses.
2026-02-09 13:43:54,804 | INFO | [33/33] Fetching emails for: FISH Marta SPA
2026-02-09 13:43:54,804 | INFO | Fetching emails from website: https://www.firmy.net/odnowa-biologiczna-i-spa/fish-spa,W19XQ.html
2026-02-09 13:43:55,003 | INFO | Found 0 unique email addresses.
2026-02-09 13:55:04,847 | INFO | Saved 46 records to new_02.xlsx
