2026-02-09 12:23:31,685 | INFO | Log file: logs\spa_wrocaw_20260209_122331.log
2026-02-09 12:23:31,687 | INFO | === Fetching data from Panorama Firm ===
2026-02-09 12:23:31,687 | INFO | Scraping data from Panorama Firm for: spa in Wrocław
2026-02-09 12:23:31,687 | INFO | Fetching page 1 from Panorama Firm...
2026-02-09 12:23:32,538 | INFO | No more results found on page 1
2026-02-09 12:23:32,539 | INFO | === Fetching data from PKT.pl ===
2026-02-09 12:23:32,539 | INFO | Scraping data from PKT.pl for: spa in Wrocław
2026-02-09 12:23:32,539 | INFO | Fetching page 1 from PKT.pl...
2026-02-09 12:23:33,075 | INFO | No more results found on page 1
2026-02-09 12:23:33,075 | INFO | === Fetching data from Booksy ===
2026-02-09 12:23:36,539 | INFO | Booksy: could not resolve city slug for 'Wrocław'.
2026-02-09 12:23:36,539 | INFO | === Fetching data from SPAeden rankings ===
2026-02-09 12:23:37,156 | INFO | SPAeden: extracted 13 ranking entries
2026-02-09 12:23:37,157 | INFO | === Fetching data from Fresha ===
2026-02-09 12:23:37,442 | WARNING | Fresha: error fetching https://www.fresha.com/lp/en/bt/spas/in/pl-wrocaw: 404 Client Error: Not Found for url: https://www.fresha.com/lp/en/bt/spas/in/pl-wrocaw
2026-02-09 12:23:37,442 | INFO | === Fetching data from Moment.pl ===
2026-02-09 12:23:37,442 | INFO | Moment.pl redirects to Booksy; reusing Booksy results.
2026-02-09 12:23:40,465 | INFO | Booksy: could not resolve city slug for 'Wrocław'.
2026-02-09 12:23:40,465 | INFO | === Fetching data from Cylex ===
2026-02-09 12:23:44,838 | WARNING | Headless fetch failed for https://www.cylex-polska.pl/firmy/?q=spa+Wroc%C5%82aw: Message: session not created: cannot connect to chrome at 127.0.0.1:50506
from session not created: This version of ChromeDriver only supports Chrome version 145
Current browser version is 144.0.7559.133
Stacktrace:
Symbols not available. Dumping unresolved backtrace:
	0x96f393
	0x96f3d4
	0x762090
	0x79d732
	0x79c76c
	0x792845
	0x792666
	0x7dae7f
	0x7da697
	0x7cebb6
	0x7a0319
	0x7a10d4
	0xbc3de4
	0xbbf0e9
	0xbdc080
	0x9880a8
	0x98fdfd
	0x977bc8
	0x977d92
	0x96189a
	0x768b5d49
	0x77aad5db
	0x77aad561

2026-02-09 12:23:44,838 | WARNING | Fetch error https://www.cylex-polska.pl/firmy/?q=spa+Wroc%C5%82aw: 403 Client Error: Forbidden for url: https://www.cylex-polska.pl/firmy/?q=spa+Wroc%C5%82aw
2026-02-09 12:23:48,788 | WARNING | Headless fetch failed for https://www.cylex-polska.pl/firmy?q=spa+Wroc%C5%82aw: Message: session not created: cannot connect to chrome at 127.0.0.1:57023
from session not created: This version of ChromeDriver only supports Chrome version 145
Current browser version is 144.0.7559.133
Stacktrace:
Symbols not available. Dumping unresolved backtrace:
	0xcff393
	0xcff3d4
	0xaf2090
	0xb2d732
	0xb2c76c
	0xb22845
	0xb22666
	0xb6ae7f
	0xb6a697
	0xb5ebb6
	0xb30319
	0xb310d4
	0xf53de4
	0xf4f0e9
	0xf6c080
	0xd180a8
	0xd1fdfd
	0xd07bc8
	0xd07d92
	0xcf189a
	0x768b5d49
	0x77aad5db
	0x77aad561

2026-02-09 12:23:48,789 | WARNING | Fetch error https://www.cylex-polska.pl/firmy?q=spa+Wroc%C5%82aw: 403 Client Error: Forbidden for url: https://www.cylex-polska.pl/firmy?q=spa+Wroc%C5%82aw
2026-02-09 12:23:52,965 | WARNING | Headless fetch failed for https://www.cylex-polska.pl/spa.html: Message: session not created: cannot connect to chrome at 127.0.0.1:58626
from session not created: This version of ChromeDriver only supports Chrome version 145
Current browser version is 144.0.7559.133
Stacktrace:
Symbols not available. Dumping unresolved backtrace:
	0x9df393
	0x9df3d4
	0x7d2090
	0x80d732
	0x80c76c
	0x802845
	0x802666
	0x84ae7f
	0x84a697
	0x83ebb6
	0x810319
	0x8110d4
	0xc33de4
	0xc2f0e9
	0xc4c080
	0x9f80a8
	0x9ffdfd
	0x9e7bc8
	0x9e7d92
	0x9d189a
	0x768b5d49
	0x77aad5db
	0x77aad561

2026-02-09 12:23:52,966 | WARNING | Fetch error https://www.cylex-polska.pl/spa.html: 403 Client Error: Forbidden for url: https://www.cylex-polska.pl/spa.html
2026-02-09 12:23:57,105 | WARNING | Headless fetch failed for https://www.cylex-polska.pl/wrocaw/?q=spa+Wroc%C5%82aw: Message: session not created: cannot connect to chrome at 127.0.0.1:64044
from session not created: This version of ChromeDriver only supports Chrome version 145
Current browser version is 144.0.7559.133
Stacktrace:
Symbols not available. Dumping unresolved backtrace:
	0x6ff393
	0x6ff3d4
	0x4f2090
	0x52d732
	0x52c76c
	0x522845
	0x522666
	0x56ae7f
	0x56a697
	0x55ebb6
	0x530319
	0x5310d4
	0x953de4
	0x94f0e9
	0x96c080
	0x7180a8
	0x71fdfd
	0x707bc8
	0x707d92
	0x6f189a
	0x768b5d49
	0x77aad5db
	0x77aad561

2026-02-09 12:23:57,106 | WARNING | Fetch error https://www.cylex-polska.pl/wrocaw/?q=spa+Wroc%C5%82aw: 403 Client Error: Forbidden for url: https://www.cylex-polska.pl/wrocaw/?q=spa+Wroc%C5%82aw
2026-02-09 12:24:01,129 | WARNING | Headless fetch failed for https://www.cylex-polska.pl/wrocaw/: Message: session not created: cannot connect to chrome at 127.0.0.1:63232
from session not created: This version of ChromeDriver only supports Chrome version 145
Current browser version is 144.0.7559.133
Stacktrace:
Symbols not available. Dumping unresolved backtrace:
	0xfef393
	0xfef3d4
	0xde2090
	0xe1d732
	0xe1c76c
	0xe12845
	0xe12666
	0xe5ae7f
	0xe5a697
	0xe4ebb6
	0xe20319
	0xe210d4
	0x1243de4
	0x123f0e9
	0x125c080
	0x10080a8
	0x100fdfd
	0xff7bc8
	0xff7d92
	0xfe189a
	0x768b5d49
	0x77aad5db
	0x77aad561

2026-02-09 12:24:01,130 | WARNING | Fetch error https://www.cylex-polska.pl/wrocaw/: 403 Client Error: Forbidden for url: https://www.cylex-polska.pl/wrocaw/
2026-02-09 12:24:01,130 | INFO | === Fetching data from Oferteo ===
2026-02-09 12:24:01,389 | WARNING | Oferteo: error fetching https://www.oferteo.pl/salony-spa/wrocaw: 404 Client Error: 404 for url: https://www.oferteo.pl/salony-spa/wrocaw
2026-02-09 12:24:01,478 | WARNING | Oferteo: error fetching https://www.oferteo.pl/spa/wrocaw: 404 Client Error: 404 for url: https://www.oferteo.pl/spa/wrocaw
2026-02-09 12:24:01,567 | WARNING | Oferteo: error fetching https://www.oferteo.pl/firmy/wrocaw?q=spa: 404 Client Error: 404 for url: https://www.oferteo.pl/firmy/wrocaw?q=spa
2026-02-09 12:24:01,568 | INFO | === Fetching data from Firmy.net ===
2026-02-09 12:24:05,308 | INFO | Firmy.net: collected 12 profiles
2026-02-09 12:24:05,308 | INFO | === Fetching data from BiznesFinder ===
2026-02-09 12:24:07,247 | INFO | BiznesFinder: collected 0 profiles
2026-02-09 12:24:07,247 | INFO | === Fetching data from Fixly ===
2026-02-09 12:24:11,571 | WARNING | Headless fetch failed for https://fixly.pl/kategoria/spa/wrocaw: Message: session not created: cannot connect to chrome at 127.0.0.1:57056
from session not created: This version of ChromeDriver only supports Chrome version 145
Current browser version is 144.0.7559.133
Stacktrace:
Symbols not available. Dumping unresolved backtrace:
	0x113f393
	0x113f3d4
	0xf32090
	0xf6d732
	0xf6c76c
	0xf62845
	0xf62666
	0xfaae7f
	0xfaa697
	0xf9ebb6
	0xf70319
	0xf710d4
	0x1393de4
	0x138f0e9
	0x13ac080
	0x11580a8
	0x115fdfd
	0x1147bc8
	0x1147d92
	0x113189a
	0x768b5d49
	0x77aad5db
	0x77aad561

2026-02-09 12:24:11,572 | INFO | Fixly: no listings found on https://fixly.pl/kategoria/spa/wrocaw
2026-02-09 12:24:11,572 | INFO | === Fetching data from Google Places API ===
2026-02-09 12:24:11,769 | ERROR | API Error: REQUEST_DENIED - The provided API key is invalid.
2026-02-09 12:24:11,769 | INFO | No results found in Google Places.
2026-02-09 12:24:11,770 | INFO | After deduplication, we have 25 unique businesses.
2026-02-09 12:24:11,770 | INFO | === Fetching emails from websites ===
2026-02-09 12:24:11,771 | INFO | Found 12 businesses with website addresses.
2026-02-09 12:24:11,771 | INFO | [1/12] Fetching emails for: Atmosfera Studio SPA Izabela Kielich
2026-02-09 12:24:11,771 | INFO | Fetching emails from website: https://laser-delux.firmy.net/
2026-02-09 12:24:12,406 | INFO | Found 0 unique email addresses.
2026-02-09 12:24:14,357 | INFO | [2/12] Fetching emails for: DERMIKA Salon SPA
2026-02-09 12:24:14,357 | INFO | Fetching emails from website: https://laser-delux.firmy.net/
2026-02-09 12:24:14,753 | INFO | Found 0 unique email addresses.
2026-02-09 12:24:16,662 | INFO | [3/12] Fetching emails for: Alan - Sauny, Łaźnie, Kominki
2026-02-09 12:24:16,662 | INFO | Fetching emails from website: https://cosmeo.firmy.net/
2026-02-09 12:24:17,279 | INFO | Found 0 unique email addresses.
2026-02-09 12:24:19,121 | INFO | [4/12] Fetching emails for: Piechocińska Joanna Centrum Kondycji i Urody
2026-02-09 12:24:19,122 | INFO | Fetching emails from website: https://cosmeo.firmy.net/
2026-02-09 12:24:19,479 | INFO | Found 0 unique email addresses.
2026-02-09 12:24:20,973 | INFO | [5/12] Fetching emails for: Studio Nicoll Gabinet Odnowy Biologicznej
2026-02-09 12:24:20,974 | INFO | Fetching emails from website: https://cosmeo.firmy.net/
2026-02-09 12:24:21,337 | INFO | Found 0 unique email addresses.
2026-02-09 12:24:22,672 | INFO | [6/12] Fetching emails for: Namaste Praktyka Jogi
2026-02-09 12:24:22,673 | INFO | Fetching emails from website: https://cosmeo.firmy.net/
2026-02-09 12:24:23,028 | INFO | Found 0 unique email addresses.
2026-02-09 12:24:24,491 | INFO | [7/12] Fetching emails for: Landeck - Inspa
2026-02-09 12:24:24,491 | INFO | Fetching emails from website: https://cosmeo.firmy.net/
2026-02-09 12:24:24,853 | INFO | Found 0 unique email addresses.
2026-02-09 12:24:26,234 | INFO | [8/12] Fetching emails for: Solarium Sunrise Studio
2026-02-09 12:24:26,235 | INFO | Fetching emails from website: https://cosmeo.firmy.net/
2026-02-09 12:24:26,590 | INFO | Found 0 unique email addresses.
2026-02-09 12:24:28,306 | INFO | [9/12] Fetching emails for: SPA System
2026-02-09 12:24:28,307 | INFO | Fetching emails from website: https://elendo-sycow.firmy.net/
2026-02-09 12:24:28,941 | INFO | Found 0 unique email addresses.
2026-02-09 12:24:30,670 | INFO | [10/12] Fetching emails for: Wellness & SPA Hotel Monopol
2026-02-09 12:24:30,670 | INFO | Fetching emails from website: https://cosmeo.firmy.net/
2026-02-09 12:24:31,308 | INFO | Found 0 unique email addresses.
2026-02-09 12:24:32,536 | INFO | [11/12] Fetching emails for: SpaBiznes Consulting
2026-02-09 12:24:32,537 | INFO | Fetching emails from website: https://cosmeo.firmy.net/
2026-02-09 12:24:32,871 | INFO | Found 0 unique email addresses.
2026-02-09 12:24:34,249 | INFO | [12/12] Fetching emails for: FISH Marta SPA
2026-02-09 12:24:34,250 | INFO | Fetching emails from website: https://cosmeo.firmy.net/
2026-02-09 12:24:34,617 | INFO | Found 0 unique email addresses.
2026-02-09 12:26:18,646 | INFO | Saved 25 records to spa_wrocaw.xlsx
