2026-02-09 13:08:47,686 | INFO | Log file: logs\spa_wroclaw_20260209_130847.log
2026-02-09 13:08:47,688 | INFO | === Fetching data from Panorama Firm ===
2026-02-09 13:08:47,688 | INFO | Scraping data from Panorama Firm for: spa in Wrocław
2026-02-09 13:08:47,688 | INFO | Fetching page 1 from Panorama Firm...
2026-02-09 13:08:48,578 | INFO | No more results found on page 1
2026-02-09 13:08:48,579 | INFO | === Fetching data from PKT.pl ===
2026-02-09 13:08:48,579 | INFO | Scraping data from PKT.pl for: spa in Wrocław
2026-02-09 13:08:48,579 | INFO | Fetching page 1 from PKT.pl...
2026-02-09 13:08:49,230 | INFO | No more results found on page 1
2026-02-09 13:08:49,230 | INFO | === Fetching data from Booksy ===
2026-02-09 13:08:51,998 | INFO | Booksy: could not resolve city slug for 'Wrocław'.
2026-02-09 13:08:51,998 | INFO | === Fetching data from SPAeden rankings ===
2026-02-09 13:08:52,575 | INFO | SPAeden: extracted 13 ranking entries
2026-02-09 13:08:52,575 | INFO | === Fetching data from Fresha ===
2026-02-09 13:08:52,940 | WARNING | Fresha: error fetching https://www.fresha.com/lp/en/bt/spas/in/pl-wroclaw: 404 Client Error: Not Found for url: https://www.fresha.com/lp/en/bt/spas/in/pl-wroclaw
2026-02-09 13:08:52,941 | INFO | === Fetching data from Moment.pl ===
2026-02-09 13:08:52,941 | INFO | Moment.pl redirects to Booksy; reusing Booksy results.
2026-02-09 13:08:56,140 | INFO | Booksy: could not resolve city slug for 'Wrocław'.
2026-02-09 13:08:56,140 | INFO | === Fetching data from Cylex ===
2026-02-09 13:09:04,297 | WARNING | Cylex: Cloudflare block detected for https://www.cylex-polska.pl/firmy/?q=spa+Wroc%C5%82aw
2026-02-09 13:09:11,883 | WARNING | Cylex: Cloudflare block detected for https://www.cylex-polska.pl/firmy?q=spa+Wroc%C5%82aw
2026-02-09 13:09:19,427 | WARNING | Cylex: Cloudflare block detected for https://www.cylex-polska.pl/spa.html
2026-02-09 13:09:26,965 | WARNING | Cylex: Cloudflare block detected for https://www.cylex-polska.pl/wroclaw/?q=spa+Wroc%C5%82aw
2026-02-09 13:09:34,630 | WARNING | Cylex: Cloudflare block detected for https://www.cylex-polska.pl/wroclaw/
2026-02-09 13:09:34,630 | INFO | === Fetching data from Oferteo ===
2026-02-09 13:09:34,969 | WARNING | Oferteo: error fetching https://www.oferteo.pl/salony-spa/wroclaw: 404 Client Error: 404 for url: https://www.oferteo.pl/salony-spa/wroclaw
2026-02-09 13:09:35,060 | WARNING | Oferteo: error fetching https://www.oferteo.pl/spa/wroclaw: 404 Client Error: 404 for url: https://www.oferteo.pl/spa/wroclaw
2026-02-09 13:09:52,686 | INFO | Oferteo: collected 0 profiles from https://www.oferteo.pl/firmy/wroclaw?q=spa
2026-02-09 13:09:55,311 | INFO | Oferteo: collected 0 profiles from https://www.oferteo.pl/firmy/wroclaw?q=spa&page=2
2026-02-09 13:09:57,913 | INFO | Oferteo: collected 0 profiles from https://www.oferteo.pl/firmy/wroclaw?q=spa&page=3
2026-02-09 13:09:59,056 | INFO | === Fetching data from Firmy.net ===
2026-02-09 13:10:02,849 | INFO | Firmy.net: collected 13 profiles
2026-02-09 13:10:02,849 | INFO | === Fetching data from BiznesFinder ===
2026-02-09 13:10:04,769 | INFO | BiznesFinder: collected 0 profiles
2026-02-09 13:10:04,770 | INFO | === Fetching data from Fixly ===
2026-02-09 13:10:14,734 | INFO | Fixly: no listings found on https://fixly.pl/kategoria/spa/wroclaw
2026-02-09 13:10:14,735 | INFO | === Fetching data from Google Places API ===
2026-02-09 13:10:14,904 | ERROR | API Error: REQUEST_DENIED - The provided API key is invalid.
2026-02-09 13:10:14,905 | INFO | No results found in Google Places.
2026-02-09 13:10:14,906 | INFO | After deduplication, we have 26 unique businesses.
2026-02-09 13:10:14,906 | INFO | === Fetching emails from websites ===
2026-02-09 13:10:14,906 | INFO | Found 13 businesses with website addresses.
2026-02-09 13:10:14,906 | INFO | [1/13] Fetching emails for: Słoneczko Gabinet Odnowy Biologicznej
2026-02-09 13:10:14,907 | INFO | Fetching emails from website: https://www.firmy.net/odnowa-biologiczna-i-spa/sloneczko,9P6MX.html
2026-02-09 13:10:15,154 | INFO | Found 0 unique email addresses.
2026-02-09 13:10:16,207 | INFO | [2/13] Fetching emails for: Atmosfera Studio SPA Izabela Kielich
2026-02-09 13:10:16,207 | INFO | Fetching emails from website: https://www.firmy.net/gabinety-kosmetyczne/atmosferaspa,WCGT4.html
2026-02-09 13:10:16,427 | INFO | Found 0 unique email addresses.
2026-02-09 13:10:18,228 | INFO | [3/13] Fetching emails for: DERMIKA Salon SPA
2026-02-09 13:10:18,228 | INFO | Fetching emails from website: https://www.firmy.net/salony-pieknosci/dermika,YFBXF.html
2026-02-09 13:10:18,459 | INFO | Found 0 unique email addresses.
2026-02-09 13:10:20,171 | INFO | [4/13] Fetching emails for: Alan - Sauny, Łaźnie, Kominki
2026-02-09 13:10:20,172 | INFO | Fetching emails from website: https://www.firmy.net/odnowa-biologiczna-i-spa/alan,9QGD.html
2026-02-09 13:10:20,394 | INFO | Found 0 unique email addresses.
2026-02-09 13:10:22,092 | INFO | [5/13] Fetching emails for: Piechocińska Joanna Centrum Kondycji i Urody
2026-02-09 13:10:22,093 | INFO | Fetching emails from website: https://www.firmy.net/odnowa-biologiczna-i-spa/odchudzanie,9VHNG.html
2026-02-09 13:10:22,287 | INFO | Found 0 unique email addresses.
2026-02-09 13:10:24,028 | INFO | [6/13] Fetching emails for: Studio Nicoll Gabinet Odnowy Biologicznej
2026-02-09 13:10:24,028 | INFO | Fetching emails from website: https://www.firmy.net/odnowa-biologiczna-i-spa/studio-nicoll,96SMC.html
2026-02-09 13:10:24,250 | INFO | Found 0 unique email addresses.
2026-02-09 13:10:25,587 | INFO | [7/13] Fetching emails for: Namaste Praktyka Jogi
2026-02-09 13:10:25,588 | INFO | Fetching emails from website: https://www.firmy.net/odnowa-biologiczna-i-spa/praktyka-jogi,Q5R2R.html
2026-02-09 13:10:25,795 | INFO | Found 0 unique email addresses.
2026-02-09 13:10:27,701 | INFO | [8/13] Fetching emails for: Landeck - Inspa
2026-02-09 13:10:27,701 | INFO | Fetching emails from website: https://www.firmy.net/odnowa-biologiczna-i-spa/inspa,W21PH.html
2026-02-09 13:10:27,940 | INFO | Found 0 unique email addresses.
2026-02-09 13:10:29,875 | INFO | [9/13] Fetching emails for: Solarium Sunrise Studio
2026-02-09 13:10:29,875 | INFO | Fetching emails from website: https://www.firmy.net/odnowa-biologiczna-i-spa/sunrise-studio,WGYYR.html
2026-02-09 13:10:30,084 | INFO | Found 0 unique email addresses.
2026-02-09 13:10:31,140 | INFO | [10/13] Fetching emails for: SPA System
2026-02-09 13:10:31,140 | INFO | Fetching emails from website: https://www.firmy.net/wyposazenie-lazienki/spa-system,WG8KM.html
2026-02-09 13:10:31,348 | INFO | Found 0 unique email addresses.
2026-02-09 13:10:32,499 | INFO | [11/13] Fetching emails for: Wellness & SPA Hotel Monopol
2026-02-09 13:10:32,499 | INFO | Fetching emails from website: https://www.firmy.net/odnowa-biologiczna-i-spa/wellness-spa,W8S13.html
2026-02-09 13:10:32,741 | INFO | Found 0 unique email addresses.
2026-02-09 13:10:34,631 | INFO | [12/13] Fetching emails for: SpaBiznes Consulting
2026-02-09 13:10:34,631 | INFO | Fetching emails from website: https://www.firmy.net/odnowa-biologiczna-i-spa/spabiznes,WK2GH.html
2026-02-09 13:10:34,846 | INFO | Found 0 unique email addresses.
2026-02-09 13:10:36,691 | INFO | [13/13] Fetching emails for: FISH Marta SPA
2026-02-09 13:10:36,691 | INFO | Fetching emails from website: https://www.firmy.net/odnowa-biologiczna-i-spa/fish-spa,W19XQ.html
2026-02-09 13:10:36,887 | INFO | Found 0 unique email addresses.
2026-02-09 13:10:59,854 | INFO | Saved 26 records to wroclaw.xlsx
